******************************************************************************
                  TI ARM Linker Unix v5.2.2                    
******************************************************************************
>> Linked Wed Jun  3 14:37:55 2015

OUTPUT FILE NAME:   <UltrasonicSensor.out>
ENTRY POINT SYMBOL: "_c_int00"  address: 000022b9


MEMORY CONFIGURATION

         name            origin    length      used     unused   attr    fill
----------------------  --------  ---------  --------  --------  ----  --------
  MAIN                  00000000   00040000  000025b8  0003da48  R  X
  INFO                  00200000   00004000  00000000  00004000  R  X
  SRAM_CODE             01000000   00010000  00000000  00010000  RW X
  SRAM_DATA             20000000   00010000  0000e745  000018bb  RW  


SEGMENT ALLOCATION MAP

run origin  load origin   length   init length attrs members
----------  ----------- ---------- ----------- ----- -------
00000000    00000000    000025b8   000025b8    r-x
  00000000    00000000    00000144   00000144    r-- .intvecs
  00000144    00000144    00002424   00002424    r-x .text
  00002568    00002568    00000010   00000010    r-- .const
  00002578    00002578    00000040   00000040    r-- .cinit
20000000    20000000    0000d748   00000000    rw-
  20000000    20000000    0000d6d8   00000000    rw- .sysmem
  2000d6d8    2000d6d8    0000004d   00000000    rw- .bss
  2000d728    2000d728    00000020   00000000    rw- .data
2000f000    2000f000    00001000   00000000    rw-
  2000f000    2000f000    00001000   00000000    rw- .stack


SECTION ALLOCATION MAP

 output                                  attributes/
section   page    origin      length       input sections
--------  ----  ----------  ----------   ----------------
.intvecs   0    00000000    00000144     
                  00000000    00000144     msp432_startup_ccs.obj (.intvecs)

.text      0    00000144    00002424     
                  00000144    0000060c     uart.obj (.text)
                  00000750    000005f8     i2c.obj (.text)
                  00000d48    000004c8     compute.obj (.text)
                  00001210    000004b0     main.obj (.text)
                  000016c0    000003dc     rtsv7M4_T_le_v4SPD16_eabi.lib : memory.obj (.text)
                  00001a9c    000001b6                                   : fd_add_t2.obj (.text)
                  00001c52    00000136                                   : fd_div_t2.obj (.text)
                  00001d88    00000108     adc.obj (.text)
                  00001e90    000000f0     gpio.obj (.text)
                  00001f80    000000c4     timer.obj (.text)
                  00002044    0000009c     rtsv7M4_T_le_v4SPD16_eabi.lib : memcpy_t2.obj (.text)
                  000020e0    00000086                                   : fd_cmp_t2.obj (.text:__aeabi_cdrcmple)
                  00002166    0000007a                                   : memset_t2.obj (.text)
                  000021e0    0000006c                                   : autoinit.obj (.text)
                  0000224c    0000006a                                   : copy_decompress_rle.obj (.text)
                  000022b6    00000002     --HOLE-- [fill = 0]
                  000022b8    00000050                                   : boot.obj (.text)
                  00002308    0000004c                                   : cpy_tbl.obj (.text)
                  00002354    0000004a                                   : fd_tos_t2.obj (.text)
                  0000239e    00000002     --HOLE-- [fill = 0]
                  000023a0    00000044                                   : exit.obj (.text)
                  000023e4    00000044                                   : fd_tou_t2.obj (.text)
                  00002428    00000038                                   : fs_tod_t2.obj (.text)
                  00002460    00000034     clock.obj (.text)
                  00002494    0000002a     essential.obj (.text)
                  000024be    00000020     rtsv7M4_T_le_v4SPD16_eabi.lib : u_tofd_t2.obj (.text)
                  000024de    00000002     --HOLE-- [fill = 0]
                  000024e0    00000018                                   : args_main.obj (.text)
                  000024f8    00000018                                   : strcmp.obj (.text)
                  00002510    00000014                                   : _lock.obj (.text)
                  00002524    00000014                                   : strcpy.obj (.text)
                  00002538    0000000e                                   : copy_decompress_none.obj (.text:decompress:none)
                  00002546    0000000c                                   : copy_zero_init.obj (.text:decompress:ZI)
                  00002552    0000000c     msp432_startup_ccs.obj (.text)
                  0000255e    00000006     rtsv7M4_T_le_v4SPD16_eabi.lib : copy_decompress_rle.obj (.text:decompress:rle24)
                  00002564    00000004                                   : pre_init.obj (.text)

.const     0    00002568    00000010     
                  00002568    00000010     i2c.obj (.const)

.cinit     0    00002578    00000040     
                  00002578    00000019     (.cinit..data.load) [load image, compression = rle]
                  00002591    00000003     --HOLE-- [fill = 0]
                  00002594    0000000c     (__TI_handler_table)
                  000025a0    00000008     (.cinit..bss.load) [load image, compression = zero_init]
                  000025a8    00000010     (__TI_cinit_table)

.sysmem    0    20000000    0000d6d8     UNINITIALIZED
                  20000000    00000008     rtsv7M4_T_le_v4SPD16_eabi.lib : memory.obj (.sysmem)
                  20000008    0000d6d0     --HOLE--

.bss       0    2000d6d8    0000004d     UNINITIALIZED
                  2000d6d8    00000014     (.common:cmd)
                  2000d6ec    0000000c     (.common:str)
                  2000d6f8    00000008     (.common:pattern)
                  2000d700    00000004     (.common:TXData)
                  2000d704    00000004     (.common:data)
                  2000d708    00000004     (.common:temp)
                  2000d70c    00000002     (.common:Ncyc)
                  2000d70e    00000002     (.common:VEC)
                  2000d710    00000002     (.common:ctr)
                  2000d712    00000002     (.common:distance)
                  2000d714    00000002     (.common:ignore)
                  2000d716    00000002     (.common:prev)
                  2000d718    00000002     (.common:totCyc)
                  2000d71a    00000001     (.common:TXByteCtr)
                  2000d71b    00000001     (.common:automatic)
                  2000d71c    00000001     (.common:cmdPtr)
                  2000d71d    00000001     (.common:cycles)
                  2000d71e    00000001     (.common:first)
                  2000d71f    00000001     (.common:flag)
                  2000d720    00000001     (.common:initialise)
                  2000d721    00000001     (.common:nPat)
                  2000d722    00000001     (.common:reader)
                  2000d723    00000001     (.common:recording)
                  2000d724    00000001     (.common:txr)

.TI.noinit 
*          0    2000d6d8    00000000     UNINITIALIZED

.data      0    2000d728    00000020     UNINITIALIZED
                  2000d728    0000000c     rtsv7M4_T_le_v4SPD16_eabi.lib : memory.obj (.data)
                  2000d734    00000008                                   : _lock.obj (.data)
                  2000d73c    00000008                                   : exit.obj (.data)
                  2000d744    00000004                                   : stkdepth_vars.obj (.data)

.TI.persistent 
*          0    2000d728    00000000     UNINITIALIZED

.stack     0    2000f000    00001000     UNINITIALIZED
                  2000f000    00001000     --HOLE--


LINKER GENERATED COPY TABLES

__TI_cinit_table @ 000025a8 records: 2, size/record: 8, table size: 16
	.data: load addr=00002578, load size=00000019 bytes, run addr=2000d728, run size=00000020 bytes, compression=rle
	.bss: load addr=000025a0, load size=00000008 bytes, run addr=2000d6d8, run size=0000004d bytes, compression=zero_init


LINKER GENERATED HANDLER TABLE

__TI_handler_table @ 00002594 records: 3, size/record: 4, table size: 12
	index: 0, handler: __TI_decompress_rle24
	index: 1, handler: __TI_decompress_none
	index: 2, handler: __TI_zero_init


GLOBAL SYMBOLS: SORTED ALPHABETICALLY BY Name 

address   name                    
-------   ----                    
00001dff  ADC14ISRHandler         
000023a1  C$$EXIT                 
2000d70c  Ncyc                    
0000256c  R                       
0000256d  R1                      
0000256e  R2                      
0000256f  R3                      
UNDEFED   SHT$$INIT_ARRAY$$Base   
UNDEFED   SHT$$INIT_ARRAY$$Limit  
2000d71a  TXByteCtr               
2000d700  TXData                  
00001fb7  TimerA0_0IsrHandler     
00002568  VDD                     
2000d70e  VEC                     
4000480c  WDTCTL_SYM              
20010000  __STACK_END             
00001000  __STACK_SIZE            
0000d6d8  __SYSMEM_SIZE           
000025a8  __TI_CINIT_Base         
000025b8  __TI_CINIT_Limit        
00002594  __TI_Handler_Table_Base 
000025a0  __TI_Handler_Table_Limit
000021e1  __TI_auto_init          
2000d73c  __TI_cleanup_ptr        
00002539  __TI_decompress_none    
0000255f  __TI_decompress_rle24   
2000d740  __TI_dtors_ptr          
00000000  __TI_static_base__      
00002547  __TI_zero_init          
000020e1  __aeabi_cdrcmple        
00002355  __aeabi_d2f             
000023e5  __aeabi_d2uiz           
00001aa7  __aeabi_dadd            
00001c53  __aeabi_ddiv            
00001a9d  __aeabi_dsub            
00002429  __aeabi_f2d             
00002167  __aeabi_memclr          
00002167  __aeabi_memclr4         
00002167  __aeabi_memclr8         
00002045  __aeabi_memcpy          
00002045  __aeabi_memcpy4         
00002045  __aeabi_memcpy8         
00002169  __aeabi_memset          
00002169  __aeabi_memset4         
00002169  __aeabi_memset8         
000024bf  __aeabi_ui2d            
ffffffff  __binit__               
ffffffff  __c_args__              
2000f000  __stack                 
000024e1  _args_main              
000022b9  _c_int00                
2000d734  _lock                   
0000251f  _nop                    
00002517  _register_lock          
00002511  _register_unlock        
20000000  _sys_memory             
00002565  _system_pre_init        
2000d738  _unlock                 
000023a5  abort                   
2000d71b  automatic               
ffffffff  binit                   
00002575  boostReg                
00002576  buckReg                 
00001a69  calloc                  
00002573  clmpReg                 
2000d6d8  cmd                     
2000d71c  cmdPtr                  
00002574  cntlReg                 
00002309  copy_in                 
00000e8d  correlate               
2000d710  ctr                     
2000d71d  cycles                  
2000d704  data                    
00002495  delayMillis             
2000d712  distance                
00000601  eUSCIA0IsrHandler       
00000c61  eUSCIB1IsrHandler       
00000305  executeCmd              
000023ad  exit                    
2000d71e  first                   
2000d71f  flag                    
000017b7  free                    
00000dbb  getDistance             
2000d714  ignore                  
00001d89  initADC                 
00002461  initClock               
00001e91  initGPIO                
00000751  initI2C                 
00001f81  initTimer               
00000145  initUART                
2000d720  initialise              
000001e3  intToStr                
00000000  interruptVectors        
00002577  ldoReg                  
00001215  main                    
2000d744  main_func_sp            
0000174f  malloc                  
00001985  memalign                
00002045  memcpy                  
0000216f  memset                  
000016c1  minit                   
00000e19  movingAvg               
2000d721  nPat                    
2000d6f8  pattern                 
00002571  pot12Addr               
00002572  pot4Addr                
00002570  potVGAAddr              
2000d716  prev                    
000005a9  pushData                
2000d722  reader                  
00001879  realloc                 
00001dcf  recordData              
2000d723  recording               
000001ab  sendChar                
000001c7  sendStr                 
00000917  setBoost                
00000a41  setBuck                 
0000079b  setClmp                 
00000859  setCntl                 
00000fb3  setCycles               
0000104d  setGain                 
00000b65  setLDO                  
2000d6ec  str                     
00000263  strToInt                
000024f9  strcmp                  
00002525  strcpy                  
2000d708  temp                    
2000d718  totCyc                  
00000d49  transaction             
2000d724  txr                     
00001ef7  ultraTX                 
00001f27  waitTX                  


GLOBAL SYMBOLS: SORTED BY Symbol Address 

address   name                    
-------   ----                    
00000000  __TI_static_base__      
00000000  interruptVectors        
00000145  initUART                
000001ab  sendChar                
000001c7  sendStr                 
000001e3  intToStr                
00000263  strToInt                
00000305  executeCmd              
000005a9  pushData                
00000601  eUSCIA0IsrHandler       
00000751  initI2C                 
0000079b  setClmp                 
00000859  setCntl                 
00000917  setBoost                
00000a41  setBuck                 
00000b65  setLDO                  
00000c61  eUSCIB1IsrHandler       
00000d49  transaction             
00000dbb  getDistance             
00000e19  movingAvg               
00000e8d  correlate               
00000fb3  setCycles               
00001000  __STACK_SIZE            
0000104d  setGain                 
00001215  main                    
000016c1  minit                   
0000174f  malloc                  
000017b7  free                    
00001879  realloc                 
00001985  memalign                
00001a69  calloc                  
00001a9d  __aeabi_dsub            
00001aa7  __aeabi_dadd            
00001c53  __aeabi_ddiv            
00001d89  initADC                 
00001dcf  recordData              
00001dff  ADC14ISRHandler         
00001e91  initGPIO                
00001ef7  ultraTX                 
00001f27  waitTX                  
00001f81  initTimer               
00001fb7  TimerA0_0IsrHandler     
00002045  __aeabi_memcpy          
00002045  __aeabi_memcpy4         
00002045  __aeabi_memcpy8         
00002045  memcpy                  
000020e1  __aeabi_cdrcmple        
00002167  __aeabi_memclr          
00002167  __aeabi_memclr4         
00002167  __aeabi_memclr8         
00002169  __aeabi_memset          
00002169  __aeabi_memset4         
00002169  __aeabi_memset8         
0000216f  memset                  
000021e1  __TI_auto_init          
000022b9  _c_int00                
00002309  copy_in                 
00002355  __aeabi_d2f             
000023a1  C$$EXIT                 
000023a5  abort                   
000023ad  exit                    
000023e5  __aeabi_d2uiz           
00002429  __aeabi_f2d             
00002461  initClock               
00002495  delayMillis             
000024bf  __aeabi_ui2d            
000024e1  _args_main              
000024f9  strcmp                  
00002511  _register_unlock        
00002517  _register_lock          
0000251f  _nop                    
00002525  strcpy                  
00002539  __TI_decompress_none    
00002547  __TI_zero_init          
0000255f  __TI_decompress_rle24   
00002565  _system_pre_init        
00002568  VDD                     
0000256c  R                       
0000256d  R1                      
0000256e  R2                      
0000256f  R3                      
00002570  potVGAAddr              
00002571  pot12Addr               
00002572  pot4Addr                
00002573  clmpReg                 
00002574  cntlReg                 
00002575  boostReg                
00002576  buckReg                 
00002577  ldoReg                  
00002594  __TI_Handler_Table_Base 
000025a0  __TI_Handler_Table_Limit
000025a8  __TI_CINIT_Base         
000025b8  __TI_CINIT_Limit        
0000d6d8  __SYSMEM_SIZE           
20000000  _sys_memory             
2000d6d8  cmd                     
2000d6ec  str                     
2000d6f8  pattern                 
2000d700  TXData                  
2000d704  data                    
2000d708  temp                    
2000d70c  Ncyc                    
2000d70e  VEC                     
2000d710  ctr                     
2000d712  distance                
2000d714  ignore                  
2000d716  prev                    
2000d718  totCyc                  
2000d71a  TXByteCtr               
2000d71b  automatic               
2000d71c  cmdPtr                  
2000d71d  cycles                  
2000d71e  first                   
2000d71f  flag                    
2000d720  initialise              
2000d721  nPat                    
2000d722  reader                  
2000d723  recording               
2000d724  txr                     
2000d734  _lock                   
2000d738  _unlock                 
2000d73c  __TI_cleanup_ptr        
2000d740  __TI_dtors_ptr          
2000d744  main_func_sp            
2000f000  __stack                 
20010000  __STACK_END             
4000480c  WDTCTL_SYM              
ffffffff  __binit__               
ffffffff  __c_args__              
ffffffff  binit                   
UNDEFED   SHT$$INIT_ARRAY$$Base   
UNDEFED   SHT$$INIT_ARRAY$$Limit  

[132 symbols]
