******************************************************************************
                  TI ARM Linker Unix v5.2.2                    
******************************************************************************
>> Linked Sun May 10 18:38:05 2015

OUTPUT FILE NAME:   <UltrasonicSensor.out>
ENTRY POINT SYMBOL: "_c_int00"  address: 00000ed9


MEMORY CONFIGURATION

         name            origin    length      used     unused   attr    fill
----------------------  --------  ---------  --------  --------  ----  --------
  MAIN                  00000000   00040000  00001158  0003eea8  R  X
  INFO                  00200000   00004000  00000000  00004000  R  X
  SRAM_CODE             01000000   00010000  00000000  00010000  RW X
  SRAM_DATA             20000000   00010000  00000225  0000fddb  RW  


SEGMENT ALLOCATION MAP

run origin  load origin   length   init length attrs members
----------  ----------- ---------- ----------- ----- -------
00000000    00000000    00001158   00001158    r-x
  00000000    00000000    00000144   00000144    r-- .intvecs
  00000144    00000144    00000fcc   00000fcc    r-x .text
  00001110    00001110    00000010   00000010    r-- .const
  00001120    00001120    00000038   00000038    r-- .cinit
20000000    20000000    00000025   00000000    rw-
  20000000    20000000    00000014   00000000    rw- .data
  20000014    20000014    00000011   00000000    rw- .bss
2000fe00    2000fe00    00000200   00000000    rw-
  2000fe00    2000fe00    00000200   00000000    rw- .stack


SECTION ALLOCATION MAP

 output                                  attributes/
section   page    origin      length       input sections
--------  ----  ----------  ----------   ----------------
.intvecs   0    00000000    00000144     
                  00000000    00000144     msp432_startup_ccs.obj (.intvecs)

.text      0    00000144    00000fcc     
                  00000144    000004f8     i2c.obj (.text)
                  0000063c    000001b6     rtsv7M4_T_le_v4SPD16_eabi.lib : fd_add_t2.obj (.text)
                  000007f2    00000002     --HOLE-- [fill = 0]
                  000007f4    00000144     uart.obj (.text)
                  00000938    00000136     rtsv7M4_T_le_v4SPD16_eabi.lib : fd_div_t2.obj (.text)
                  00000a6e    00000002     --HOLE-- [fill = 0]
                  00000a70    000000ac     gpio.obj (.text)
                  00000b1c    0000009c     rtsv7M4_T_le_v4SPD16_eabi.lib : memcpy_t2.obj (.text)
                  00000bb8    0000008c     adc.obj (.text)
                  00000c44    00000086     rtsv7M4_T_le_v4SPD16_eabi.lib : fd_cmp_t2.obj (.text:__aeabi_cdrcmple)
                  00000cca    0000007a                                   : memset_t2.obj (.text)
                  00000d44    0000006c                                   : autoinit.obj (.text)
                  00000db0    0000006c     timer.obj (.text)
                  00000e1c    0000006a     rtsv7M4_T_le_v4SPD16_eabi.lib : copy_decompress_rle.obj (.text)
                  00000e86    00000002     --HOLE-- [fill = 0]
                  00000e88    00000050     main.obj (.text)
                  00000ed8    00000050     rtsv7M4_T_le_v4SPD16_eabi.lib : boot.obj (.text)
                  00000f28    0000004c                                   : cpy_tbl.obj (.text)
                  00000f74    0000004a                                   : fd_tos_t2.obj (.text)
                  00000fbe    00000002     --HOLE-- [fill = 0]
                  00000fc0    00000044                                   : exit.obj (.text)
                  00001004    00000038                                   : fs_tod_t2.obj (.text)
                  0000103c    00000034     clock.obj (.text)
                  00001070    00000020     rtsv7M4_T_le_v4SPD16_eabi.lib : u_tofd_t2.obj (.text)
                  00001090    00000018                                   : args_main.obj (.text)
                  000010a8    00000014                                   : _lock.obj (.text)
                  000010bc    00000014                                   : strcpy.obj (.text)
                  000010d0    00000010     adc.obj (.text:startConversion)
                  000010e0    0000000e     rtsv7M4_T_le_v4SPD16_eabi.lib : copy_decompress_none.obj (.text:decompress:none)
                  000010ee    0000000c                                   : copy_zero_init.obj (.text:decompress:ZI)
                  000010fa    0000000c     msp432_startup_ccs.obj (.text)
                  00001106    00000006     rtsv7M4_T_le_v4SPD16_eabi.lib : copy_decompress_rle.obj (.text:decompress:rle24)
                  0000110c    00000004                                   : pre_init.obj (.text)

.const     0    00001110    00000010     
                  00001110    00000010     i2c.obj (.const)

.cinit     0    00001120    00000038     
                  00001120    0000000f     (.cinit..data.load) [load image, compression = rle]
                  0000112f    00000001     --HOLE-- [fill = 0]
                  00001130    0000000c     (__TI_handler_table)
                  0000113c    00000004     --HOLE-- [fill = 0]
                  00001140    00000008     (.cinit..bss.load) [load image, compression = zero_init]
                  00001148    00000010     (__TI_cinit_table)

.data      0    20000000    00000014     UNINITIALIZED
                  20000000    00000008     rtsv7M4_T_le_v4SPD16_eabi.lib : _lock.obj (.data)
                  20000008    00000008                                   : exit.obj (.data)
                  20000010    00000004                                   : stkdepth_vars.obj (.data)

.bss       0    20000014    00000011     UNINITIALIZED
                  20000014    00000008     (.common:str)
                  2000001c    00000004     (.common:TXData)
                  20000020    00000004     (.common:temp)
                  20000024    00000001     (.common:TXByteCtr)

.TI.persistent 
*          0    20000000    00000000     UNINITIALIZED

.TI.noinit 
*          0    20000014    00000000     UNINITIALIZED

.stack     0    2000fe00    00000200     UNINITIALIZED
                  2000fe00    00000200     --HOLE--


LINKER GENERATED COPY TABLES

__TI_cinit_table @ 00001148 records: 2, size/record: 8, table size: 16
	.data: load addr=00001120, load size=0000000f bytes, run addr=20000000, run size=00000014 bytes, compression=rle
	.bss: load addr=00001140, load size=00000008 bytes, run addr=20000014, run size=00000011 bytes, compression=zero_init


LINKER GENERATED HANDLER TABLE

__TI_handler_table @ 00001130 records: 3, size/record: 4, table size: 12
	index: 0, handler: __TI_decompress_rle24
	index: 1, handler: __TI_decompress_none
	index: 2, handler: __TI_zero_init


GLOBAL SYMBOLS: SORTED ALPHABETICALLY BY Name 

address   name                    
-------   ----                    
00000c05  ADC14ISRHandler         
00000fc1  C$$EXIT                 
00001114  R                       
00001115  R1                      
00001116  R2                      
00001117  R3                      
UNDEFED   SHT$$INIT_ARRAY$$Base   
UNDEFED   SHT$$INIT_ARRAY$$Limit  
20000024  TXByteCtr               
2000001c  TXData                  
00000dd3  TimerA0_0IsrHandler     
00000ddf  TimerA1_0IsrHandler     
00000df1  TimerA1_NIsrHandler     
00001110  VDD                     
4000480c  WDTCTL_SYM              
20010000  __STACK_END             
00000200  __STACK_SIZE            
00001148  __TI_CINIT_Base         
00001158  __TI_CINIT_Limit        
00001130  __TI_Handler_Table_Base 
0000113c  __TI_Handler_Table_Limit
00000d45  __TI_auto_init          
20000008  __TI_cleanup_ptr        
000010e1  __TI_decompress_none    
00001107  __TI_decompress_rle24   
2000000c  __TI_dtors_ptr          
00000000  __TI_static_base__      
000010ef  __TI_zero_init          
00000c45  __aeabi_cdrcmple        
00000f75  __aeabi_d2f             
00000647  __aeabi_dadd            
00000939  __aeabi_ddiv            
0000063d  __aeabi_dsub            
00001005  __aeabi_f2d             
00000ccb  __aeabi_memclr          
00000ccb  __aeabi_memclr4         
00000ccb  __aeabi_memclr8         
00000b1d  __aeabi_memcpy          
00000b1d  __aeabi_memcpy4         
00000b1d  __aeabi_memcpy8         
00000ccd  __aeabi_memset          
00000ccd  __aeabi_memset4         
00000ccd  __aeabi_memset8         
00001071  __aeabi_ui2d            
ffffffff  __binit__               
ffffffff  __c_args__              
2000fe00  __stack                 
00001091  _args_main              
00000ed9  _c_int00                
20000000  _lock                   
000010b7  _nop                    
000010af  _register_lock          
000010a9  _register_unlock        
0000110d  _system_pre_init        
20000004  _unlock                 
00000fc5  abort                   
ffffffff  binit                   
0000111d  boostReg                
0000111e  buckReg                 
0000111b  clmpReg                 
0000111c  cntlReg                 
00000f29  copy_in                 
000008e5  eUSCIA0IsrHandler       
00000571  eUSCIB0IsrHandler       
00000fcd  exit                    
00000bb9  initADC                 
0000103d  initClock               
00000a71  initGPIO                
00000145  initI2C                 
00000db1  initTimer               
000007f5  initUART                
0000087f  intToStr                
00000000  interruptVectors        
0000111f  ldoReg                  
00000e8d  main                    
20000010  main_func_sp            
00000b1d  memcpy                  
00000cd3  memset                  
00001119  pot12Addr               
0000111a  pot4Addr                
00001118  potVGAAddr              
00000847  sendChar                
00000863  sendStr                 
000002bf  setBoost                
00000389  setBuck                 
0000018b  setClmp                 
00000225  setCntl                 
00000491  setLDO                  
000010d1  startConversion         
20000014  str                     
000010bd  strcpy                  
20000020  temp                    
00000ab9  ultraTX                 


GLOBAL SYMBOLS: SORTED BY Symbol Address 

address   name                    
-------   ----                    
00000000  __TI_static_base__      
00000000  interruptVectors        
00000145  initI2C                 
0000018b  setClmp                 
00000200  __STACK_SIZE            
00000225  setCntl                 
000002bf  setBoost                
00000389  setBuck                 
00000491  setLDO                  
00000571  eUSCIB0IsrHandler       
0000063d  __aeabi_dsub            
00000647  __aeabi_dadd            
000007f5  initUART                
00000847  sendChar                
00000863  sendStr                 
0000087f  intToStr                
000008e5  eUSCIA0IsrHandler       
00000939  __aeabi_ddiv            
00000a71  initGPIO                
00000ab9  ultraTX                 
00000b1d  __aeabi_memcpy          
00000b1d  __aeabi_memcpy4         
00000b1d  __aeabi_memcpy8         
00000b1d  memcpy                  
00000bb9  initADC                 
00000c05  ADC14ISRHandler         
00000c45  __aeabi_cdrcmple        
00000ccb  __aeabi_memclr          
00000ccb  __aeabi_memclr4         
00000ccb  __aeabi_memclr8         
00000ccd  __aeabi_memset          
00000ccd  __aeabi_memset4         
00000ccd  __aeabi_memset8         
00000cd3  memset                  
00000d45  __TI_auto_init          
00000db1  initTimer               
00000dd3  TimerA0_0IsrHandler     
00000ddf  TimerA1_0IsrHandler     
00000df1  TimerA1_NIsrHandler     
00000e8d  main                    
00000ed9  _c_int00                
00000f29  copy_in                 
00000f75  __aeabi_d2f             
00000fc1  C$$EXIT                 
00000fc5  abort                   
00000fcd  exit                    
00001005  __aeabi_f2d             
0000103d  initClock               
00001071  __aeabi_ui2d            
00001091  _args_main              
000010a9  _register_unlock        
000010af  _register_lock          
000010b7  _nop                    
000010bd  strcpy                  
000010d1  startConversion         
000010e1  __TI_decompress_none    
000010ef  __TI_zero_init          
00001107  __TI_decompress_rle24   
0000110d  _system_pre_init        
00001110  VDD                     
00001114  R                       
00001115  R1                      
00001116  R2                      
00001117  R3                      
00001118  potVGAAddr              
00001119  pot12Addr               
0000111a  pot4Addr                
0000111b  clmpReg                 
0000111c  cntlReg                 
0000111d  boostReg                
0000111e  buckReg                 
0000111f  ldoReg                  
00001130  __TI_Handler_Table_Base 
0000113c  __TI_Handler_Table_Limit
00001148  __TI_CINIT_Base         
00001158  __TI_CINIT_Limit        
20000000  _lock                   
20000004  _unlock                 
20000008  __TI_cleanup_ptr        
2000000c  __TI_dtors_ptr          
20000010  main_func_sp            
20000014  str                     
2000001c  TXData                  
20000020  temp                    
20000024  TXByteCtr               
2000fe00  __stack                 
20010000  __STACK_END             
4000480c  WDTCTL_SYM              
ffffffff  __binit__               
ffffffff  __c_args__              
ffffffff  binit                   
UNDEFED   SHT$$INIT_ARRAY$$Base   
UNDEFED   SHT$$INIT_ARRAY$$Limit  

[93 symbols]
