******************************************************************************
                  TI ARM Linker Unix v5.2.2                    
******************************************************************************
>> Linked Wed May 13 18:54:43 2015

OUTPUT FILE NAME:   <UltrasonicSensor.out>
ENTRY POINT SYMBOL: "_c_int00"  address: 0000177d


MEMORY CONFIGURATION

         name            origin    length      used     unused   attr    fill
----------------------  --------  ---------  --------  --------  ----  --------
  MAIN                  00000000   00040000  00001a20  0003e5e0  R  X
  INFO                  00200000   00004000  00000000  00004000  R  X
  SRAM_CODE             01000000   00010000  00000000  00010000  RW X
  SRAM_DATA             20000000   00010000  0000a649  000059b7  RW  


SEGMENT ALLOCATION MAP

run origin  load origin   length   init length attrs members
----------  ----------- ---------- ----------- ----- -------
00000000    00000000    00001a20   00001a20    r-x
  00000000    00000000    00000144   00000144    r-- .intvecs
  00000144    00000144    0000188c   0000188c    r-x .text
  000019d0    000019d0    00000010   00000010    r-- .const
  000019e0    000019e0    00000040   00000040    r-- .cinit
20000000    20000000    0000a449   00000000    rw-
  20000000    20000000    0000a410   00000000    rw- .sysmem
  2000a410    2000a410    00000020   00000000    rw- .data
  2000a430    2000a430    00000019   00000000    rw- .bss
2000fe00    2000fe00    00000200   00000000    rw-
  2000fe00    2000fe00    00000200   00000000    rw- .stack


SECTION ALLOCATION MAP

 output                                  attributes/
section   page    origin      length       input sections
--------  ----  ----------  ----------   ----------------
.intvecs   0    00000000    00000144     
                  00000000    00000144     msp432_startup_ccs.obj (.intvecs)

.text      0    00000144    0000188c     
                  00000144    00000608     i2c.obj (.text)
                  0000074c    000003dc     rtsv7M4_T_le_v4SPD16_eabi.lib : memory.obj (.text)
                  00000b28    00000318     main.obj (.text)
                  00000e40    000001b6     rtsv7M4_T_le_v4SPD16_eabi.lib : fd_add_t2.obj (.text)
                  00000ff6    00000002     --HOLE-- [fill = 0]
                  00000ff8    0000016c     uart.obj (.text)
                  00001164    00000136     rtsv7M4_T_le_v4SPD16_eabi.lib : fd_div_t2.obj (.text)
                  0000129a    00000002     --HOLE-- [fill = 0]
                  0000129c    0000010c     adc.obj (.text)
                  000013a8    000000b4     gpio.obj (.text)
                  0000145c    000000ac     timer.obj (.text)
                  00001508    0000009c     rtsv7M4_T_le_v4SPD16_eabi.lib : memcpy_t2.obj (.text)
                  000015a4    00000086                                   : fd_cmp_t2.obj (.text:__aeabi_cdrcmple)
                  0000162a    0000007a                                   : memset_t2.obj (.text)
                  000016a4    0000006c                                   : autoinit.obj (.text)
                  00001710    0000006a                                   : copy_decompress_rle.obj (.text)
                  0000177a    00000002     --HOLE-- [fill = 0]
                  0000177c    00000050                                   : boot.obj (.text)
                  000017cc    0000004c                                   : cpy_tbl.obj (.text)
                  00001818    0000004a                                   : fd_tos_t2.obj (.text)
                  00001862    00000002     --HOLE-- [fill = 0]
                  00001864    00000044                                   : exit.obj (.text)
                  000018a8    00000038                                   : fs_tod_t2.obj (.text)
                  000018e0    00000034     clock.obj (.text)
                  00001914    0000002a     essential.obj (.text)
                  0000193e    00000020     rtsv7M4_T_le_v4SPD16_eabi.lib : u_tofd_t2.obj (.text)
                  0000195e    00000002     --HOLE-- [fill = 0]
                  00001960    00000018                                   : args_main.obj (.text)
                  00001978    00000014                                   : _lock.obj (.text)
                  0000198c    00000014                                   : strcpy.obj (.text)
                  000019a0    0000000e                                   : copy_decompress_none.obj (.text:decompress:none)
                  000019ae    0000000c                                   : copy_zero_init.obj (.text:decompress:ZI)
                  000019ba    0000000c     msp432_startup_ccs.obj (.text)
                  000019c6    00000006     rtsv7M4_T_le_v4SPD16_eabi.lib : copy_decompress_rle.obj (.text:decompress:rle24)
                  000019cc    00000004                                   : pre_init.obj (.text)

.const     0    000019d0    00000010     
                  000019d0    00000010     i2c.obj (.const)

.cinit     0    000019e0    00000040     
                  000019e0    00000019     (.cinit..data.load) [load image, compression = rle]
                  000019f9    00000003     --HOLE-- [fill = 0]
                  000019fc    0000000c     (__TI_handler_table)
                  00001a08    00000008     (.cinit..bss.load) [load image, compression = zero_init]
                  00001a10    00000010     (__TI_cinit_table)

.sysmem    0    20000000    0000a410     UNINITIALIZED
                  20000000    00000008     rtsv7M4_T_le_v4SPD16_eabi.lib : memory.obj (.sysmem)
                  20000008    0000a408     --HOLE--

.data      0    2000a410    00000020     UNINITIALIZED
                  2000a410    0000000c     rtsv7M4_T_le_v4SPD16_eabi.lib : memory.obj (.data)
                  2000a41c    00000008                                   : _lock.obj (.data)
                  2000a424    00000008                                   : exit.obj (.data)
                  2000a42c    00000004                                   : stkdepth_vars.obj (.data)

.TI.persistent 
*          0    2000a410    00000000     UNINITIALIZED

.bss       0    2000a430    00000019     UNINITIALIZED
                  2000a430    00000008     (.common:str)
                  2000a438    00000004     (.common:TXData)
                  2000a43c    00000004     (.common:data)
                  2000a440    00000004     (.common:temp)
                  2000a444    00000002     (.common:Ncyc)
                  2000a446    00000002     (.common:ctr)
                  2000a448    00000001     (.common:TXByteCtr)

.TI.noinit 
*          0    2000a430    00000000     UNINITIALIZED

.stack     0    2000fe00    00000200     UNINITIALIZED
                  2000fe00    00000200     --HOLE--


LINKER GENERATED COPY TABLES

__TI_cinit_table @ 00001a10 records: 2, size/record: 8, table size: 16
	.data: load addr=000019e0, load size=00000019 bytes, run addr=2000a410, run size=00000020 bytes, compression=rle
	.bss: load addr=00001a08, load size=00000008 bytes, run addr=2000a430, run size=00000019 bytes, compression=zero_init


LINKER GENERATED HANDLER TABLE

__TI_handler_table @ 000019fc records: 3, size/record: 4, table size: 12
	index: 0, handler: __TI_decompress_rle24
	index: 1, handler: __TI_decompress_none
	index: 2, handler: __TI_zero_init


GLOBAL SYMBOLS: SORTED ALPHABETICALLY BY Name 

address   name                    
-------   ----                    
00001313  ADC14ISRHandler         
00001865  C$$EXIT                 
2000a444  Ncyc                    
000019d4  R                       
000019d5  R1                      
000019d6  R2                      
000019d7  R3                      
UNDEFED   SHT$$INIT_ARRAY$$Base   
UNDEFED   SHT$$INIT_ARRAY$$Limit  
2000a448  TXByteCtr               
2000a438  TXData                  
00001493  TimerA0_0IsrHandler     
000019d0  VDD                     
4000480c  WDTCTL_SYM              
20010000  __STACK_END             
00000200  __STACK_SIZE            
0000a410  __SYSMEM_SIZE           
00001a10  __TI_CINIT_Base         
00001a20  __TI_CINIT_Limit        
000019fc  __TI_Handler_Table_Base 
00001a08  __TI_Handler_Table_Limit
000016a5  __TI_auto_init          
2000a424  __TI_cleanup_ptr        
000019a1  __TI_decompress_none    
000019c7  __TI_decompress_rle24   
2000a428  __TI_dtors_ptr          
00000000  __TI_static_base__      
000019af  __TI_zero_init          
000015a5  __aeabi_cdrcmple        
00001819  __aeabi_d2f             
00000e4b  __aeabi_dadd            
00001165  __aeabi_ddiv            
00000e41  __aeabi_dsub            
000018a9  __aeabi_f2d             
0000162b  __aeabi_memclr          
0000162b  __aeabi_memclr4         
0000162b  __aeabi_memclr8         
00001509  __aeabi_memcpy          
00001509  __aeabi_memcpy4         
00001509  __aeabi_memcpy8         
0000162d  __aeabi_memset          
0000162d  __aeabi_memset4         
0000162d  __aeabi_memset8         
0000193f  __aeabi_ui2d            
ffffffff  __binit__               
ffffffff  __c_args__              
2000fe00  __stack                 
00001961  _args_main              
0000177d  _c_int00                
2000a41c  _lock                   
00001987  _nop                    
0000197f  _register_lock          
00001979  _register_unlock        
20000000  _sys_memory             
000019cd  _system_pre_init        
2000a420  _unlock                 
00001869  abort                   
ffffffff  binit                   
000019dd  boostReg                
000019de  buckReg                 
00000af5  calloc                  
000019db  clmpReg                 
000019dc  cntlReg                 
000017cd  copy_in                 
2000a446  ctr                     
2000a43c  data                    
00001915  delayMillis             
000010ef  eUSCIA0IsrHandler       
0000065d  eUSCIB1IsrHandler       
00001871  exit                    
00000843  free                    
0000129d  initADC                 
000018e1  initClock               
000013a9  initGPIO                
00000145  initI2C                 
0000145d  initTimer               
00000ff9  initUART                
00001089  intToStr                
00000000  interruptVectors        
000019df  ldoReg                  
00000b2d  main                    
2000a42c  main_func_sp            
000007db  malloc                  
00000a11  memalign                
00001509  memcpy                  
00001633  memset                  
0000074d  minit                   
000019d9  pot12Addr               
000019da  pot4Addr                
000019d8  potVGAAddr              
00000905  realloc                 
000012e3  recordData              
00001051  sendChar                
0000106d  sendStr                 
0000030b  setBoost                
00000439  setBuck                 
0000018f  setClmp                 
0000024d  setCntl                 
00000561  setLDO                  
2000a430  str                     
0000198d  strcpy                  
2000a440  temp                    
0000140f  ultraTX                 


GLOBAL SYMBOLS: SORTED BY Symbol Address 

address   name                    
-------   ----                    
00000000  __TI_static_base__      
00000000  interruptVectors        
00000145  initI2C                 
0000018f  setClmp                 
00000200  __STACK_SIZE            
0000024d  setCntl                 
0000030b  setBoost                
00000439  setBuck                 
00000561  setLDO                  
0000065d  eUSCIB1IsrHandler       
0000074d  minit                   
000007db  malloc                  
00000843  free                    
00000905  realloc                 
00000a11  memalign                
00000af5  calloc                  
00000b2d  main                    
00000e41  __aeabi_dsub            
00000e4b  __aeabi_dadd            
00000ff9  initUART                
00001051  sendChar                
0000106d  sendStr                 
00001089  intToStr                
000010ef  eUSCIA0IsrHandler       
00001165  __aeabi_ddiv            
0000129d  initADC                 
000012e3  recordData              
00001313  ADC14ISRHandler         
000013a9  initGPIO                
0000140f  ultraTX                 
0000145d  initTimer               
00001493  TimerA0_0IsrHandler     
00001509  __aeabi_memcpy          
00001509  __aeabi_memcpy4         
00001509  __aeabi_memcpy8         
00001509  memcpy                  
000015a5  __aeabi_cdrcmple        
0000162b  __aeabi_memclr          
0000162b  __aeabi_memclr4         
0000162b  __aeabi_memclr8         
0000162d  __aeabi_memset          
0000162d  __aeabi_memset4         
0000162d  __aeabi_memset8         
00001633  memset                  
000016a5  __TI_auto_init          
0000177d  _c_int00                
000017cd  copy_in                 
00001819  __aeabi_d2f             
00001865  C$$EXIT                 
00001869  abort                   
00001871  exit                    
000018a9  __aeabi_f2d             
000018e1  initClock               
00001915  delayMillis             
0000193f  __aeabi_ui2d            
00001961  _args_main              
00001979  _register_unlock        
0000197f  _register_lock          
00001987  _nop                    
0000198d  strcpy                  
000019a1  __TI_decompress_none    
000019af  __TI_zero_init          
000019c7  __TI_decompress_rle24   
000019cd  _system_pre_init        
000019d0  VDD                     
000019d4  R                       
000019d5  R1                      
000019d6  R2                      
000019d7  R3                      
000019d8  potVGAAddr              
000019d9  pot12Addr               
000019da  pot4Addr                
000019db  clmpReg                 
000019dc  cntlReg                 
000019dd  boostReg                
000019de  buckReg                 
000019df  ldoReg                  
000019fc  __TI_Handler_Table_Base 
00001a08  __TI_Handler_Table_Limit
00001a10  __TI_CINIT_Base         
00001a20  __TI_CINIT_Limit        
0000a410  __SYSMEM_SIZE           
20000000  _sys_memory             
2000a41c  _lock                   
2000a420  _unlock                 
2000a424  __TI_cleanup_ptr        
2000a428  __TI_dtors_ptr          
2000a42c  main_func_sp            
2000a430  str                     
2000a438  TXData                  
2000a43c  data                    
2000a440  temp                    
2000a444  Ncyc                    
2000a446  ctr                     
2000a448  TXByteCtr               
2000fe00  __stack                 
20010000  __STACK_END             
4000480c  WDTCTL_SYM              
ffffffff  __binit__               
ffffffff  __c_args__              
ffffffff  binit                   
UNDEFED   SHT$$INIT_ARRAY$$Base   
UNDEFED   SHT$$INIT_ARRAY$$Limit  

[103 symbols]
