******************************************************************************
                  TI ARM Linker Unix v5.2.2                    
******************************************************************************
>> Linked Tue May 19 15:50:28 2015

OUTPUT FILE NAME:   <UltrasonicSensor.out>
ENTRY POINT SYMBOL: "_c_int00"  address: 00001c05


MEMORY CONFIGURATION

         name            origin    length      used     unused   attr    fill
----------------------  --------  ---------  --------  --------  ----  --------
  MAIN                  00000000   00040000  00001ec0  0003e140  R  X
  INFO                  00200000   00004000  00000000  00004000  R  X
  SRAM_CODE             01000000   00010000  00000000  00010000  RW X
  SRAM_DATA             20000000   00010000  0000b473  00004b8d  RW  


SEGMENT ALLOCATION MAP

run origin  load origin   length   init length attrs members
----------  ----------- ---------- ----------- ----- -------
00000000    00000000    00001ec0   00001ec0    r-x
  00000000    00000000    00000144   00000144    r-- .intvecs
  00000144    00000144    00001d2c   00001d2c    r-x .text
  00001e70    00001e70    00000010   00000010    r-- .const
  00001e80    00001e80    00000040   00000040    r-- .cinit
20000000    20000000    0000a474   00000000    rw-
  20000000    20000000    0000a410   00000000    rw- .sysmem
  2000a410    2000a410    00000043   00000000    rw- .bss
  2000a454    2000a454    00000020   00000000    rw- .data
2000f000    2000f000    00001000   00000000    rw-
  2000f000    2000f000    00001000   00000000    rw- .stack


SECTION ALLOCATION MAP

 output                                  attributes/
section   page    origin      length       input sections
--------  ----  ----------  ----------   ----------------
.intvecs   0    00000000    00000144     
                  00000000    00000144     msp432_startup_ccs.obj (.intvecs)

.text      0    00000144    00001d2c     
                  00000144    000005f8     i2c.obj (.text)
                  0000073c    000004a0     uart.obj (.text)
                  00000bdc    000003dc     rtsv7M4_T_le_v4SPD16_eabi.lib : memory.obj (.text)
                  00000fb8    00000268     compute.obj (.text)
                  00001220    000001c8     main.obj (.text)
                  000013e8    000001b6     rtsv7M4_T_le_v4SPD16_eabi.lib : fd_add_t2.obj (.text)
                  0000159e    00000136                                   : fd_div_t2.obj (.text)
                  000016d4    00000108     adc.obj (.text)
                  000017dc    000000f0     gpio.obj (.text)
                  000018cc    000000c4     timer.obj (.text)
                  00001990    0000009c     rtsv7M4_T_le_v4SPD16_eabi.lib : memcpy_t2.obj (.text)
                  00001a2c    00000086                                   : fd_cmp_t2.obj (.text:__aeabi_cdrcmple)
                  00001ab2    0000007a                                   : memset_t2.obj (.text)
                  00001b2c    0000006c                                   : autoinit.obj (.text)
                  00001b98    0000006a                                   : copy_decompress_rle.obj (.text)
                  00001c02    00000002     --HOLE-- [fill = 0]
                  00001c04    00000050                                   : boot.obj (.text)
                  00001c54    0000004c                                   : cpy_tbl.obj (.text)
                  00001ca0    0000004a                                   : fd_tos_t2.obj (.text)
                  00001cea    00000002     --HOLE-- [fill = 0]
                  00001cec    00000044                                   : exit.obj (.text)
                  00001d30    00000038                                   : fs_tod_t2.obj (.text)
                  00001d68    00000034     clock.obj (.text)
                  00001d9c    0000002a     essential.obj (.text)
                  00001dc6    00000020     rtsv7M4_T_le_v4SPD16_eabi.lib : u_tofd_t2.obj (.text)
                  00001de6    00000002     --HOLE-- [fill = 0]
                  00001de8    00000018                                   : args_main.obj (.text)
                  00001e00    00000018                                   : strcmp.obj (.text)
                  00001e18    00000014                                   : _lock.obj (.text)
                  00001e2c    00000014                                   : strcpy.obj (.text)
                  00001e40    0000000e                                   : copy_decompress_none.obj (.text:decompress:none)
                  00001e4e    0000000c                                   : copy_zero_init.obj (.text:decompress:ZI)
                  00001e5a    0000000c     msp432_startup_ccs.obj (.text)
                  00001e66    00000006     rtsv7M4_T_le_v4SPD16_eabi.lib : copy_decompress_rle.obj (.text:decompress:rle24)
                  00001e6c    00000004                                   : pre_init.obj (.text)

.const     0    00001e70    00000010     
                  00001e70    00000010     i2c.obj (.const)

.cinit     0    00001e80    00000040     
                  00001e80    00000019     (.cinit..data.load) [load image, compression = rle]
                  00001e99    00000003     --HOLE-- [fill = 0]
                  00001e9c    0000000c     (__TI_handler_table)
                  00001ea8    00000008     (.cinit..bss.load) [load image, compression = zero_init]
                  00001eb0    00000010     (__TI_cinit_table)

.sysmem    0    20000000    0000a410     UNINITIALIZED
                  20000000    00000008     rtsv7M4_T_le_v4SPD16_eabi.lib : memory.obj (.sysmem)
                  20000008    0000a408     --HOLE--

.bss       0    2000a410    00000043     UNINITIALIZED
                  2000a410    00000014     (.common:cmd)
                  2000a424    0000000c     (.common:str)
                  2000a430    00000008     (.common:pattern)
                  2000a438    00000004     (.common:TXData)
                  2000a43c    00000004     (.common:data)
                  2000a440    00000004     (.common:temp)
                  2000a444    00000002     (.common:Ncyc)
                  2000a446    00000002     (.common:VEC)
                  2000a448    00000002     (.common:ctr)
                  2000a44a    00000002     (.common:totCyc)
                  2000a44c    00000001     (.common:TXByteCtr)
                  2000a44d    00000001     (.common:cmdPtr)
                  2000a44e    00000001     (.common:cycles)
                  2000a44f    00000001     (.common:flag)
                  2000a450    00000001     (.common:nPat)
                  2000a451    00000001     (.common:recording)
                  2000a452    00000001     (.common:txr)

.TI.noinit 
*          0    2000a410    00000000     UNINITIALIZED

.data      0    2000a454    00000020     UNINITIALIZED
                  2000a454    0000000c     rtsv7M4_T_le_v4SPD16_eabi.lib : memory.obj (.data)
                  2000a460    00000008                                   : _lock.obj (.data)
                  2000a468    00000008                                   : exit.obj (.data)
                  2000a470    00000004                                   : stkdepth_vars.obj (.data)

.TI.persistent 
*          0    2000a454    00000000     UNINITIALIZED

.stack     0    2000f000    00001000     UNINITIALIZED
                  2000f000    00001000     --HOLE--


LINKER GENERATED COPY TABLES

__TI_cinit_table @ 00001eb0 records: 2, size/record: 8, table size: 16
	.data: load addr=00001e80, load size=00000019 bytes, run addr=2000a454, run size=00000020 bytes, compression=rle
	.bss: load addr=00001ea8, load size=00000008 bytes, run addr=2000a410, run size=00000043 bytes, compression=zero_init


LINKER GENERATED HANDLER TABLE

__TI_handler_table @ 00001e9c records: 3, size/record: 4, table size: 12
	index: 0, handler: __TI_decompress_rle24
	index: 1, handler: __TI_decompress_none
	index: 2, handler: __TI_zero_init


GLOBAL SYMBOLS: SORTED ALPHABETICALLY BY Name 

address   name                    
-------   ----                    
0000174b  ADC14ISRHandler         
00001ced  C$$EXIT                 
2000a444  Ncyc                    
00001e74  R                       
00001e75  R1                      
00001e76  R2                      
00001e77  R3                      
UNDEFED   SHT$$INIT_ARRAY$$Base   
UNDEFED   SHT$$INIT_ARRAY$$Limit  
2000a44c  TXByteCtr               
2000a438  TXData                  
00001903  TimerA0_0IsrHandler     
00001e70  VDD                     
2000a446  VEC                     
4000480c  WDTCTL_SYM              
20010000  __STACK_END             
00001000  __STACK_SIZE            
0000a410  __SYSMEM_SIZE           
00001eb0  __TI_CINIT_Base         
00001ec0  __TI_CINIT_Limit        
00001e9c  __TI_Handler_Table_Base 
00001ea8  __TI_Handler_Table_Limit
00001b2d  __TI_auto_init          
2000a468  __TI_cleanup_ptr        
00001e41  __TI_decompress_none    
00001e67  __TI_decompress_rle24   
2000a46c  __TI_dtors_ptr          
00000000  __TI_static_base__      
00001e4f  __TI_zero_init          
00001a2d  __aeabi_cdrcmple        
00001ca1  __aeabi_d2f             
000013f3  __aeabi_dadd            
0000159f  __aeabi_ddiv            
000013e9  __aeabi_dsub            
00001d31  __aeabi_f2d             
00001ab3  __aeabi_memclr          
00001ab3  __aeabi_memclr4         
00001ab3  __aeabi_memclr8         
00001991  __aeabi_memcpy          
00001991  __aeabi_memcpy4         
00001991  __aeabi_memcpy8         
00001ab5  __aeabi_memset          
00001ab5  __aeabi_memset4         
00001ab5  __aeabi_memset8         
00001dc7  __aeabi_ui2d            
ffffffff  __binit__               
ffffffff  __c_args__              
2000f000  __stack                 
00001de9  _args_main              
00001c05  _c_int00                
2000a460  _lock                   
00001e27  _nop                    
00001e1f  _register_lock          
00001e19  _register_unlock        
20000000  _sys_memory             
00001e6d  _system_pre_init        
2000a464  _unlock                 
00001cf1  abort                   
ffffffff  binit                   
00001e7d  boostReg                
00001e7e  buckReg                 
00000f85  calloc                  
00001e7b  clmpReg                 
2000a410  cmd                     
2000a44d  cmdPtr                  
00001e7c  cntlReg                 
00001c55  copy_in                 
00001101  correlate               
2000a448  ctr                     
2000a44e  cycles                  
2000a43c  data                    
00001d9d  delayMillis             
00000af5  eUSCIA0IsrHandler       
00000655  eUSCIB1IsrHandler       
000008c5  executeCmd              
00001cf9  exit                    
2000a44f  flag                    
00000cd3  free                    
0000102b  getDistance             
000016d5  initADC                 
00001d69  initClock               
000017dd  initGPIO                
00000145  initI2C                 
000018cd  initTimer               
0000073d  initUART                
000007db  intToStr                
00000000  interruptVectors        
00001e7f  ldoReg                  
00001225  main                    
2000a470  main_func_sp            
00000c6b  malloc                  
00000ea1  memalign                
00001991  memcpy                  
00001abb  memset                  
00000bdd  minit                   
0000108d  movingAvg               
2000a450  nPat                    
2000a430  pattern                 
00001e79  pot12Addr               
00001e7a  pot4Addr                
00001e78  potVGAAddr              
00000aa3  pushData                
00000d95  realloc                 
0000171b  recordData              
2000a451  recording               
000007a3  sendChar                
000007bf  sendStr                 
0000030b  setBoost                
00000435  setBuck                 
0000018f  setClmp                 
0000024d  setCntl                 
00000559  setLDO                  
2000a424  str                     
00000831  strToInt                
00001e01  strcmp                  
00001e2d  strcpy                  
2000a440  temp                    
2000a44a  totCyc                  
00000fb9  transaction             
2000a452  txr                     
00001843  ultraTX                 
00001873  waitTX                  


GLOBAL SYMBOLS: SORTED BY Symbol Address 

address   name                    
-------   ----                    
00000000  __TI_static_base__      
00000000  interruptVectors        
00000145  initI2C                 
0000018f  setClmp                 
0000024d  setCntl                 
0000030b  setBoost                
00000435  setBuck                 
00000559  setLDO                  
00000655  eUSCIB1IsrHandler       
0000073d  initUART                
000007a3  sendChar                
000007bf  sendStr                 
000007db  intToStr                
00000831  strToInt                
000008c5  executeCmd              
00000aa3  pushData                
00000af5  eUSCIA0IsrHandler       
00000bdd  minit                   
00000c6b  malloc                  
00000cd3  free                    
00000d95  realloc                 
00000ea1  memalign                
00000f85  calloc                  
00000fb9  transaction             
00001000  __STACK_SIZE            
0000102b  getDistance             
0000108d  movingAvg               
00001101  correlate               
00001225  main                    
000013e9  __aeabi_dsub            
000013f3  __aeabi_dadd            
0000159f  __aeabi_ddiv            
000016d5  initADC                 
0000171b  recordData              
0000174b  ADC14ISRHandler         
000017dd  initGPIO                
00001843  ultraTX                 
00001873  waitTX                  
000018cd  initTimer               
00001903  TimerA0_0IsrHandler     
00001991  __aeabi_memcpy          
00001991  __aeabi_memcpy4         
00001991  __aeabi_memcpy8         
00001991  memcpy                  
00001a2d  __aeabi_cdrcmple        
00001ab3  __aeabi_memclr          
00001ab3  __aeabi_memclr4         
00001ab3  __aeabi_memclr8         
00001ab5  __aeabi_memset          
00001ab5  __aeabi_memset4         
00001ab5  __aeabi_memset8         
00001abb  memset                  
00001b2d  __TI_auto_init          
00001c05  _c_int00                
00001c55  copy_in                 
00001ca1  __aeabi_d2f             
00001ced  C$$EXIT                 
00001cf1  abort                   
00001cf9  exit                    
00001d31  __aeabi_f2d             
00001d69  initClock               
00001d9d  delayMillis             
00001dc7  __aeabi_ui2d            
00001de9  _args_main              
00001e01  strcmp                  
00001e19  _register_unlock        
00001e1f  _register_lock          
00001e27  _nop                    
00001e2d  strcpy                  
00001e41  __TI_decompress_none    
00001e4f  __TI_zero_init          
00001e67  __TI_decompress_rle24   
00001e6d  _system_pre_init        
00001e70  VDD                     
00001e74  R                       
00001e75  R1                      
00001e76  R2                      
00001e77  R3                      
00001e78  potVGAAddr              
00001e79  pot12Addr               
00001e7a  pot4Addr                
00001e7b  clmpReg                 
00001e7c  cntlReg                 
00001e7d  boostReg                
00001e7e  buckReg                 
00001e7f  ldoReg                  
00001e9c  __TI_Handler_Table_Base 
00001ea8  __TI_Handler_Table_Limit
00001eb0  __TI_CINIT_Base         
00001ec0  __TI_CINIT_Limit        
0000a410  __SYSMEM_SIZE           
20000000  _sys_memory             
2000a410  cmd                     
2000a424  str                     
2000a430  pattern                 
2000a438  TXData                  
2000a43c  data                    
2000a440  temp                    
2000a444  Ncyc                    
2000a446  VEC                     
2000a448  ctr                     
2000a44a  totCyc                  
2000a44c  TXByteCtr               
2000a44d  cmdPtr                  
2000a44e  cycles                  
2000a44f  flag                    
2000a450  nPat                    
2000a451  recording               
2000a452  txr                     
2000a460  _lock                   
2000a464  _unlock                 
2000a468  __TI_cleanup_ptr        
2000a46c  __TI_dtors_ptr          
2000a470  main_func_sp            
2000f000  __stack                 
20010000  __STACK_END             
4000480c  WDTCTL_SYM              
ffffffff  __binit__               
ffffffff  __c_args__              
ffffffff  binit                   
UNDEFED   SHT$$INIT_ARRAY$$Base   
UNDEFED   SHT$$INIT_ARRAY$$Limit  

[122 symbols]
