******************************************************************************
                  TI ARM Linker Unix v5.2.2                    
******************************************************************************
>> Linked Fri Apr 24 03:53:58 2015

OUTPUT FILE NAME:   <UltrasonicSensor.out>
ENTRY POINT SYMBOL: "_c_int00"  address: 00000665


MEMORY CONFIGURATION

         name            origin    length      used     unused   attr    fill
----------------------  --------  ---------  --------  --------  ----  --------
  MAIN                  00000000   00040000  00000830  0003f7d0  R  X
  INFO                  00200000   00004000  00000000  00004000  R  X
  SRAM_CODE             01000000   00010000  00000000  00010000  RW X
  SRAM_DATA             20000000   00010000  00000220  0000fde0  RW  


SEGMENT ALLOCATION MAP

run origin  load origin   length   init length attrs members
----------  ----------- ---------- ----------- ----- -------
00000000    00000000    00000830   00000830    r-x
  00000000    00000000    00000144   00000144    r-- .intvecs
  00000144    00000144    000006b4   000006b4    r-x .text
  000007f8    000007f8    00000038   00000038    r-- .cinit
20000000    20000000    00000020   00000000    rw-
  20000000    20000000    00000014   00000000    rw- .data
  20000014    20000014    0000000c   00000000    rw- .bss
2000fe00    2000fe00    00000200   00000000    rw-
  2000fe00    2000fe00    00000200   00000000    rw- .stack


SECTION ALLOCATION MAP

 output                                  attributes/
section   page    origin      length       input sections
--------  ----  ----------  ----------   ----------------
.intvecs   0    00000000    00000144     
                  00000000    00000144     msp432_startup_ccs.obj (.intvecs)

.text      0    00000144    000006b4     
                  00000144    0000016c     uart.obj (.text)
                  000002b0    000000c4     adc.obj (.text)
                  00000374    0000009c     rtsv7M4_T_le_v4SPD16_eabi.lib : memcpy_t2.obj (.text)
                  00000410    00000094     main.obj (.text)
                  000004a4    0000007a     rtsv7M4_T_le_v4SPD16_eabi.lib : memset_t2.obj (.text)
                  0000051e    00000002     --HOLE-- [fill = 0]
                  00000520    0000006c                                   : autoinit.obj (.text)
                  0000058c    0000006c     timer.obj (.text)
                  000005f8    0000006a     rtsv7M4_T_le_v4SPD16_eabi.lib : copy_decompress_rle.obj (.text)
                  00000662    00000002     --HOLE-- [fill = 0]
                  00000664    00000050                                   : boot.obj (.text)
                  000006b4    0000004c                                   : cpy_tbl.obj (.text)
                  00000700    00000044                                   : exit.obj (.text)
                  00000744    00000034     clock.obj (.text)
                  00000778    00000018     rtsv7M4_T_le_v4SPD16_eabi.lib : args_main.obj (.text)
                  00000790    00000014                                   : _lock.obj (.text)
                  000007a4    00000014                                   : strcpy.obj (.text)
                  000007b8    00000010     adc.obj (.text:startConversion)
                  000007c8    0000000e     rtsv7M4_T_le_v4SPD16_eabi.lib : copy_decompress_none.obj (.text:decompress:none)
                  000007d6    0000000c                                   : copy_zero_init.obj (.text:decompress:ZI)
                  000007e2    0000000c     msp432_startup_ccs.obj (.text)
                  000007ee    00000006     rtsv7M4_T_le_v4SPD16_eabi.lib : copy_decompress_rle.obj (.text:decompress:rle24)
                  000007f4    00000004                                   : pre_init.obj (.text)

.cinit     0    000007f8    00000038     
                  000007f8    0000000f     (.cinit..data.load) [load image, compression = rle]
                  00000807    00000001     --HOLE-- [fill = 0]
                  00000808    0000000c     (__TI_handler_table)
                  00000814    00000004     --HOLE-- [fill = 0]
                  00000818    00000008     (.cinit..bss.load) [load image, compression = zero_init]
                  00000820    00000010     (__TI_cinit_table)

.data      0    20000000    00000014     UNINITIALIZED
                  20000000    00000008     rtsv7M4_T_le_v4SPD16_eabi.lib : _lock.obj (.data)
                  20000008    00000008                                   : exit.obj (.data)
                  20000010    00000004                                   : stkdepth_vars.obj (.data)

.bss       0    20000014    0000000c     UNINITIALIZED
                  20000014    00000008     (.common:str)
                  2000001c    00000004     (.common:temp)

.TI.persistent 
*          0    20000000    00000000     UNINITIALIZED

.TI.noinit 
*          0    20000014    00000000     UNINITIALIZED

.stack     0    2000fe00    00000200     UNINITIALIZED
                  2000fe00    00000200     --HOLE--


LINKER GENERATED COPY TABLES

__TI_cinit_table @ 00000820 records: 2, size/record: 8, table size: 16
	.data: load addr=000007f8, load size=0000000f bytes, run addr=20000000, run size=00000014 bytes, compression=rle
	.bss: load addr=00000818, load size=00000008 bytes, run addr=20000014, run size=0000000c bytes, compression=zero_init


LINKER GENERATED HANDLER TABLE

__TI_handler_table @ 00000808 records: 3, size/record: 4, table size: 12
	index: 0, handler: __TI_decompress_rle24
	index: 1, handler: __TI_decompress_none
	index: 2, handler: __TI_zero_init


GLOBAL SYMBOLS: SORTED ALPHABETICALLY BY Name 

address   name                    
-------   ----                    
0000030b  ADC14ISRHandler         
00000701  C$$EXIT                 
UNDEFED   SHT$$INIT_ARRAY$$Base   
UNDEFED   SHT$$INIT_ARRAY$$Limit  
000005b5  TimerA0_0IsrHandler     
4000480c  WDTCTL_SYM              
20010000  __STACK_END             
00000200  __STACK_SIZE            
00000820  __TI_CINIT_Base         
00000830  __TI_CINIT_Limit        
00000808  __TI_Handler_Table_Base 
00000814  __TI_Handler_Table_Limit
00000521  __TI_auto_init          
20000008  __TI_cleanup_ptr        
000007c9  __TI_decompress_none    
000007ef  __TI_decompress_rle24   
2000000c  __TI_dtors_ptr          
00000000  __TI_static_base__      
000007d7  __TI_zero_init          
000004a5  __aeabi_memclr          
000004a5  __aeabi_memclr4         
000004a5  __aeabi_memclr8         
00000375  __aeabi_memcpy          
00000375  __aeabi_memcpy4         
00000375  __aeabi_memcpy8         
000004a7  __aeabi_memset          
000004a7  __aeabi_memset4         
000004a7  __aeabi_memset8         
ffffffff  __binit__               
ffffffff  __c_args__              
2000fe00  __stack                 
00000779  _args_main              
00000665  _c_int00                
20000000  _lock                   
0000079f  _nop                    
00000797  _register_lock          
00000791  _register_unlock        
000007f5  _system_pre_init        
20000004  _unlock                 
00000705  abort                   
ffffffff  binit                   
000006b5  copy_in                 
00000239  eUSCIA0IsrHandler       
0000070d  exit                    
000002b1  initADC                 
00000745  initClock               
0000058d  initTimer               
00000145  initUART                
000001d3  intToStr                
00000000  interruptVectors        
00000415  main                    
20000010  main_func_sp            
00000375  memcpy                  
000004ad  memset                  
0000019b  sendChar                
000001b7  sendStr                 
000007b9  startConversion         
20000014  str                     
000007a5  strcpy                  
2000001c  temp                    


GLOBAL SYMBOLS: SORTED BY Symbol Address 

address   name                    
-------   ----                    
00000000  __TI_static_base__      
00000000  interruptVectors        
00000145  initUART                
0000019b  sendChar                
000001b7  sendStr                 
000001d3  intToStr                
00000200  __STACK_SIZE            
00000239  eUSCIA0IsrHandler       
000002b1  initADC                 
0000030b  ADC14ISRHandler         
00000375  __aeabi_memcpy          
00000375  __aeabi_memcpy4         
00000375  __aeabi_memcpy8         
00000375  memcpy                  
00000415  main                    
000004a5  __aeabi_memclr          
000004a5  __aeabi_memclr4         
000004a5  __aeabi_memclr8         
000004a7  __aeabi_memset          
000004a7  __aeabi_memset4         
000004a7  __aeabi_memset8         
000004ad  memset                  
00000521  __TI_auto_init          
0000058d  initTimer               
000005b5  TimerA0_0IsrHandler     
00000665  _c_int00                
000006b5  copy_in                 
00000701  C$$EXIT                 
00000705  abort                   
0000070d  exit                    
00000745  initClock               
00000779  _args_main              
00000791  _register_unlock        
00000797  _register_lock          
0000079f  _nop                    
000007a5  strcpy                  
000007b9  startConversion         
000007c9  __TI_decompress_none    
000007d7  __TI_zero_init          
000007ef  __TI_decompress_rle24   
000007f5  _system_pre_init        
00000808  __TI_Handler_Table_Base 
00000814  __TI_Handler_Table_Limit
00000820  __TI_CINIT_Base         
00000830  __TI_CINIT_Limit        
20000000  _lock                   
20000004  _unlock                 
20000008  __TI_cleanup_ptr        
2000000c  __TI_dtors_ptr          
20000010  main_func_sp            
20000014  str                     
2000001c  temp                    
2000fe00  __stack                 
20010000  __STACK_END             
4000480c  WDTCTL_SYM              
ffffffff  __binit__               
ffffffff  __c_args__              
ffffffff  binit                   
UNDEFED   SHT$$INIT_ARRAY$$Base   
UNDEFED   SHT$$INIT_ARRAY$$Limit  

[60 symbols]
