******************************************************************************
                  TI ARM Linker Unix v5.2.2                    
******************************************************************************
>> Linked Mon Apr 27 23:02:18 2015

OUTPUT FILE NAME:   <UltrasonicSensor.out>
ENTRY POINT SYMBOL: "_c_int00"  address: 000007d5


MEMORY CONFIGURATION

         name            origin    length      used     unused   attr    fill
----------------------  --------  ---------  --------  --------  ----  --------
  MAIN                  00000000   00040000  00000a6f  0003f591  R  X
  INFO                  00200000   00004000  00000000  00004000  R  X
  SRAM_CODE             01000000   00010000  00000000  00010000  RW X
  SRAM_DATA             20000000   00010000  00000225  0000fddb  RW  


SEGMENT ALLOCATION MAP

run origin  load origin   length   init length attrs members
----------  ----------- ---------- ----------- ----- -------
00000000    00000000    00000a70   00000a70    r-x
  00000000    00000000    00000144   00000144    r-- .intvecs
  00000144    00000144    000008ec   000008ec    r-x .text
  00000a30    00000a30    00000007   00000007    r-- .const
  00000a38    00000a38    00000038   00000038    r-- .cinit
20000000    20000000    00000025   00000000    rw-
  20000000    20000000    00000014   00000000    rw- .data
  20000014    20000014    00000011   00000000    rw- .bss
2000fe00    2000fe00    00000200   00000000    rw-
  2000fe00    2000fe00    00000200   00000000    rw- .stack


SECTION ALLOCATION MAP

 output                                  attributes/
section   page    origin      length       input sections
--------  ----  ----------  ----------   ----------------
.intvecs   0    00000000    00000144     
                  00000000    00000144     msp432_startup_ccs.obj (.intvecs)

.text      0    00000144    000008ec     
                  00000144    000001f4     i2c.obj (.text)
                  00000338    00000144     uart.obj (.text)
                  0000047c    0000009c     rtsv7M4_T_le_v4SPD16_eabi.lib : memcpy_t2.obj (.text)
                  00000518    0000008c     adc.obj (.text)
                  000005a4    00000086     rtsv7M4_T_le_v4SPD16_eabi.lib : fd_cmp_t2.obj (.text:__aeabi_cdrcmple)
                  0000062a    0000007a                                   : memset_t2.obj (.text)
                  000006a4    0000006c                                   : autoinit.obj (.text)
                  00000710    0000006a                                   : copy_decompress_rle.obj (.text)
                  0000077a    00000002     --HOLE-- [fill = 0]
                  0000077c    00000058     gpio.obj (.text)
                  000007d4    00000050     rtsv7M4_T_le_v4SPD16_eabi.lib : boot.obj (.text)
                  00000824    00000050     timer.obj (.text)
                  00000874    0000004c     rtsv7M4_T_le_v4SPD16_eabi.lib : cpy_tbl.obj (.text)
                  000008c0    00000044                                   : exit.obj (.text)
                  00000904    00000040     main.obj (.text)
                  00000944    00000038     rtsv7M4_T_le_v4SPD16_eabi.lib : fs_tod_t2.obj (.text)
                  0000097c    00000034     clock.obj (.text)
                  000009b0    00000018     rtsv7M4_T_le_v4SPD16_eabi.lib : args_main.obj (.text)
                  000009c8    00000014                                   : _lock.obj (.text)
                  000009dc    00000014                                   : strcpy.obj (.text)
                  000009f0    00000010     adc.obj (.text:startConversion)
                  00000a00    0000000e     rtsv7M4_T_le_v4SPD16_eabi.lib : copy_decompress_none.obj (.text:decompress:none)
                  00000a0e    0000000c                                   : copy_zero_init.obj (.text:decompress:ZI)
                  00000a1a    0000000c     msp432_startup_ccs.obj (.text)
                  00000a26    00000006     rtsv7M4_T_le_v4SPD16_eabi.lib : copy_decompress_rle.obj (.text:decompress:rle24)
                  00000a2c    00000004                                   : pre_init.obj (.text)

.const     0    00000a30    00000007     
                  00000a30    00000007     i2c.obj (.const)

.cinit     0    00000a38    00000038     
                  00000a38    0000000f     (.cinit..data.load) [load image, compression = rle]
                  00000a47    00000001     --HOLE-- [fill = 0]
                  00000a48    0000000c     (__TI_handler_table)
                  00000a54    00000004     --HOLE-- [fill = 0]
                  00000a58    00000008     (.cinit..bss.load) [load image, compression = zero_init]
                  00000a60    00000010     (__TI_cinit_table)

.data      0    20000000    00000014     UNINITIALIZED
                  20000000    00000008     rtsv7M4_T_le_v4SPD16_eabi.lib : _lock.obj (.data)
                  20000008    00000008                                   : exit.obj (.data)
                  20000010    00000004                                   : stkdepth_vars.obj (.data)

.bss       0    20000014    00000011     UNINITIALIZED
                  20000014    00000008     (.common:str)
                  2000001c    00000004     (.common:TXData)
                  20000020    00000004     (.common:temp)
                  20000024    00000001     (.common:TXByteCtr)

.TI.persistent 
*          0    20000000    00000000     UNINITIALIZED

.TI.noinit 
*          0    20000014    00000000     UNINITIALIZED

.stack     0    2000fe00    00000200     UNINITIALIZED
                  2000fe00    00000200     --HOLE--


LINKER GENERATED COPY TABLES

__TI_cinit_table @ 00000a60 records: 2, size/record: 8, table size: 16
	.data: load addr=00000a38, load size=0000000f bytes, run addr=20000000, run size=00000014 bytes, compression=rle
	.bss: load addr=00000a58, load size=00000008 bytes, run addr=20000014, run size=00000011 bytes, compression=zero_init


LINKER GENERATED HANDLER TABLE

__TI_handler_table @ 00000a48 records: 3, size/record: 4, table size: 12
	index: 0, handler: __TI_decompress_rle24
	index: 1, handler: __TI_decompress_none
	index: 2, handler: __TI_zero_init


GLOBAL SYMBOLS: SORTED ALPHABETICALLY BY Name 

address   name                    
-------   ----                    
00000565  ADC14ISRHandler         
000008c1  C$$EXIT                 
UNDEFED   SHT$$INIT_ARRAY$$Base   
UNDEFED   SHT$$INIT_ARRAY$$Limit  
20000024  TXByteCtr               
2000001c  TXData                  
00000849  TimerA0_0IsrHandler     
00000a30  VDD                     
4000480c  WDTCTL_SYM              
20010000  __STACK_END             
00000200  __STACK_SIZE            
00000a60  __TI_CINIT_Base         
00000a70  __TI_CINIT_Limit        
00000a48  __TI_Handler_Table_Base 
00000a54  __TI_Handler_Table_Limit
000006a5  __TI_auto_init          
20000008  __TI_cleanup_ptr        
00000a01  __TI_decompress_none    
00000a27  __TI_decompress_rle24   
2000000c  __TI_dtors_ptr          
00000000  __TI_static_base__      
00000a0f  __TI_zero_init          
000005a5  __aeabi_cdrcmple        
00000945  __aeabi_f2d             
0000062b  __aeabi_memclr          
0000062b  __aeabi_memclr4         
0000062b  __aeabi_memclr8         
0000047d  __aeabi_memcpy          
0000047d  __aeabi_memcpy4         
0000047d  __aeabi_memcpy8         
0000062d  __aeabi_memset          
0000062d  __aeabi_memset4         
0000062d  __aeabi_memset8         
ffffffff  __binit__               
ffffffff  __c_args__              
2000fe00  __stack                 
000009b1  _args_main              
000007d5  _c_int00                
20000000  _lock                   
000009d7  _nop                    
000009cf  _register_lock          
000009c9  _register_unlock        
00000a2d  _system_pre_init        
20000004  _unlock                 
000008c5  abort                   
ffffffff  binit                   
00000a35  clmpReg                 
00000a36  cntlReg                 
00000875  copy_in                 
00000429  eUSCIA0IsrHandler       
00000283  eUSCIB0IsrHandler       
000008cd  exit                    
00000519  initADC                 
0000097d  initClock               
0000077d  initGPIO                
00000145  initI2C                 
00000825  initTimer               
00000339  initUART                
000003c3  intToStr                
00000000  interruptVectors        
00000909  main                    
20000010  main_func_sp            
0000047d  memcpy                  
00000633  memset                  
00000a34  potVGAAddr              
0000038b  sendChar                
000003a7  sendStr                 
0000018b  setClmp                 
00000207  setCntl                 
000009f1  startConversion         
20000014  str                     
000009dd  strcpy                  
20000020  temp                    


GLOBAL SYMBOLS: SORTED BY Symbol Address 

address   name                    
-------   ----                    
00000000  __TI_static_base__      
00000000  interruptVectors        
00000145  initI2C                 
0000018b  setClmp                 
00000200  __STACK_SIZE            
00000207  setCntl                 
00000283  eUSCIB0IsrHandler       
00000339  initUART                
0000038b  sendChar                
000003a7  sendStr                 
000003c3  intToStr                
00000429  eUSCIA0IsrHandler       
0000047d  __aeabi_memcpy          
0000047d  __aeabi_memcpy4         
0000047d  __aeabi_memcpy8         
0000047d  memcpy                  
00000519  initADC                 
00000565  ADC14ISRHandler         
000005a5  __aeabi_cdrcmple        
0000062b  __aeabi_memclr          
0000062b  __aeabi_memclr4         
0000062b  __aeabi_memclr8         
0000062d  __aeabi_memset          
0000062d  __aeabi_memset4         
0000062d  __aeabi_memset8         
00000633  memset                  
000006a5  __TI_auto_init          
0000077d  initGPIO                
000007d5  _c_int00                
00000825  initTimer               
00000849  TimerA0_0IsrHandler     
00000875  copy_in                 
000008c1  C$$EXIT                 
000008c5  abort                   
000008cd  exit                    
00000909  main                    
00000945  __aeabi_f2d             
0000097d  initClock               
000009b1  _args_main              
000009c9  _register_unlock        
000009cf  _register_lock          
000009d7  _nop                    
000009dd  strcpy                  
000009f1  startConversion         
00000a01  __TI_decompress_none    
00000a0f  __TI_zero_init          
00000a27  __TI_decompress_rle24   
00000a2d  _system_pre_init        
00000a30  VDD                     
00000a34  potVGAAddr              
00000a35  clmpReg                 
00000a36  cntlReg                 
00000a48  __TI_Handler_Table_Base 
00000a54  __TI_Handler_Table_Limit
00000a60  __TI_CINIT_Base         
00000a70  __TI_CINIT_Limit        
20000000  _lock                   
20000004  _unlock                 
20000008  __TI_cleanup_ptr        
2000000c  __TI_dtors_ptr          
20000010  main_func_sp            
20000014  str                     
2000001c  TXData                  
20000020  temp                    
20000024  TXByteCtr               
2000fe00  __stack                 
20010000  __STACK_END             
4000480c  WDTCTL_SYM              
ffffffff  __binit__               
ffffffff  __c_args__              
ffffffff  binit                   
UNDEFED   SHT$$INIT_ARRAY$$Base   
UNDEFED   SHT$$INIT_ARRAY$$Limit  

[73 symbols]
