<?xml version="1.0"?>
<link_info>
   <banner>TI ARM Linker Unix v5.2.2</banner>
   <copyright>Copyright (c) 1996-2015 Texas Instruments Incorporated</copyright>
   <link_time>0x553e72a2</link_time>
   <link_errors>0x0</link_errors>
   <output_file>UltrasonicSensor.out</output_file>
   <entry_point>
      <name>_c_int00</name>
      <address>0x7d5</address>
   </entry_point>
   <input_file_list>
      <input_file id="fl-2">
         <path>./</path>
         <kind>object</kind>
         <file>essential.obj</file>
         <name>essential.obj</name>
      </input_file>
      <input_file id="fl-3">
         <path>./</path>
         <kind>object</kind>
         <file>main.obj</file>
         <name>main.obj</name>
      </input_file>
      <input_file id="fl-4">
         <path>./</path>
         <kind>object</kind>
         <file>msp432_startup_ccs.obj</file>
         <name>msp432_startup_ccs.obj</name>
      </input_file>
      <input_file id="fl-5">
         <path>./Peripherals/</path>
         <kind>object</kind>
         <file>adc.obj</file>
         <name>adc.obj</name>
      </input_file>
      <input_file id="fl-6">
         <path>./Peripherals/</path>
         <kind>object</kind>
         <file>clock.obj</file>
         <name>clock.obj</name>
      </input_file>
      <input_file id="fl-7">
         <path>./Peripherals/</path>
         <kind>object</kind>
         <file>gpio.obj</file>
         <name>gpio.obj</name>
      </input_file>
      <input_file id="fl-8">
         <path>./Peripherals/</path>
         <kind>object</kind>
         <file>i2c.obj</file>
         <name>i2c.obj</name>
      </input_file>
      <input_file id="fl-9">
         <path>./Peripherals/</path>
         <kind>object</kind>
         <file>timer.obj</file>
         <name>timer.obj</name>
      </input_file>
      <input_file id="fl-a">
         <path>./Peripherals/</path>
         <kind>object</kind>
         <file>uart.obj</file>
         <name>uart.obj</name>
      </input_file>
      <input_file id="fl-130">
         <path>/home/prachetverma/ti/ccsv6/tools/compiler/ti-cgt-arm_5.2.2/lib/</path>
         <kind>archive</kind>
         <file>rtsv7M4_T_le_v4SPD16_eabi.lib</file>
         <name>boot.obj</name>
      </input_file>
      <input_file id="fl-131">
         <path>/home/prachetverma/ti/ccsv6/tools/compiler/ti-cgt-arm_5.2.2/lib/</path>
         <kind>archive</kind>
         <file>rtsv7M4_T_le_v4SPD16_eabi.lib</file>
         <name>copy_decompress_none.obj</name>
      </input_file>
      <input_file id="fl-132">
         <path>/home/prachetverma/ti/ccsv6/tools/compiler/ti-cgt-arm_5.2.2/lib/</path>
         <kind>archive</kind>
         <file>rtsv7M4_T_le_v4SPD16_eabi.lib</file>
         <name>copy_decompress_rle.obj</name>
      </input_file>
      <input_file id="fl-133">
         <path>/home/prachetverma/ti/ccsv6/tools/compiler/ti-cgt-arm_5.2.2/lib/</path>
         <kind>archive</kind>
         <file>rtsv7M4_T_le_v4SPD16_eabi.lib</file>
         <name>copy_zero_init.obj</name>
      </input_file>
      <input_file id="fl-134">
         <path>/home/prachetverma/ti/ccsv6/tools/compiler/ti-cgt-arm_5.2.2/lib/</path>
         <kind>archive</kind>
         <file>rtsv7M4_T_le_v4SPD16_eabi.lib</file>
         <name>exit.obj</name>
      </input_file>
      <input_file id="fl-135">
         <path>/home/prachetverma/ti/ccsv6/tools/compiler/ti-cgt-arm_5.2.2/lib/</path>
         <kind>archive</kind>
         <file>rtsv7M4_T_le_v4SPD16_eabi.lib</file>
         <name>fd_cmp_t2.obj</name>
      </input_file>
      <input_file id="fl-136">
         <path>/home/prachetverma/ti/ccsv6/tools/compiler/ti-cgt-arm_5.2.2/lib/</path>
         <kind>archive</kind>
         <file>rtsv7M4_T_le_v4SPD16_eabi.lib</file>
         <name>fs_tod_t2.obj</name>
      </input_file>
      <input_file id="fl-137">
         <path>/home/prachetverma/ti/ccsv6/tools/compiler/ti-cgt-arm_5.2.2/lib/</path>
         <kind>archive</kind>
         <file>rtsv7M4_T_le_v4SPD16_eabi.lib</file>
         <name>memcpy_t2.obj</name>
      </input_file>
      <input_file id="fl-138">
         <path>/home/prachetverma/ti/ccsv6/tools/compiler/ti-cgt-arm_5.2.2/lib/</path>
         <kind>archive</kind>
         <file>rtsv7M4_T_le_v4SPD16_eabi.lib</file>
         <name>memset_t2.obj</name>
      </input_file>
      <input_file id="fl-139">
         <path>/home/prachetverma/ti/ccsv6/tools/compiler/ti-cgt-arm_5.2.2/lib/</path>
         <kind>archive</kind>
         <file>rtsv7M4_T_le_v4SPD16_eabi.lib</file>
         <name>pre_init.obj</name>
      </input_file>
      <input_file id="fl-13a">
         <path>/home/prachetverma/ti/ccsv6/tools/compiler/ti-cgt-arm_5.2.2/lib/</path>
         <kind>archive</kind>
         <file>rtsv7M4_T_le_v4SPD16_eabi.lib</file>
         <name>stkdepth_vars.obj</name>
      </input_file>
      <input_file id="fl-13b">
         <path>/home/prachetverma/ti/ccsv6/tools/compiler/ti-cgt-arm_5.2.2/lib/</path>
         <kind>archive</kind>
         <file>rtsv7M4_T_le_v4SPD16_eabi.lib</file>
         <name>strcpy.obj</name>
      </input_file>
      <input_file id="fl-13c">
         <path>/home/prachetverma/ti/ccsv6/tools/compiler/ti-cgt-arm_5.2.2/lib/</path>
         <kind>archive</kind>
         <file>rtsv7M4_T_le_v4SPD16_eabi.lib</file>
         <name>_lock.obj</name>
      </input_file>
      <input_file id="fl-13d">
         <path>/home/prachetverma/ti/ccsv6/tools/compiler/ti-cgt-arm_5.2.2/lib/</path>
         <kind>archive</kind>
         <file>rtsv7M4_T_le_v4SPD16_eabi.lib</file>
         <name>args_main.obj</name>
      </input_file>
      <input_file id="fl-13e">
         <path>/home/prachetverma/ti/ccsv6/tools/compiler/ti-cgt-arm_5.2.2/lib/</path>
         <kind>archive</kind>
         <file>rtsv7M4_T_le_v4SPD16_eabi.lib</file>
         <name>autoinit.obj</name>
      </input_file>
      <input_file id="fl-13f">
         <path>/home/prachetverma/ti/ccsv6/tools/compiler/ti-cgt-arm_5.2.2/lib/</path>
         <kind>archive</kind>
         <file>rtsv7M4_T_le_v4SPD16_eabi.lib</file>
         <name>cpy_tbl.obj</name>
      </input_file>
   </input_file_list>
   <object_component_list>
      <object_component id="oc-10">
         <name>.intvecs</name>
         <load_address>0x0</load_address>
         <run_address>0x0</run_address>
         <size>0x144</size>
         <input_file_ref idref="fl-4"/>
      </object_component>
      <object_component id="oc-3d">
         <name>.text</name>
         <load_address>0x144</load_address>
         <run_address>0x144</run_address>
         <size>0x1f4</size>
         <input_file_ref idref="fl-8"/>
      </object_component>
      <object_component id="oc-37">
         <name>.text</name>
         <load_address>0x338</load_address>
         <run_address>0x338</run_address>
         <size>0x144</size>
         <input_file_ref idref="fl-a"/>
      </object_component>
      <object_component id="oc-4c">
         <name>.text</name>
         <load_address>0x47c</load_address>
         <run_address>0x47c</run_address>
         <size>0x9c</size>
         <input_file_ref idref="fl-137"/>
      </object_component>
      <object_component id="oc-43">
         <name>.text</name>
         <load_address>0x518</load_address>
         <run_address>0x518</run_address>
         <size>0x8c</size>
         <input_file_ref idref="fl-5"/>
      </object_component>
      <object_component id="oc-bd">
         <name>.text:__aeabi_cdrcmple</name>
         <load_address>0x5a4</load_address>
         <run_address>0x5a4</run_address>
         <size>0x86</size>
         <input_file_ref idref="fl-135"/>
      </object_component>
      <object_component id="oc-65">
         <name>.text</name>
         <load_address>0x62a</load_address>
         <run_address>0x62a</run_address>
         <size>0x7a</size>
         <input_file_ref idref="fl-138"/>
      </object_component>
      <object_component id="oc-77">
         <name>.text</name>
         <load_address>0x6a4</load_address>
         <run_address>0x6a4</run_address>
         <size>0x6c</size>
         <input_file_ref idref="fl-13e"/>
      </object_component>
      <object_component id="oc-58">
         <name>.text</name>
         <load_address>0x710</load_address>
         <run_address>0x710</run_address>
         <size>0x6a</size>
         <input_file_ref idref="fl-132"/>
      </object_component>
      <object_component id="oc-12a">
         <name>.text</name>
         <load_address>0x77c</load_address>
         <run_address>0x77c</run_address>
         <size>0x58</size>
         <input_file_ref idref="fl-7"/>
      </object_component>
      <object_component id="oc-25">
         <name>.text</name>
         <load_address>0x7d4</load_address>
         <run_address>0x7d4</run_address>
         <size>0x50</size>
         <input_file_ref idref="fl-130"/>
      </object_component>
      <object_component id="oc-31">
         <name>.text</name>
         <load_address>0x824</load_address>
         <run_address>0x824</run_address>
         <size>0x50</size>
         <input_file_ref idref="fl-9"/>
      </object_component>
      <object_component id="oc-e0">
         <name>.text</name>
         <load_address>0x874</load_address>
         <run_address>0x874</run_address>
         <size>0x4c</size>
         <input_file_ref idref="fl-13f"/>
      </object_component>
      <object_component id="oc-83">
         <name>.text</name>
         <load_address>0x8c0</load_address>
         <run_address>0x8c0</run_address>
         <size>0x44</size>
         <input_file_ref idref="fl-134"/>
      </object_component>
      <object_component id="oc-e8">
         <name>.text</name>
         <load_address>0x904</load_address>
         <run_address>0x904</run_address>
         <size>0x40</size>
         <input_file_ref idref="fl-3"/>
      </object_component>
      <object_component id="oc-b8">
         <name>.text</name>
         <load_address>0x944</load_address>
         <run_address>0x944</run_address>
         <size>0x38</size>
         <input_file_ref idref="fl-136"/>
      </object_component>
      <object_component id="oc-124">
         <name>.text</name>
         <load_address>0x97c</load_address>
         <run_address>0x97c</run_address>
         <size>0x34</size>
         <input_file_ref idref="fl-6"/>
      </object_component>
      <object_component id="oc-7d">
         <name>.text</name>
         <load_address>0x9b0</load_address>
         <run_address>0x9b0</run_address>
         <size>0x18</size>
         <input_file_ref idref="fl-13d"/>
      </object_component>
      <object_component id="oc-138">
         <name>.text</name>
         <load_address>0x9c8</load_address>
         <run_address>0x9c8</run_address>
         <size>0x14</size>
         <input_file_ref idref="fl-13c"/>
      </object_component>
      <object_component id="oc-96">
         <name>.text</name>
         <load_address>0x9dc</load_address>
         <run_address>0x9dc</run_address>
         <size>0x14</size>
         <input_file_ref idref="fl-13b"/>
      </object_component>
      <object_component id="oc-8e">
         <name>.text:startConversion</name>
         <load_address>0x9f0</load_address>
         <run_address>0x9f0</run_address>
         <size>0x10</size>
         <input_file_ref idref="fl-5"/>
      </object_component>
      <object_component id="oc-13">
         <name>.text:decompress:none</name>
         <load_address>0xa00</load_address>
         <run_address>0xa00</run_address>
         <size>0xe</size>
         <input_file_ref idref="fl-131"/>
      </object_component>
      <object_component id="oc-1f">
         <name>.text:decompress:ZI</name>
         <load_address>0xa0e</load_address>
         <run_address>0xa0e</run_address>
         <size>0xc</size>
         <input_file_ref idref="fl-133"/>
      </object_component>
      <object_component id="oc-2b">
         <name>.text</name>
         <load_address>0xa1a</load_address>
         <run_address>0xa1a</run_address>
         <size>0xc</size>
         <input_file_ref idref="fl-4"/>
      </object_component>
      <object_component id="oc-19">
         <name>.text:decompress:rle24</name>
         <load_address>0xa26</load_address>
         <run_address>0xa26</run_address>
         <size>0x6</size>
         <input_file_ref idref="fl-132"/>
      </object_component>
      <object_component id="oc-71">
         <name>.text</name>
         <load_address>0xa2c</load_address>
         <run_address>0xa2c</run_address>
         <size>0x4</size>
         <input_file_ref idref="fl-139"/>
      </object_component>
      <object_component id="oc-c2">
         <name>.const</name>
         <load_address>0xa30</load_address>
         <run_address>0xa30</run_address>
         <size>0x7</size>
         <input_file_ref idref="fl-8"/>
      </object_component>
      <object_component id="oc-177">
         <name>.cinit..data.load</name>
         <load_address>0xa38</load_address>
         <run_address>0xa38</run_address>
         <size>0xf</size>
      </object_component>
      <object_component id="oc-175">
         <name>__TI_handler_table</name>
         <load_address>0xa48</load_address>
         <run_address>0xa48</run_address>
         <size>0xc</size>
      </object_component>
      <object_component id="oc-178">
         <name>.cinit..bss.load</name>
         <load_address>0xa58</load_address>
         <run_address>0xa58</run_address>
         <size>0x8</size>
      </object_component>
      <object_component id="oc-176">
         <name>__TI_cinit_table</name>
         <load_address>0xa60</load_address>
         <run_address>0xa60</run_address>
         <size>0x10</size>
      </object_component>
      <object_component id="oc-2a">
         <name>.stack</name>
         <uninitialized>true</uninitialized>
         <run_address>0x2000fe00</run_address>
         <size>0x0</size>
         <input_file_ref idref="fl-130"/>
      </object_component>
      <object_component id="oc-179">
         <name>.stack</name>
         <uninitialized>true</uninitialized>
         <run_address>0x2000fe00</run_address>
         <size>0x0</size>
      </object_component>
      <object_component id="oc-9c">
         <name>.common:str</name>
         <uninitialized>true</uninitialized>
         <run_address>0x20000014</run_address>
         <size>0x8</size>
      </object_component>
      <object_component id="oc-c8">
         <name>.common:temp</name>
         <uninitialized>true</uninitialized>
         <run_address>0x20000020</run_address>
         <size>0x4</size>
      </object_component>
      <object_component id="oc-c5">
         <name>.common:TXData</name>
         <uninitialized>true</uninitialized>
         <run_address>0x2000001c</run_address>
         <size>0x4</size>
      </object_component>
      <object_component id="oc-c6">
         <name>.common:TXByteCtr</name>
         <uninitialized>true</uninitialized>
         <run_address>0x20000024</run_address>
         <size>0x1</size>
      </object_component>
      <object_component id="oc-f3">
         <name>.data</name>
         <load_address>0x20000008</load_address>
         <run_address>0x20000008</run_address>
         <size>0x8</size>
         <input_file_ref idref="fl-134"/>
      </object_component>
      <object_component id="oc-89">
         <name>.data</name>
         <load_address>0x20000010</load_address>
         <run_address>0x20000010</run_address>
         <size>0x4</size>
         <input_file_ref idref="fl-13a"/>
      </object_component>
      <object_component id="oc-f0">
         <name>.data</name>
         <load_address>0x20000000</load_address>
         <run_address>0x20000000</run_address>
         <size>0x8</size>
         <input_file_ref idref="fl-13c"/>
      </object_component>
      <object_component id="oc-9d">
         <name>.debug_info</name>
         <load_address>0x0</load_address>
         <run_address>0x0</run_address>
         <size>0x32e</size>
         <input_file_ref idref="fl-2"/>
      </object_component>
      <object_component id="oc-ff">
         <name>.debug_info</name>
         <load_address>0x32e</load_address>
         <run_address>0x32e</run_address>
         <size>0x103c</size>
         <input_file_ref idref="fl-2"/>
      </object_component>
      <object_component id="oc-ae">
         <name>.debug_info</name>
         <load_address>0x136a</load_address>
         <run_address>0x136a</run_address>
         <size>0x84</size>
         <input_file_ref idref="fl-2"/>
      </object_component>
      <object_component id="oc-b3">
         <name>.debug_info</name>
         <load_address>0x13ee</load_address>
         <run_address>0x13ee</run_address>
         <size>0x18b</size>
         <input_file_ref idref="fl-2"/>
      </object_component>
      <object_component id="oc-d7">
         <name>.debug_info</name>
         <load_address>0x1579</load_address>
         <run_address>0x1579</run_address>
         <size>0x2c</size>
         <input_file_ref idref="fl-2"/>
      </object_component>
      <object_component id="oc-9f">
         <name>.debug_info</name>
         <load_address>0x15a5</load_address>
         <run_address>0x15a5</run_address>
         <size>0x3de</size>
         <input_file_ref idref="fl-3"/>
      </object_component>
      <object_component id="oc-e9">
         <name>.debug_info</name>
         <load_address>0x1983</load_address>
         <run_address>0x1983</run_address>
         <size>0x1d6</size>
         <input_file_ref idref="fl-3"/>
      </object_component>
      <object_component id="oc-4b">
         <name>.debug_info</name>
         <load_address>0x1b59</load_address>
         <run_address>0x1b59</run_address>
         <size>0x1a6</size>
         <input_file_ref idref="fl-4"/>
      </object_component>
      <object_component id="oc-11">
         <name>.debug_info</name>
         <load_address>0x1cff</load_address>
         <run_address>0x1cff</run_address>
         <size>0xeb</size>
         <input_file_ref idref="fl-4"/>
      </object_component>
      <object_component id="oc-2c">
         <name>.debug_info</name>
         <load_address>0x1dea</load_address>
         <run_address>0x1dea</run_address>
         <size>0x219</size>
         <input_file_ref idref="fl-4"/>
      </object_component>
      <object_component id="oc-a1">
         <name>.debug_info</name>
         <load_address>0x2003</load_address>
         <run_address>0x2003</run_address>
         <size>0x354</size>
         <input_file_ref idref="fl-5"/>
      </object_component>
      <object_component id="oc-8f">
         <name>.debug_info</name>
         <load_address>0x2357</load_address>
         <run_address>0x2357</run_address>
         <size>0x126</size>
         <input_file_ref idref="fl-5"/>
      </object_component>
      <object_component id="oc-44">
         <name>.debug_info</name>
         <load_address>0x247d</load_address>
         <run_address>0x247d</run_address>
         <size>0x17d</size>
         <input_file_ref idref="fl-5"/>
      </object_component>
      <object_component id="oc-a3">
         <name>.debug_info</name>
         <load_address>0x25fa</load_address>
         <run_address>0x25fa</run_address>
         <size>0x336</size>
         <input_file_ref idref="fl-6"/>
      </object_component>
      <object_component id="oc-125">
         <name>.debug_info</name>
         <load_address>0x2930</load_address>
         <run_address>0x2930</run_address>
         <size>0x120</size>
         <input_file_ref idref="fl-6"/>
      </object_component>
      <object_component id="oc-a5">
         <name>.debug_info</name>
         <load_address>0x2a50</load_address>
         <run_address>0x2a50</run_address>
         <size>0x335</size>
         <input_file_ref idref="fl-7"/>
      </object_component>
      <object_component id="oc-12b">
         <name>.debug_info</name>
         <load_address>0x2d85</load_address>
         <run_address>0x2d85</run_address>
         <size>0x11b</size>
         <input_file_ref idref="fl-7"/>
      </object_component>
      <object_component id="oc-a7">
         <name>.debug_info</name>
         <load_address>0x2ea0</load_address>
         <run_address>0x2ea0</run_address>
         <size>0x39e</size>
         <input_file_ref idref="fl-8"/>
      </object_component>
      <object_component id="oc-c3">
         <name>.debug_info</name>
         <load_address>0x323e</load_address>
         <run_address>0x323e</run_address>
         <size>0x131</size>
         <input_file_ref idref="fl-8"/>
      </object_component>
      <object_component id="oc-3e">
         <name>.debug_info</name>
         <load_address>0x336f</load_address>
         <run_address>0x336f</run_address>
         <size>0x2d1</size>
         <input_file_ref idref="fl-8"/>
      </object_component>
      <object_component id="oc-a9">
         <name>.debug_info</name>
         <load_address>0x3640</load_address>
         <run_address>0x3640</run_address>
         <size>0x37c</size>
         <input_file_ref idref="fl-9"/>
      </object_component>
      <object_component id="oc-32">
         <name>.debug_info</name>
         <load_address>0x39bc</load_address>
         <run_address>0x39bc</run_address>
         <size>0x1a9</size>
         <input_file_ref idref="fl-9"/>
      </object_component>
      <object_component id="oc-ab">
         <name>.debug_info</name>
         <load_address>0x3b65</load_address>
         <run_address>0x3b65</run_address>
         <size>0x367</size>
         <input_file_ref idref="fl-a"/>
      </object_component>
      <object_component id="oc-38">
         <name>.debug_info</name>
         <load_address>0x3ecc</load_address>
         <run_address>0x3ecc</run_address>
         <size>0x318</size>
         <input_file_ref idref="fl-a"/>
      </object_component>
      <object_component id="oc-28">
         <name>.debug_info</name>
         <load_address>0x41e4</load_address>
         <run_address>0x41e4</run_address>
         <size>0x138</size>
         <input_file_ref idref="fl-130"/>
      </object_component>
      <object_component id="oc-57">
         <name>.debug_info</name>
         <load_address>0x431c</load_address>
         <run_address>0x431c</run_address>
         <size>0x123</size>
         <input_file_ref idref="fl-131"/>
      </object_component>
      <object_component id="oc-14">
         <name>.debug_info</name>
         <load_address>0x443f</load_address>
         <run_address>0x443f</run_address>
         <size>0x1c2</size>
         <input_file_ref idref="fl-131"/>
      </object_component>
      <object_component id="oc-52">
         <name>.debug_info</name>
         <load_address>0x4601</load_address>
         <run_address>0x4601</run_address>
         <size>0x46</size>
         <input_file_ref idref="fl-131"/>
      </object_component>
      <object_component id="oc-cd">
         <name>.debug_info</name>
         <load_address>0x4647</load_address>
         <run_address>0x4647</run_address>
         <size>0x2c</size>
         <input_file_ref idref="fl-131"/>
      </object_component>
      <object_component id="oc-5f">
         <name>.debug_info</name>
         <load_address>0x4673</load_address>
         <run_address>0x4673</run_address>
         <size>0x117</size>
         <input_file_ref idref="fl-132"/>
      </object_component>
      <object_component id="oc-59">
         <name>.debug_info</name>
         <load_address>0x478a</load_address>
         <run_address>0x478a</run_address>
         <size>0x22a</size>
         <input_file_ref idref="fl-132"/>
      </object_component>
      <object_component id="oc-1a">
         <name>.debug_info</name>
         <load_address>0x49b4</load_address>
         <run_address>0x49b4</run_address>
         <size>0x1bc</size>
         <input_file_ref idref="fl-132"/>
      </object_component>
      <object_component id="oc-60">
         <name>.debug_info</name>
         <load_address>0x4b70</load_address>
         <run_address>0x4b70</run_address>
         <size>0x39</size>
         <input_file_ref idref="fl-132"/>
      </object_component>
      <object_component id="oc-70">
         <name>.debug_info</name>
         <load_address>0x4ba9</load_address>
         <run_address>0x4ba9</run_address>
         <size>0x112</size>
         <input_file_ref idref="fl-133"/>
      </object_component>
      <object_component id="oc-20">
         <name>.debug_info</name>
         <load_address>0x4cbb</load_address>
         <run_address>0x4cbb</run_address>
         <size>0x18d</size>
         <input_file_ref idref="fl-133"/>
      </object_component>
      <object_component id="oc-6b">
         <name>.debug_info</name>
         <load_address>0x4e48</load_address>
         <run_address>0x4e48</run_address>
         <size>0x46</size>
         <input_file_ref idref="fl-133"/>
      </object_component>
      <object_component id="oc-f7">
         <name>.debug_info</name>
         <load_address>0x4e8e</load_address>
         <run_address>0x4e8e</run_address>
         <size>0x174</size>
         <input_file_ref idref="fl-134"/>
      </object_component>
      <object_component id="oc-f4">
         <name>.debug_info</name>
         <load_address>0x5002</load_address>
         <run_address>0x5002</run_address>
         <size>0x119</size>
         <input_file_ref idref="fl-134"/>
      </object_component>
      <object_component id="oc-84">
         <name>.debug_info</name>
         <load_address>0x511b</load_address>
         <run_address>0x511b</run_address>
         <size>0x1f0</size>
         <input_file_ref idref="fl-134"/>
      </object_component>
      <object_component id="oc-be">
         <name>.debug_info</name>
         <load_address>0x530b</load_address>
         <run_address>0x530b</run_address>
         <size>0x10b</size>
         <input_file_ref idref="fl-135"/>
      </object_component>
      <object_component id="oc-b9">
         <name>.debug_info</name>
         <load_address>0x5416</load_address>
         <run_address>0x5416</run_address>
         <size>0x10d</size>
         <input_file_ref idref="fl-136"/>
      </object_component>
      <object_component id="oc-4d">
         <name>.debug_info</name>
         <load_address>0x5523</load_address>
         <run_address>0x5523</run_address>
         <size>0xfa</size>
         <input_file_ref idref="fl-137"/>
      </object_component>
      <object_component id="oc-66">
         <name>.debug_info</name>
         <load_address>0x561d</load_address>
         <run_address>0x561d</run_address>
         <size>0x12a</size>
         <input_file_ref idref="fl-138"/>
      </object_component>
      <object_component id="oc-72">
         <name>.debug_info</name>
         <load_address>0x5747</load_address>
         <run_address>0x5747</run_address>
         <size>0x12b</size>
         <input_file_ref idref="fl-139"/>
      </object_component>
      <object_component id="oc-8a">
         <name>.debug_info</name>
         <load_address>0x5872</load_address>
         <run_address>0x5872</run_address>
         <size>0xec</size>
         <input_file_ref idref="fl-13a"/>
      </object_component>
      <object_component id="oc-fc">
         <name>.debug_info</name>
         <load_address>0x595e</load_address>
         <run_address>0x595e</run_address>
         <size>0xd8</size>
         <input_file_ref idref="fl-13b"/>
      </object_component>
      <object_component id="oc-97">
         <name>.debug_info</name>
         <load_address>0x5a36</load_address>
         <run_address>0x5a36</run_address>
         <size>0x1f3</size>
         <input_file_ref idref="fl-13b"/>
      </object_component>
      <object_component id="oc-140">
         <name>.debug_info</name>
         <load_address>0x5c29</load_address>
         <run_address>0x5c29</run_address>
         <size>0x107</size>
         <input_file_ref idref="fl-13c"/>
      </object_component>
      <object_component id="oc-f1">
         <name>.debug_info</name>
         <load_address>0x5d30</load_address>
         <run_address>0x5d30</run_address>
         <size>0xf6</size>
         <input_file_ref idref="fl-13c"/>
      </object_component>
      <object_component id="oc-139">
         <name>.debug_info</name>
         <load_address>0x5e26</load_address>
         <run_address>0x5e26</run_address>
         <size>0x202</size>
         <input_file_ref idref="fl-13c"/>
      </object_component>
      <object_component id="oc-ef">
         <name>.debug_info</name>
         <load_address>0x6028</load_address>
         <run_address>0x6028</run_address>
         <size>0x149</size>
         <input_file_ref idref="fl-13d"/>
      </object_component>
      <object_component id="oc-7e">
         <name>.debug_info</name>
         <load_address>0x6171</load_address>
         <run_address>0x6171</run_address>
         <size>0x14a</size>
         <input_file_ref idref="fl-13d"/>
      </object_component>
      <object_component id="oc-133">
         <name>.debug_info</name>
         <load_address>0x62bb</load_address>
         <run_address>0x62bb</run_address>
         <size>0x5e</size>
         <input_file_ref idref="fl-13d"/>
      </object_component>
      <object_component id="oc-e7">
         <name>.debug_info</name>
         <load_address>0x6319</load_address>
         <run_address>0x6319</run_address>
         <size>0x2a0</size>
         <input_file_ref idref="fl-13e"/>
      </object_component>
      <object_component id="oc-78">
         <name>.debug_info</name>
         <load_address>0x65b9</load_address>
         <run_address>0x65b9</run_address>
         <size>0x15a</size>
         <input_file_ref idref="fl-13e"/>
      </object_component>
      <object_component id="oc-11a">
         <name>.debug_info</name>
         <load_address>0x6713</load_address>
         <run_address>0x6713</run_address>
         <size>0x39</size>
         <input_file_ref idref="fl-13e"/>
      </object_component>
      <object_component id="oc-11f">
         <name>.debug_info</name>
         <load_address>0x674c</load_address>
         <run_address>0x674c</run_address>
         <size>0xcd</size>
         <input_file_ref idref="fl-13e"/>
      </object_component>
      <object_component id="oc-117">
         <name>.debug_info</name>
         <load_address>0x6819</load_address>
         <run_address>0x6819</run_address>
         <size>0x1c3</size>
         <input_file_ref idref="fl-13f"/>
      </object_component>
      <object_component id="oc-e1">
         <name>.debug_info</name>
         <load_address>0x69dc</load_address>
         <run_address>0x69dc</run_address>
         <size>0x17f</size>
         <input_file_ref idref="fl-13f"/>
      </object_component>
      <object_component id="oc-14a">
         <name>.debug_info</name>
         <load_address>0x6b5b</load_address>
         <run_address>0x6b5b</run_address>
         <size>0x2c</size>
         <input_file_ref idref="fl-13f"/>
      </object_component>
      <object_component id="oc-17a">
         <name>.debug_info</name>
         <load_address>0x6b87</load_address>
         <run_address>0x6b87</run_address>
         <size>0xa3</size>
      </object_component>
      <object_component id="oc-fe">
         <name>.debug_line</name>
         <load_address>0x0</load_address>
         <run_address>0x0</run_address>
         <size>0x32</size>
         <input_file_ref idref="fl-2"/>
      </object_component>
      <object_component id="oc-102">
         <name>.debug_line</name>
         <load_address>0x32</load_address>
         <run_address>0x32</run_address>
         <size>0x65</size>
         <input_file_ref idref="fl-2"/>
      </object_component>
      <object_component id="oc-b1">
         <name>.debug_line</name>
         <load_address>0x97</load_address>
         <run_address>0x97</run_address>
         <size>0x20</size>
         <input_file_ref idref="fl-2"/>
      </object_component>
      <object_component id="oc-b6">
         <name>.debug_line</name>
         <load_address>0xb7</load_address>
         <run_address>0xb7</run_address>
         <size>0x70</size>
         <input_file_ref idref="fl-2"/>
      </object_component>
      <object_component id="oc-da">
         <name>.debug_line</name>
         <load_address>0x127</load_address>
         <run_address>0x127</run_address>
         <size>0x70</size>
         <input_file_ref idref="fl-2"/>
      </object_component>
      <object_component id="oc-105">
         <name>.debug_line</name>
         <load_address>0x197</load_address>
         <run_address>0x197</run_address>
         <size>0x96</size>
         <input_file_ref idref="fl-3"/>
      </object_component>
      <object_component id="oc-ec">
         <name>.debug_line</name>
         <load_address>0x22d</load_address>
         <run_address>0x22d</run_address>
         <size>0xab</size>
         <input_file_ref idref="fl-3"/>
      </object_component>
      <object_component id="oc-cb">
         <name>.debug_line</name>
         <load_address>0x2d8</load_address>
         <run_address>0x2d8</run_address>
         <size>0x3b</size>
         <input_file_ref idref="fl-4"/>
      </object_component>
      <object_component id="oc-4a">
         <name>.debug_line</name>
         <load_address>0x313</load_address>
         <run_address>0x313</run_address>
         <size>0x3b</size>
         <input_file_ref idref="fl-4"/>
      </object_component>
      <object_component id="oc-2f">
         <name>.debug_line</name>
         <load_address>0x34e</load_address>
         <run_address>0x34e</run_address>
         <size>0x9b</size>
         <input_file_ref idref="fl-4"/>
      </object_component>
      <object_component id="oc-107">
         <name>.debug_line</name>
         <load_address>0x3e9</load_address>
         <run_address>0x3e9</run_address>
         <size>0x69</size>
         <input_file_ref idref="fl-5"/>
      </object_component>
      <object_component id="oc-92">
         <name>.debug_line</name>
         <load_address>0x452</load_address>
         <run_address>0x452</run_address>
         <size>0x4d</size>
         <input_file_ref idref="fl-5"/>
      </object_component>
      <object_component id="oc-47">
         <name>.debug_line</name>
         <load_address>0x49f</load_address>
         <run_address>0x49f</run_address>
         <size>0x6d</size>
         <input_file_ref idref="fl-5"/>
      </object_component>
      <object_component id="oc-109">
         <name>.debug_line</name>
         <load_address>0x50c</load_address>
         <run_address>0x50c</run_address>
         <size>0x41</size>
         <input_file_ref idref="fl-6"/>
      </object_component>
      <object_component id="oc-128">
         <name>.debug_line</name>
         <load_address>0x54d</load_address>
         <run_address>0x54d</run_address>
         <size>0x53</size>
         <input_file_ref idref="fl-6"/>
      </object_component>
      <object_component id="oc-10b">
         <name>.debug_line</name>
         <load_address>0x5a0</load_address>
         <run_address>0x5a0</run_address>
         <size>0x41</size>
         <input_file_ref idref="fl-7"/>
      </object_component>
      <object_component id="oc-12e">
         <name>.debug_line</name>
         <load_address>0x5e1</load_address>
         <run_address>0x5e1</run_address>
         <size>0x53</size>
         <input_file_ref idref="fl-7"/>
      </object_component>
      <object_component id="oc-10d">
         <name>.debug_line</name>
         <load_address>0x634</load_address>
         <run_address>0x634</run_address>
         <size>0x81</size>
         <input_file_ref idref="fl-8"/>
      </object_component>
      <object_component id="oc-115">
         <name>.debug_line</name>
         <load_address>0x6b5</load_address>
         <run_address>0x6b5</run_address>
         <size>0x38</size>
         <input_file_ref idref="fl-8"/>
      </object_component>
      <object_component id="oc-41">
         <name>.debug_line</name>
         <load_address>0x6ed</load_address>
         <run_address>0x6ed</run_address>
         <size>0xda</size>
         <input_file_ref idref="fl-8"/>
      </object_component>
      <object_component id="oc-10f">
         <name>.debug_line</name>
         <load_address>0x7c7</load_address>
         <run_address>0x7c7</run_address>
         <size>0x90</size>
         <input_file_ref idref="fl-9"/>
      </object_component>
      <object_component id="oc-35">
         <name>.debug_line</name>
         <load_address>0x857</load_address>
         <run_address>0x857</run_address>
         <size>0x6a</size>
         <input_file_ref idref="fl-9"/>
      </object_component>
      <object_component id="oc-111">
         <name>.debug_line</name>
         <load_address>0x8c1</load_address>
         <run_address>0x8c1</run_address>
         <size>0x91</size>
         <input_file_ref idref="fl-a"/>
      </object_component>
      <object_component id="oc-3b">
         <name>.debug_line</name>
         <load_address>0x952</load_address>
         <run_address>0x952</run_address>
         <size>0xe9</size>
         <input_file_ref idref="fl-a"/>
      </object_component>
      <object_component id="oc-26">
         <name>.debug_line</name>
         <load_address>0xa3b</load_address>
         <run_address>0xa3b</run_address>
         <size>0x52</size>
         <input_file_ref idref="fl-130"/>
      </object_component>
      <object_component id="oc-d3">
         <name>.debug_line</name>
         <load_address>0xa8d</load_address>
         <run_address>0xa8d</run_address>
         <size>0x72</size>
         <input_file_ref idref="fl-131"/>
      </object_component>
      <object_component id="oc-17">
         <name>.debug_line</name>
         <load_address>0xaff</load_address>
         <run_address>0xaff</run_address>
         <size>0x55</size>
         <input_file_ref idref="fl-131"/>
      </object_component>
      <object_component id="oc-55">
         <name>.debug_line</name>
         <load_address>0xb54</load_address>
         <run_address>0xb54</run_address>
         <size>0x3a</size>
         <input_file_ref idref="fl-131"/>
      </object_component>
      <object_component id="oc-d0">
         <name>.debug_line</name>
         <load_address>0xb8e</load_address>
         <run_address>0xb8e</run_address>
         <size>0x72</size>
         <input_file_ref idref="fl-131"/>
      </object_component>
      <object_component id="oc-d6">
         <name>.debug_line</name>
         <load_address>0xc00</load_address>
         <run_address>0xc00</run_address>
         <size>0x72</size>
         <input_file_ref idref="fl-132"/>
      </object_component>
      <object_component id="oc-5c">
         <name>.debug_line</name>
         <load_address>0xc72</load_address>
         <run_address>0xc72</run_address>
         <size>0x98</size>
         <input_file_ref idref="fl-132"/>
      </object_component>
      <object_component id="oc-1d">
         <name>.debug_line</name>
         <load_address>0xd0a</load_address>
         <run_address>0xd0a</run_address>
         <size>0x4b</size>
         <input_file_ref idref="fl-132"/>
      </object_component>
      <object_component id="oc-63">
         <name>.debug_line</name>
         <load_address>0xd55</load_address>
         <run_address>0xd55</run_address>
         <size>0x39</size>
         <input_file_ref idref="fl-132"/>
      </object_component>
      <object_component id="oc-de">
         <name>.debug_line</name>
         <load_address>0xd8e</load_address>
         <run_address>0xd8e</run_address>
         <size>0x72</size>
         <input_file_ref idref="fl-133"/>
      </object_component>
      <object_component id="oc-23">
         <name>.debug_line</name>
         <load_address>0xe00</load_address>
         <run_address>0xe00</run_address>
         <size>0x4f</size>
         <input_file_ref idref="fl-133"/>
      </object_component>
      <object_component id="oc-6e">
         <name>.debug_line</name>
         <load_address>0xe4f</load_address>
         <run_address>0xe4f</run_address>
         <size>0x34</size>
         <input_file_ref idref="fl-133"/>
      </object_component>
      <object_component id="oc-145">
         <name>.debug_line</name>
         <load_address>0xe83</load_address>
         <run_address>0xe83</run_address>
         <size>0x71</size>
         <input_file_ref idref="fl-134"/>
      </object_component>
      <object_component id="oc-143">
         <name>.debug_line</name>
         <load_address>0xef4</load_address>
         <run_address>0xef4</run_address>
         <size>0x2a</size>
         <input_file_ref idref="fl-134"/>
      </object_component>
      <object_component id="oc-87">
         <name>.debug_line</name>
         <load_address>0xf1e</load_address>
         <run_address>0xf1e</run_address>
         <size>0x7a</size>
         <input_file_ref idref="fl-134"/>
      </object_component>
      <object_component id="oc-c1">
         <name>.debug_line</name>
         <load_address>0xf98</load_address>
         <run_address>0xf98</run_address>
         <size>0x77</size>
         <input_file_ref idref="fl-135"/>
      </object_component>
      <object_component id="oc-bc">
         <name>.debug_line</name>
         <load_address>0x100f</load_address>
         <run_address>0x100f</run_address>
         <size>0x56</size>
         <input_file_ref idref="fl-136"/>
      </object_component>
      <object_component id="oc-50">
         <name>.debug_line</name>
         <load_address>0x1065</load_address>
         <run_address>0x1065</run_address>
         <size>0x88</size>
         <input_file_ref idref="fl-137"/>
      </object_component>
      <object_component id="oc-69">
         <name>.debug_line</name>
         <load_address>0x10ed</load_address>
         <run_address>0x10ed</run_address>
         <size>0x79</size>
         <input_file_ref idref="fl-138"/>
      </object_component>
      <object_component id="oc-75">
         <name>.debug_line</name>
         <load_address>0x1166</load_address>
         <run_address>0x1166</run_address>
         <size>0x40</size>
         <input_file_ref idref="fl-139"/>
      </object_component>
      <object_component id="oc-fa">
         <name>.debug_line</name>
         <load_address>0x11a6</load_address>
         <run_address>0x11a6</run_address>
         <size>0x33</size>
         <input_file_ref idref="fl-13a"/>
      </object_component>
      <object_component id="oc-147">
         <name>.debug_line</name>
         <load_address>0x11d9</load_address>
         <run_address>0x11d9</run_address>
         <size>0x20</size>
         <input_file_ref idref="fl-13b"/>
      </object_component>
      <object_component id="oc-9a">
         <name>.debug_line</name>
         <load_address>0x11f9</load_address>
         <run_address>0x11f9</run_address>
         <size>0x88</size>
         <input_file_ref idref="fl-13b"/>
      </object_component>
      <object_component id="oc-153">
         <name>.debug_line</name>
         <load_address>0x1281</load_address>
         <run_address>0x1281</run_address>
         <size>0x20</size>
         <input_file_ref idref="fl-13c"/>
      </object_component>
      <object_component id="oc-13f">
         <name>.debug_line</name>
         <load_address>0x12a1</load_address>
         <run_address>0x12a1</run_address>
         <size>0x2b</size>
         <input_file_ref idref="fl-13c"/>
      </object_component>
      <object_component id="oc-13c">
         <name>.debug_line</name>
         <load_address>0x12cc</load_address>
         <run_address>0x12cc</run_address>
         <size>0x68</size>
         <input_file_ref idref="fl-13c"/>
      </object_component>
      <object_component id="oc-132">
         <name>.debug_line</name>
         <load_address>0x1334</load_address>
         <run_address>0x1334</run_address>
         <size>0x2b</size>
         <input_file_ref idref="fl-13d"/>
      </object_component>
      <object_component id="oc-81">
         <name>.debug_line</name>
         <load_address>0x135f</load_address>
         <run_address>0x135f</run_address>
         <size>0x50</size>
         <input_file_ref idref="fl-13d"/>
      </object_component>
      <object_component id="oc-136">
         <name>.debug_line</name>
         <load_address>0x13af</load_address>
         <run_address>0x13af</run_address>
         <size>0x2b</size>
         <input_file_ref idref="fl-13d"/>
      </object_component>
      <object_component id="oc-119">
         <name>.debug_line</name>
         <load_address>0x13da</load_address>
         <run_address>0x13da</run_address>
         <size>0x81</size>
         <input_file_ref idref="fl-13e"/>
      </object_component>
      <object_component id="oc-7b">
         <name>.debug_line</name>
         <load_address>0x145b</load_address>
         <run_address>0x145b</run_address>
         <size>0x79</size>
         <input_file_ref idref="fl-13e"/>
      </object_component>
      <object_component id="oc-11d">
         <name>.debug_line</name>
         <load_address>0x14d4</load_address>
         <run_address>0x14d4</run_address>
         <size>0x2e</size>
         <input_file_ref idref="fl-13e"/>
      </object_component>
      <object_component id="oc-122">
         <name>.debug_line</name>
         <load_address>0x1502</load_address>
         <run_address>0x1502</run_address>
         <size>0x73</size>
         <input_file_ref idref="fl-13e"/>
      </object_component>
      <object_component id="oc-149">
         <name>.debug_line</name>
         <load_address>0x1575</load_address>
         <run_address>0x1575</run_address>
         <size>0x80</size>
         <input_file_ref idref="fl-13f"/>
      </object_component>
      <object_component id="oc-e4">
         <name>.debug_line</name>
         <load_address>0x15f5</load_address>
         <run_address>0x15f5</run_address>
         <size>0x68</size>
         <input_file_ref idref="fl-13f"/>
      </object_component>
      <object_component id="oc-14d">
         <name>.debug_line</name>
         <load_address>0x165d</load_address>
         <run_address>0x165d</run_address>
         <size>0x2e</size>
         <input_file_ref idref="fl-13f"/>
      </object_component>
      <object_component id="oc-fd">
         <name>.debug_abbrev</name>
         <load_address>0x0</load_address>
         <run_address>0x0</run_address>
         <size>0x92</size>
         <input_file_ref idref="fl-2"/>
      </object_component>
      <object_component id="oc-101">
         <name>.debug_abbrev</name>
         <load_address>0x92</load_address>
         <run_address>0x92</run_address>
         <size>0xb5</size>
         <input_file_ref idref="fl-2"/>
      </object_component>
      <object_component id="oc-b0">
         <name>.debug_abbrev</name>
         <load_address>0x147</load_address>
         <run_address>0x147</run_address>
         <size>0x1f</size>
         <input_file_ref idref="fl-2"/>
      </object_component>
      <object_component id="oc-b5">
         <name>.debug_abbrev</name>
         <load_address>0x166</load_address>
         <run_address>0x166</run_address>
         <size>0x35</size>
         <input_file_ref idref="fl-2"/>
      </object_component>
      <object_component id="oc-d9">
         <name>.debug_abbrev</name>
         <load_address>0x19b</load_address>
         <run_address>0x19b</run_address>
         <size>0x24</size>
         <input_file_ref idref="fl-2"/>
      </object_component>
      <object_component id="oc-104">
         <name>.debug_abbrev</name>
         <load_address>0x1bf</load_address>
         <run_address>0x1bf</run_address>
         <size>0xda</size>
         <input_file_ref idref="fl-3"/>
      </object_component>
      <object_component id="oc-130">
         <name>.debug_abbrev</name>
         <load_address>0x299</load_address>
         <run_address>0x299</run_address>
         <size>0x8b</size>
         <input_file_ref idref="fl-3"/>
      </object_component>
      <object_component id="oc-ca">
         <name>.debug_abbrev</name>
         <load_address>0x324</load_address>
         <run_address>0x324</run_address>
         <size>0x71</size>
         <input_file_ref idref="fl-4"/>
      </object_component>
      <object_component id="oc-49">
         <name>.debug_abbrev</name>
         <load_address>0x395</load_address>
         <run_address>0x395</run_address>
         <size>0x29</size>
         <input_file_ref idref="fl-4"/>
      </object_component>
      <object_component id="oc-8d">
         <name>.debug_abbrev</name>
         <load_address>0x3be</load_address>
         <run_address>0x3be</run_address>
         <size>0x77</size>
         <input_file_ref idref="fl-4"/>
      </object_component>
      <object_component id="oc-106">
         <name>.debug_abbrev</name>
         <load_address>0x435</load_address>
         <run_address>0x435</run_address>
         <size>0xaf</size>
         <input_file_ref idref="fl-5"/>
      </object_component>
      <object_component id="oc-91">
         <name>.debug_abbrev</name>
         <load_address>0x4e4</load_address>
         <run_address>0x4e4</run_address>
         <size>0x50</size>
         <input_file_ref idref="fl-5"/>
      </object_component>
      <object_component id="oc-c9">
         <name>.debug_abbrev</name>
         <load_address>0x534</load_address>
         <run_address>0x534</run_address>
         <size>0x50</size>
         <input_file_ref idref="fl-5"/>
      </object_component>
      <object_component id="oc-108">
         <name>.debug_abbrev</name>
         <load_address>0x584</load_address>
         <run_address>0x584</run_address>
         <size>0x92</size>
         <input_file_ref idref="fl-6"/>
      </object_component>
      <object_component id="oc-14f">
         <name>.debug_abbrev</name>
         <load_address>0x616</load_address>
         <run_address>0x616</run_address>
         <size>0x50</size>
         <input_file_ref idref="fl-6"/>
      </object_component>
      <object_component id="oc-10a">
         <name>.debug_abbrev</name>
         <load_address>0x666</load_address>
         <run_address>0x666</run_address>
         <size>0x92</size>
         <input_file_ref idref="fl-7"/>
      </object_component>
      <object_component id="oc-150">
         <name>.debug_abbrev</name>
         <load_address>0x6f8</load_address>
         <run_address>0x6f8</run_address>
         <size>0x50</size>
         <input_file_ref idref="fl-7"/>
      </object_component>
      <object_component id="oc-10c">
         <name>.debug_abbrev</name>
         <load_address>0x748</load_address>
         <run_address>0x748</run_address>
         <size>0xaf</size>
         <input_file_ref idref="fl-8"/>
      </object_component>
      <object_component id="oc-114">
         <name>.debug_abbrev</name>
         <load_address>0x7f7</load_address>
         <run_address>0x7f7</run_address>
         <size>0x29</size>
         <input_file_ref idref="fl-8"/>
      </object_component>
      <object_component id="oc-c7">
         <name>.debug_abbrev</name>
         <load_address>0x820</load_address>
         <run_address>0x820</run_address>
         <size>0x7a</size>
         <input_file_ref idref="fl-8"/>
      </object_component>
      <object_component id="oc-10e">
         <name>.debug_abbrev</name>
         <load_address>0x89a</load_address>
         <run_address>0x89a</run_address>
         <size>0xc3</size>
         <input_file_ref idref="fl-9"/>
      </object_component>
      <object_component id="oc-95">
         <name>.debug_abbrev</name>
         <load_address>0x95d</load_address>
         <run_address>0x95d</run_address>
         <size>0x5e</size>
         <input_file_ref idref="fl-9"/>
      </object_component>
      <object_component id="oc-110">
         <name>.debug_abbrev</name>
         <load_address>0x9bb</load_address>
         <run_address>0x9bb</run_address>
         <size>0xba</size>
         <input_file_ref idref="fl-a"/>
      </object_component>
      <object_component id="oc-ad">
         <name>.debug_abbrev</name>
         <load_address>0xa75</load_address>
         <run_address>0xa75</run_address>
         <size>0xa9</size>
         <input_file_ref idref="fl-a"/>
      </object_component>
      <object_component id="oc-8c">
         <name>.debug_abbrev</name>
         <load_address>0xb1e</load_address>
         <run_address>0xb1e</run_address>
         <size>0x3d</size>
         <input_file_ref idref="fl-130"/>
      </object_component>
      <object_component id="oc-d2">
         <name>.debug_abbrev</name>
         <load_address>0xb5b</load_address>
         <run_address>0xb5b</run_address>
         <size>0x52</size>
         <input_file_ref idref="fl-131"/>
      </object_component>
      <object_component id="oc-51">
         <name>.debug_abbrev</name>
         <load_address>0xbad</load_address>
         <run_address>0xbad</run_address>
         <size>0x74</size>
         <input_file_ref idref="fl-131"/>
      </object_component>
      <object_component id="oc-54">
         <name>.debug_abbrev</name>
         <load_address>0xc21</load_address>
         <run_address>0xc21</run_address>
         <size>0x24</size>
         <input_file_ref idref="fl-131"/>
      </object_component>
      <object_component id="oc-cf">
         <name>.debug_abbrev</name>
         <load_address>0xc45</load_address>
         <run_address>0xc45</run_address>
         <size>0x24</size>
         <input_file_ref idref="fl-131"/>
      </object_component>
      <object_component id="oc-d5">
         <name>.debug_abbrev</name>
         <load_address>0xc69</load_address>
         <run_address>0xc69</run_address>
         <size>0x52</size>
         <input_file_ref idref="fl-132"/>
      </object_component>
      <object_component id="oc-d4">
         <name>.debug_abbrev</name>
         <load_address>0xcbb</load_address>
         <run_address>0xcbb</run_address>
         <size>0x7b</size>
         <input_file_ref idref="fl-132"/>
      </object_component>
      <object_component id="oc-5e">
         <name>.debug_abbrev</name>
         <load_address>0xd36</load_address>
         <run_address>0xd36</run_address>
         <size>0x74</size>
         <input_file_ref idref="fl-132"/>
      </object_component>
      <object_component id="oc-62">
         <name>.debug_abbrev</name>
         <load_address>0xdaa</load_address>
         <run_address>0xdaa</run_address>
         <size>0x24</size>
         <input_file_ref idref="fl-132"/>
      </object_component>
      <object_component id="oc-dd">
         <name>.debug_abbrev</name>
         <load_address>0xdce</load_address>
         <run_address>0xdce</run_address>
         <size>0x52</size>
         <input_file_ref idref="fl-133"/>
      </object_component>
      <object_component id="oc-6a">
         <name>.debug_abbrev</name>
         <load_address>0xe20</load_address>
         <run_address>0xe20</run_address>
         <size>0x74</size>
         <input_file_ref idref="fl-133"/>
      </object_component>
      <object_component id="oc-6d">
         <name>.debug_abbrev</name>
         <load_address>0xe94</load_address>
         <run_address>0xe94</run_address>
         <size>0x24</size>
         <input_file_ref idref="fl-133"/>
      </object_component>
      <object_component id="oc-144">
         <name>.debug_abbrev</name>
         <load_address>0xeb8</load_address>
         <run_address>0xeb8</run_address>
         <size>0x6b</size>
         <input_file_ref idref="fl-134"/>
      </object_component>
      <object_component id="oc-142">
         <name>.debug_abbrev</name>
         <load_address>0xf23</load_address>
         <run_address>0xf23</run_address>
         <size>0x29</size>
         <input_file_ref idref="fl-134"/>
      </object_component>
      <object_component id="oc-f6">
         <name>.debug_abbrev</name>
         <load_address>0xf4c</load_address>
         <run_address>0xf4c</run_address>
         <size>0xba</size>
         <input_file_ref idref="fl-134"/>
      </object_component>
      <object_component id="oc-113">
         <name>.debug_abbrev</name>
         <load_address>0x1006</load_address>
         <run_address>0x1006</run_address>
         <size>0x3b</size>
         <input_file_ref idref="fl-135"/>
      </object_component>
      <object_component id="oc-112">
         <name>.debug_abbrev</name>
         <load_address>0x1041</load_address>
         <run_address>0x1041</run_address>
         <size>0x3b</size>
         <input_file_ref idref="fl-136"/>
      </object_component>
      <object_component id="oc-cc">
         <name>.debug_abbrev</name>
         <load_address>0x107c</load_address>
         <run_address>0x107c</run_address>
         <size>0x3d</size>
         <input_file_ref idref="fl-137"/>
      </object_component>
      <object_component id="oc-dc">
         <name>.debug_abbrev</name>
         <load_address>0x10b9</load_address>
         <run_address>0x10b9</run_address>
         <size>0x4d</size>
         <input_file_ref idref="fl-138"/>
      </object_component>
      <object_component id="oc-df">
         <name>.debug_abbrev</name>
         <load_address>0x1106</load_address>
         <run_address>0x1106</run_address>
         <size>0x55</size>
         <input_file_ref idref="fl-139"/>
      </object_component>
      <object_component id="oc-f9">
         <name>.debug_abbrev</name>
         <load_address>0x115b</load_address>
         <run_address>0x115b</run_address>
         <size>0x27</size>
         <input_file_ref idref="fl-13a"/>
      </object_component>
      <object_component id="oc-146">
         <name>.debug_abbrev</name>
         <load_address>0x1182</load_address>
         <run_address>0x1182</run_address>
         <size>0x33</size>
         <input_file_ref idref="fl-13b"/>
      </object_component>
      <object_component id="oc-fb">
         <name>.debug_abbrev</name>
         <load_address>0x11b5</load_address>
         <run_address>0x11b5</run_address>
         <size>0x71</size>
         <input_file_ref idref="fl-13b"/>
      </object_component>
      <object_component id="oc-152">
         <name>.debug_abbrev</name>
         <load_address>0x1226</load_address>
         <run_address>0x1226</run_address>
         <size>0x45</size>
         <input_file_ref idref="fl-13c"/>
      </object_component>
      <object_component id="oc-13e">
         <name>.debug_abbrev</name>
         <load_address>0x126b</load_address>
         <run_address>0x126b</run_address>
         <size>0x29</size>
         <input_file_ref idref="fl-13c"/>
      </object_component>
      <object_component id="oc-151">
         <name>.debug_abbrev</name>
         <load_address>0x1294</load_address>
         <run_address>0x1294</run_address>
         <size>0x6f</size>
         <input_file_ref idref="fl-13c"/>
      </object_component>
      <object_component id="oc-131">
         <name>.debug_abbrev</name>
         <load_address>0x1303</load_address>
         <run_address>0x1303</run_address>
         <size>0x8e</size>
         <input_file_ref idref="fl-13d"/>
      </object_component>
      <object_component id="oc-ee">
         <name>.debug_abbrev</name>
         <load_address>0x1391</load_address>
         <run_address>0x1391</run_address>
         <size>0x68</size>
         <input_file_ref idref="fl-13d"/>
      </object_component>
      <object_component id="oc-135">
         <name>.debug_abbrev</name>
         <load_address>0x13f9</load_address>
         <run_address>0x13f9</run_address>
         <size>0x49</size>
         <input_file_ref idref="fl-13d"/>
      </object_component>
      <object_component id="oc-118">
         <name>.debug_abbrev</name>
         <load_address>0x1442</load_address>
         <run_address>0x1442</run_address>
         <size>0x9a</size>
         <input_file_ref idref="fl-13e"/>
      </object_component>
      <object_component id="oc-e6">
         <name>.debug_abbrev</name>
         <load_address>0x14dc</load_address>
         <run_address>0x14dc</run_address>
         <size>0x7e</size>
         <input_file_ref idref="fl-13e"/>
      </object_component>
      <object_component id="oc-11c">
         <name>.debug_abbrev</name>
         <load_address>0x155a</load_address>
         <run_address>0x155a</run_address>
         <size>0x24</size>
         <input_file_ref idref="fl-13e"/>
      </object_component>
      <object_component id="oc-121">
         <name>.debug_abbrev</name>
         <load_address>0x157e</load_address>
         <run_address>0x157e</run_address>
         <size>0x4b</size>
         <input_file_ref idref="fl-13e"/>
      </object_component>
      <object_component id="oc-148">
         <name>.debug_abbrev</name>
         <load_address>0x15c9</load_address>
         <run_address>0x15c9</run_address>
         <size>0x9c</size>
         <input_file_ref idref="fl-13f"/>
      </object_component>
      <object_component id="oc-116">
         <name>.debug_abbrev</name>
         <load_address>0x1665</load_address>
         <run_address>0x1665</run_address>
         <size>0x8c</size>
         <input_file_ref idref="fl-13f"/>
      </object_component>
      <object_component id="oc-14c">
         <name>.debug_abbrev</name>
         <load_address>0x16f1</load_address>
         <run_address>0x16f1</run_address>
         <size>0x24</size>
         <input_file_ref idref="fl-13f"/>
      </object_component>
      <object_component id="oc-17b">
         <name>.debug_abbrev</name>
         <load_address>0x1715</load_address>
         <run_address>0x1715</run_address>
         <size>0xf</size>
      </object_component>
      <object_component id="oc-103">
         <name>.debug_str</name>
         <load_address>0x0</load_address>
         <run_address>0x0</run_address>
         <size>0x47d</size>
         <input_file_ref idref="fl-2"/>
      </object_component>
      <object_component id="oc-b2">
         <name>.debug_str</name>
         <load_address>0x47d</load_address>
         <run_address>0x47d</run_address>
         <size>0xf7</size>
         <input_file_ref idref="fl-2"/>
      </object_component>
      <object_component id="oc-b7">
         <name>.debug_str</name>
         <load_address>0x574</load_address>
         <run_address>0x574</run_address>
         <size>0x221</size>
         <input_file_ref idref="fl-2"/>
      </object_component>
      <object_component id="oc-db">
         <name>.debug_str</name>
         <load_address>0x795</load_address>
         <run_address>0x795</run_address>
         <size>0xe4</size>
         <input_file_ref idref="fl-2"/>
      </object_component>
      <object_component id="oc-56">
         <name>.debug_str</name>
         <load_address>0x879</load_address>
         <run_address>0x879</run_address>
         <size>0xe3</size>
         <input_file_ref idref="fl-131"/>
      </object_component>
      <object_component id="oc-d1">
         <name>.debug_str</name>
         <load_address>0x95c</load_address>
         <run_address>0x95c</run_address>
         <size>0xf8</size>
         <input_file_ref idref="fl-131"/>
      </object_component>
      <object_component id="oc-64">
         <name>.debug_str</name>
         <load_address>0xa54</load_address>
         <run_address>0xa54</run_address>
         <size>0xd5</size>
         <input_file_ref idref="fl-132"/>
      </object_component>
      <object_component id="oc-6f">
         <name>.debug_str</name>
         <load_address>0xb29</load_address>
         <run_address>0xb29</run_address>
         <size>0xdd</size>
         <input_file_ref idref="fl-133"/>
      </object_component>
      <object_component id="oc-137">
         <name>.debug_str</name>
         <load_address>0xc06</load_address>
         <run_address>0xc06</run_address>
         <size>0xb9</size>
         <input_file_ref idref="fl-13d"/>
      </object_component>
      <object_component id="oc-11e">
         <name>.debug_str</name>
         <load_address>0xcbf</load_address>
         <run_address>0xcbf</run_address>
         <size>0xc5</size>
         <input_file_ref idref="fl-13e"/>
      </object_component>
      <object_component id="oc-123">
         <name>.debug_str</name>
         <load_address>0xd84</load_address>
         <run_address>0xd84</run_address>
         <size>0x14f</size>
         <input_file_ref idref="fl-13e"/>
      </object_component>
      <object_component id="oc-14e">
         <name>.debug_str</name>
         <load_address>0xed3</load_address>
         <run_address>0xed3</run_address>
         <size>0xba</size>
         <input_file_ref idref="fl-13f"/>
      </object_component>
      <object_component id="oc-9e">
         <name>.debug_pubnames</name>
         <load_address>0x0</load_address>
         <run_address>0x0</run_address>
         <size>0x23</size>
         <input_file_ref idref="fl-2"/>
      </object_component>
      <object_component id="oc-a0">
         <name>.debug_pubnames</name>
         <load_address>0x23</load_address>
         <run_address>0x23</run_address>
         <size>0x23</size>
         <input_file_ref idref="fl-3"/>
      </object_component>
      <object_component id="oc-eb">
         <name>.debug_pubnames</name>
         <load_address>0x46</load_address>
         <run_address>0x46</run_address>
         <size>0x25</size>
         <input_file_ref idref="fl-3"/>
      </object_component>
      <object_component id="oc-12">
         <name>.debug_pubnames</name>
         <load_address>0x6b</load_address>
         <run_address>0x6b</run_address>
         <size>0x27</size>
         <input_file_ref idref="fl-4"/>
      </object_component>
      <object_component id="oc-2e">
         <name>.debug_pubnames</name>
         <load_address>0x92</load_address>
         <run_address>0x92</run_address>
         <size>0x46</size>
         <input_file_ref idref="fl-4"/>
      </object_component>
      <object_component id="oc-a2">
         <name>.debug_pubnames</name>
         <load_address>0xd8</load_address>
         <run_address>0xd8</run_address>
         <size>0x23</size>
         <input_file_ref idref="fl-5"/>
      </object_component>
      <object_component id="oc-94">
         <name>.debug_pubnames</name>
         <load_address>0xfb</load_address>
         <run_address>0xfb</run_address>
         <size>0x26</size>
         <input_file_ref idref="fl-5"/>
      </object_component>
      <object_component id="oc-46">
         <name>.debug_pubnames</name>
         <load_address>0x121</load_address>
         <run_address>0x121</run_address>
         <size>0x32</size>
         <input_file_ref idref="fl-5"/>
      </object_component>
      <object_component id="oc-a4">
         <name>.debug_pubnames</name>
         <load_address>0x153</load_address>
         <run_address>0x153</run_address>
         <size>0x23</size>
         <input_file_ref idref="fl-6"/>
      </object_component>
      <object_component id="oc-127">
         <name>.debug_pubnames</name>
         <load_address>0x176</load_address>
         <run_address>0x176</run_address>
         <size>0x20</size>
         <input_file_ref idref="fl-6"/>
      </object_component>
      <object_component id="oc-a6">
         <name>.debug_pubnames</name>
         <load_address>0x196</load_address>
         <run_address>0x196</run_address>
         <size>0x23</size>
         <input_file_ref idref="fl-7"/>
      </object_component>
      <object_component id="oc-12d">
         <name>.debug_pubnames</name>
         <load_address>0x1b9</load_address>
         <run_address>0x1b9</run_address>
         <size>0x1f</size>
         <input_file_ref idref="fl-7"/>
      </object_component>
      <object_component id="oc-a8">
         <name>.debug_pubnames</name>
         <load_address>0x1d8</load_address>
         <run_address>0x1d8</run_address>
         <size>0x3c</size>
         <input_file_ref idref="fl-8"/>
      </object_component>
      <object_component id="oc-c4">
         <name>.debug_pubnames</name>
         <load_address>0x214</load_address>
         <run_address>0x214</run_address>
         <size>0x41</size>
         <input_file_ref idref="fl-8"/>
      </object_component>
      <object_component id="oc-40">
         <name>.debug_pubnames</name>
         <load_address>0x255</load_address>
         <run_address>0x255</run_address>
         <size>0x4c</size>
         <input_file_ref idref="fl-8"/>
      </object_component>
      <object_component id="oc-aa">
         <name>.debug_pubnames</name>
         <load_address>0x2a1</load_address>
         <run_address>0x2a1</run_address>
         <size>0x23</size>
         <input_file_ref idref="fl-9"/>
      </object_component>
      <object_component id="oc-34">
         <name>.debug_pubnames</name>
         <load_address>0x2c4</load_address>
         <run_address>0x2c4</run_address>
         <size>0x38</size>
         <input_file_ref idref="fl-9"/>
      </object_component>
      <object_component id="oc-ac">
         <name>.debug_pubnames</name>
         <load_address>0x2fc</load_address>
         <run_address>0x2fc</run_address>
         <size>0x23</size>
         <input_file_ref idref="fl-a"/>
      </object_component>
      <object_component id="oc-3a">
         <name>.debug_pubnames</name>
         <load_address>0x31f</load_address>
         <run_address>0x31f</run_address>
         <size>0x5b</size>
         <input_file_ref idref="fl-a"/>
      </object_component>
      <object_component id="oc-29">
         <name>.debug_pubnames</name>
         <load_address>0x37a</load_address>
         <run_address>0x37a</run_address>
         <size>0x1f</size>
         <input_file_ref idref="fl-130"/>
      </object_component>
      <object_component id="oc-16">
         <name>.debug_pubnames</name>
         <load_address>0x399</load_address>
         <run_address>0x399</run_address>
         <size>0x2b</size>
         <input_file_ref idref="fl-131"/>
      </object_component>
      <object_component id="oc-5b">
         <name>.debug_pubnames</name>
         <load_address>0x3c4</load_address>
         <run_address>0x3c4</run_address>
         <size>0x2f</size>
         <input_file_ref idref="fl-132"/>
      </object_component>
      <object_component id="oc-1c">
         <name>.debug_pubnames</name>
         <load_address>0x3f3</load_address>
         <run_address>0x3f3</run_address>
         <size>0x2c</size>
         <input_file_ref idref="fl-132"/>
      </object_component>
      <object_component id="oc-22">
         <name>.debug_pubnames</name>
         <load_address>0x41f</load_address>
         <run_address>0x41f</run_address>
         <size>0x25</size>
         <input_file_ref idref="fl-133"/>
      </object_component>
      <object_component id="oc-f5">
         <name>.debug_pubnames</name>
         <load_address>0x444</load_address>
         <run_address>0x444</run_address>
         <size>0x3a</size>
         <input_file_ref idref="fl-134"/>
      </object_component>
      <object_component id="oc-86">
         <name>.debug_pubnames</name>
         <load_address>0x47e</load_address>
         <run_address>0x47e</run_address>
         <size>0x35</size>
         <input_file_ref idref="fl-134"/>
      </object_component>
      <object_component id="oc-c0">
         <name>.debug_pubnames</name>
         <load_address>0x4b3</load_address>
         <run_address>0x4b3</run_address>
         <size>0x27</size>
         <input_file_ref idref="fl-135"/>
      </object_component>
      <object_component id="oc-bb">
         <name>.debug_pubnames</name>
         <load_address>0x4da</load_address>
         <run_address>0x4da</run_address>
         <size>0x22</size>
         <input_file_ref idref="fl-136"/>
      </object_component>
      <object_component id="oc-4f">
         <name>.debug_pubnames</name>
         <load_address>0x4fc</load_address>
         <run_address>0x4fc</run_address>
         <size>0x1d</size>
         <input_file_ref idref="fl-137"/>
      </object_component>
      <object_component id="oc-68">
         <name>.debug_pubnames</name>
         <load_address>0x519</load_address>
         <run_address>0x519</run_address>
         <size>0x37</size>
         <input_file_ref idref="fl-138"/>
      </object_component>
      <object_component id="oc-74">
         <name>.debug_pubnames</name>
         <load_address>0x550</load_address>
         <run_address>0x550</run_address>
         <size>0x27</size>
         <input_file_ref idref="fl-139"/>
      </object_component>
      <object_component id="oc-8b">
         <name>.debug_pubnames</name>
         <load_address>0x577</load_address>
         <run_address>0x577</run_address>
         <size>0x23</size>
         <input_file_ref idref="fl-13a"/>
      </object_component>
      <object_component id="oc-99">
         <name>.debug_pubnames</name>
         <load_address>0x59a</load_address>
         <run_address>0x59a</run_address>
         <size>0x1d</size>
         <input_file_ref idref="fl-13b"/>
      </object_component>
      <object_component id="oc-f2">
         <name>.debug_pubnames</name>
         <load_address>0x5b7</load_address>
         <run_address>0x5b7</run_address>
         <size>0x28</size>
         <input_file_ref idref="fl-13c"/>
      </object_component>
      <object_component id="oc-13b">
         <name>.debug_pubnames</name>
         <load_address>0x5df</load_address>
         <run_address>0x5df</run_address>
         <size>0x43</size>
         <input_file_ref idref="fl-13c"/>
      </object_component>
      <object_component id="oc-80">
         <name>.debug_pubnames</name>
         <load_address>0x622</load_address>
         <run_address>0x622</run_address>
         <size>0x21</size>
         <input_file_ref idref="fl-13d"/>
      </object_component>
      <object_component id="oc-7a">
         <name>.debug_pubnames</name>
         <load_address>0x643</load_address>
         <run_address>0x643</run_address>
         <size>0x25</size>
         <input_file_ref idref="fl-13e"/>
      </object_component>
      <object_component id="oc-e3">
         <name>.debug_pubnames</name>
         <load_address>0x668</load_address>
         <run_address>0x668</run_address>
         <size>0x1e</size>
         <input_file_ref idref="fl-13f"/>
      </object_component>
      <object_component id="oc-100">
         <name>.debug_pubtypes</name>
         <load_address>0x0</load_address>
         <run_address>0x0</run_address>
         <size>0xdd</size>
         <input_file_ref idref="fl-2"/>
      </object_component>
      <object_component id="oc-af">
         <name>.debug_pubtypes</name>
         <load_address>0xdd</load_address>
         <run_address>0xdd</run_address>
         <size>0xed</size>
         <input_file_ref idref="fl-2"/>
      </object_component>
      <object_component id="oc-b4">
         <name>.debug_pubtypes</name>
         <load_address>0x1ca</load_address>
         <run_address>0x1ca</run_address>
         <size>0x1c6</size>
         <input_file_ref idref="fl-2"/>
      </object_component>
      <object_component id="oc-d8">
         <name>.debug_pubtypes</name>
         <load_address>0x390</load_address>
         <run_address>0x390</run_address>
         <size>0x1d</size>
         <input_file_ref idref="fl-2"/>
      </object_component>
      <object_component id="oc-53">
         <name>.debug_pubtypes</name>
         <load_address>0x3ad</load_address>
         <run_address>0x3ad</run_address>
         <size>0x48</size>
         <input_file_ref idref="fl-131"/>
      </object_component>
      <object_component id="oc-ce">
         <name>.debug_pubtypes</name>
         <load_address>0x3f5</load_address>
         <run_address>0x3f5</run_address>
         <size>0x1d</size>
         <input_file_ref idref="fl-131"/>
      </object_component>
      <object_component id="oc-61">
         <name>.debug_pubtypes</name>
         <load_address>0x412</load_address>
         <run_address>0x412</run_address>
         <size>0x37</size>
         <input_file_ref idref="fl-132"/>
      </object_component>
      <object_component id="oc-6c">
         <name>.debug_pubtypes</name>
         <load_address>0x449</load_address>
         <run_address>0x449</run_address>
         <size>0x48</size>
         <input_file_ref idref="fl-133"/>
      </object_component>
      <object_component id="oc-f8">
         <name>.debug_pubtypes</name>
         <load_address>0x491</load_address>
         <run_address>0x491</run_address>
         <size>0x1f</size>
         <input_file_ref idref="fl-134"/>
      </object_component>
      <object_component id="oc-141">
         <name>.debug_pubtypes</name>
         <load_address>0x4b0</load_address>
         <run_address>0x4b0</run_address>
         <size>0x1f</size>
         <input_file_ref idref="fl-13c"/>
      </object_component>
      <object_component id="oc-134">
         <name>.debug_pubtypes</name>
         <load_address>0x4cf</load_address>
         <run_address>0x4cf</run_address>
         <size>0x1b</size>
         <input_file_ref idref="fl-13d"/>
      </object_component>
      <object_component id="oc-11b">
         <name>.debug_pubtypes</name>
         <load_address>0x4ea</load_address>
         <run_address>0x4ea</run_address>
         <size>0x32</size>
         <input_file_ref idref="fl-13e"/>
      </object_component>
      <object_component id="oc-120">
         <name>.debug_pubtypes</name>
         <load_address>0x51c</load_address>
         <run_address>0x51c</run_address>
         <size>0x50</size>
         <input_file_ref idref="fl-13e"/>
      </object_component>
      <object_component id="oc-14b">
         <name>.debug_pubtypes</name>
         <load_address>0x56c</load_address>
         <run_address>0x56c</run_address>
         <size>0x23</size>
         <input_file_ref idref="fl-13f"/>
      </object_component>
      <object_component id="oc-ed">
         <name>.debug_frame</name>
         <load_address>0x0</load_address>
         <run_address>0x0</run_address>
         <size>0x97</size>
         <input_file_ref idref="fl-3"/>
      </object_component>
      <object_component id="oc-30">
         <name>.debug_frame</name>
         <load_address>0x97</load_address>
         <run_address>0x97</run_address>
         <size>0xb2</size>
         <input_file_ref idref="fl-4"/>
      </object_component>
      <object_component id="oc-93">
         <name>.debug_frame</name>
         <load_address>0x149</load_address>
         <run_address>0x149</run_address>
         <size>0x7f</size>
         <input_file_ref idref="fl-5"/>
      </object_component>
      <object_component id="oc-48">
         <name>.debug_frame</name>
         <load_address>0x1c8</load_address>
         <run_address>0x1c8</run_address>
         <size>0x97</size>
         <input_file_ref idref="fl-5"/>
      </object_component>
      <object_component id="oc-129">
         <name>.debug_frame</name>
         <load_address>0x25f</load_address>
         <run_address>0x25f</run_address>
         <size>0x7f</size>
         <input_file_ref idref="fl-6"/>
      </object_component>
      <object_component id="oc-12f">
         <name>.debug_frame</name>
         <load_address>0x2de</load_address>
         <run_address>0x2de</run_address>
         <size>0x7f</size>
         <input_file_ref idref="fl-7"/>
      </object_component>
      <object_component id="oc-42">
         <name>.debug_frame</name>
         <load_address>0x35d</load_address>
         <run_address>0x35d</run_address>
         <size>0xc7</size>
         <input_file_ref idref="fl-8"/>
      </object_component>
      <object_component id="oc-36">
         <name>.debug_frame</name>
         <load_address>0x424</load_address>
         <run_address>0x424</run_address>
         <size>0x9e</size>
         <input_file_ref idref="fl-9"/>
      </object_component>
      <object_component id="oc-3c">
         <name>.debug_frame</name>
         <load_address>0x4c2</load_address>
         <run_address>0x4c2</run_address>
[...]
      </logical_group>
      <logical_group id="lg-16f" display="never" color="cyan">
         <name>.debug_pubtypes</name>
         <load_address>0x0</load_address>
         <run_address>0x0</run_address>
         <size>0x58f</size>
         <contents>
            <object_component_ref idref="oc-100"/>
            <object_component_ref idref="oc-af"/>
            <object_component_ref idref="oc-b4"/>
            <object_component_ref idref="oc-d8"/>
            <object_component_ref idref="oc-53"/>
            <object_component_ref idref="oc-ce"/>
            <object_component_ref idref="oc-61"/>
            <object_component_ref idref="oc-6c"/>
            <object_component_ref idref="oc-f8"/>
            <object_component_ref idref="oc-141"/>
            <object_component_ref idref="oc-134"/>
            <object_component_ref idref="oc-11b"/>
            <object_component_ref idref="oc-120"/>
            <object_component_ref idref="oc-14b"/>
         </contents>
      </logical_group>
      <logical_group id="lg-171" display="never" color="cyan">
         <name>.debug_frame</name>
         <load_address>0x0</load_address>
         <run_address>0x0</run_address>
         <size>0xb98</size>
         <contents>
            <object_component_ref idref="oc-ed"/>
            <object_component_ref idref="oc-30"/>
            <object_component_ref idref="oc-93"/>
            <object_component_ref idref="oc-48"/>
            <object_component_ref idref="oc-129"/>
            <object_component_ref idref="oc-12f"/>
            <object_component_ref idref="oc-42"/>
            <object_component_ref idref="oc-36"/>
            <object_component_ref idref="oc-3c"/>
            <object_component_ref idref="oc-18"/>
            <object_component_ref idref="oc-5d"/>
            <object_component_ref idref="oc-1e"/>
            <object_component_ref idref="oc-24"/>
            <object_component_ref idref="oc-88"/>
            <object_component_ref idref="oc-76"/>
            <object_component_ref idref="oc-9b"/>
            <object_component_ref idref="oc-13d"/>
            <object_component_ref idref="oc-82"/>
            <object_component_ref idref="oc-7c"/>
            <object_component_ref idref="oc-e5"/>
         </contents>
      </logical_group>
      <logical_group id="lg-173" display="never" color="cyan">
         <name>.debug_aranges</name>
         <load_address>0x0</load_address>
         <run_address>0x0</run_address>
         <size>0x3b0</size>
         <contents>
            <object_component_ref idref="oc-ea"/>
            <object_component_ref idref="oc-2d"/>
            <object_component_ref idref="oc-90"/>
            <object_component_ref idref="oc-45"/>
            <object_component_ref idref="oc-126"/>
            <object_component_ref idref="oc-12c"/>
            <object_component_ref idref="oc-3f"/>
            <object_component_ref idref="oc-33"/>
            <object_component_ref idref="oc-39"/>
            <object_component_ref idref="oc-27"/>
            <object_component_ref idref="oc-15"/>
            <object_component_ref idref="oc-5a"/>
            <object_component_ref idref="oc-1b"/>
            <object_component_ref idref="oc-21"/>
            <object_component_ref idref="oc-85"/>
            <object_component_ref idref="oc-bf"/>
            <object_component_ref idref="oc-ba"/>
            <object_component_ref idref="oc-4e"/>
            <object_component_ref idref="oc-67"/>
            <object_component_ref idref="oc-73"/>
            <object_component_ref idref="oc-98"/>
            <object_component_ref idref="oc-13a"/>
            <object_component_ref idref="oc-7f"/>
            <object_component_ref idref="oc-79"/>
            <object_component_ref idref="oc-e2"/>
         </contents>
      </logical_group>
      <load_segment id="lg-17f" display="no" color="cyan">
         <name>SEGMENT_0</name>
         <load_address>0x0</load_address>
         <run_address>0x0</run_address>
         <size>0xa70</size>
         <flags>0x5</flags>
         <contents>
            <logical_group_ref idref="lg-4"/>
            <logical_group_ref idref="lg-5"/>
            <logical_group_ref idref="lg-6"/>
            <logical_group_ref idref="lg-7"/>
         </contents>
      </load_segment>
      <load_segment id="lg-180" display="no" color="cyan">
         <name>SEGMENT_1</name>
         <run_address>0x20000000</run_address>
         <size>0x25</size>
         <flags>0x6</flags>
         <contents>
            <logical_group_ref idref="lg-b"/>
            <logical_group_ref idref="lg-c"/>
         </contents>
      </load_segment>
      <load_segment id="lg-181" display="no" color="cyan">
         <name>SEGMENT_2</name>
         <run_address>0x2000fe00</run_address>
         <size>0x200</size>
         <flags>0x6</flags>
         <contents>
            <logical_group_ref idref="lg-e"/>
         </contents>
      </load_segment>
   </logical_group_list>
   <placement_map>
      <memory_area display="yes" color="green">
         <name>MAIN</name>
         <page_id>0x0</page_id>
         <origin>0x0</origin>
         <length>0x40000</length>
         <used_space>0xa6f</used_space>
         <unused_space>0x3f591</unused_space>
         <attributes>RX</attributes>
         <usage_details>
            <allocated_space>
               <start_address>0x0</start_address>
               <size>0x144</size>
               <logical_group_ref idref="lg-4"/>
            </allocated_space>
            <allocated_space>
               <start_address>0x144</start_address>
               <size>0x8ec</size>
               <logical_group_ref idref="lg-5"/>
            </allocated_space>
            <allocated_space>
               <start_address>0xa30</start_address>
               <size>0x7</size>
               <logical_group_ref idref="lg-6"/>
            </allocated_space>
            <available_space>
               <start_address>0xa37</start_address>
               <size>0x1</size>
            </available_space>
            <allocated_space>
               <start_address>0xa38</start_address>
               <size>0x38</size>
               <logical_group_ref idref="lg-7"/>
            </allocated_space>
            <available_space>
               <start_address>0xa70</start_address>
               <size>0x3f590</size>
            </available_space>
         </usage_details>
      </memory_area>
      <memory_area display="yes" color="green">
         <name>INFO</name>
         <page_id>0x0</page_id>
         <origin>0x200000</origin>
         <length>0x4000</length>
         <used_space>0x0</used_space>
         <unused_space>0x4000</unused_space>
         <attributes>RX</attributes>
         <usage_details>
         </usage_details>
      </memory_area>
      <memory_area display="yes" color="green">
         <name>SRAM_CODE</name>
         <page_id>0x0</page_id>
         <origin>0x1000000</origin>
         <length>0x10000</length>
         <used_space>0x0</used_space>
         <unused_space>0x10000</unused_space>
         <attributes>RWX</attributes>
         <usage_details>
         </usage_details>
      </memory_area>
      <memory_area display="yes" color="green">
         <name>SRAM_DATA</name>
         <page_id>0x0</page_id>
         <origin>0x20000000</origin>
         <length>0x10000</length>
         <used_space>0x225</used_space>
         <unused_space>0xfddb</unused_space>
         <attributes>RW</attributes>
         <usage_details>
            <allocated_space>
               <start_address>0x20000000</start_address>
               <size>0x14</size>
               <logical_group_ref idref="lg-156"/>
            </allocated_space>
            <allocated_space>
               <start_address>0x20000014</start_address>
               <size>0x11</size>
               <logical_group_ref idref="lg-154"/>
            </allocated_space>
            <available_space>
               <start_address>0x20000025</start_address>
               <size>0xfddb</size>
            </available_space>
            <allocated_space>
               <start_address>0x2000fe00</start_address>
               <size>0x200</size>
               <logical_group_ref idref="lg-e"/>
            </allocated_space>
         </usage_details>
      </memory_area>
   </placement_map>
   <cptbl_list>
      <cptbl>
         <name>__TI_cinit_table</name>
         <cprec>
            <name>.data</name>
            <load_address>0xa38</load_address>
            <load_size>0xf</load_size>
            <run_address>0x20000000</run_address>
            <run_size>0x14</run_size>
            <compression>rle</compression>
         </cprec>
         <cprec>
            <name>.bss</name>
            <load_address>0xa58</load_address>
            <load_size>0x8</load_size>
            <run_address>0x20000014</run_address>
            <run_size>0x11</run_size>
            <compression>zero_init</compression>
         </cprec>
      </cptbl>
   </cptbl_list>
   <handler_table>
      <handler_table_name>__TI_handler_table</handler_table_name>
      <handler>
         <index>0x0</index>
         <name>__TI_decompress_rle24</name>
      </handler>
      <handler>
         <index>0x1</index>
         <name>__TI_decompress_none</name>
      </handler>
      <handler>
         <index>0x2</index>
         <name>__TI_zero_init</name>
      </handler>
   </handler_table>
   <symbol_table>
      <symbol id="sm-1">
         <name>WDTCTL_SYM</name>
         <value>0x4000480c</value>
      </symbol>
      <symbol id="sm-2">
         <name>__TI_CINIT_Base</name>
         <value>0xa60</value>
      </symbol>
      <symbol id="sm-3">
         <name>__TI_CINIT_Limit</name>
         <value>0xa70</value>
      </symbol>
      <symbol id="sm-4">
         <name>__TI_Handler_Table_Base</name>
         <value>0xa48</value>
      </symbol>
      <symbol id="sm-5">
         <name>__TI_Handler_Table_Limit</name>
         <value>0xa54</value>
      </symbol>
      <symbol id="sm-6">
         <name>binit</name>
         <value>0xffffffff</value>
      </symbol>
      <symbol id="sm-7">
         <name>__binit__</name>
         <value>0xffffffff</value>
      </symbol>
      <symbol id="sm-8">
         <name>__STACK_SIZE</name>
         <value>0x200</value>
      </symbol>
      <symbol id="sm-9">
         <name>__STACK_END</name>
         <value>0x20010000</value>
      </symbol>
      <symbol id="sm-a">
         <name>__c_args__</name>
         <value>0xffffffff</value>
      </symbol>
      <symbol id="sm-39">
         <name>str</name>
         <value>0x20000014</value>
      </symbol>
      <symbol id="sm-3a">
         <name>temp</name>
         <value>0x20000020</value>
      </symbol>
      <symbol id="sm-51">
         <name>main</name>
         <value>0x909</value>
         <object_component_ref idref="oc-e8"/>
      </symbol>
      <symbol id="sm-6e">
         <name>interruptVectors</name>
         <value>0x0</value>
         <object_component_ref idref="oc-10"/>
      </symbol>
      <symbol id="sm-94">
         <name>startConversion</name>
         <value>0x9f1</value>
         <object_component_ref idref="oc-8e"/>
      </symbol>
      <symbol id="sm-95">
         <name>initADC</name>
         <value>0x519</value>
         <object_component_ref idref="oc-43"/>
      </symbol>
      <symbol id="sm-96">
         <name>ADC14ISRHandler</name>
         <value>0x565</value>
         <object_component_ref idref="oc-43"/>
      </symbol>
      <symbol id="sm-a9">
         <name>initClock</name>
         <value>0x97d</value>
         <object_component_ref idref="oc-124"/>
      </symbol>
      <symbol id="sm-be">
         <name>initGPIO</name>
         <value>0x77d</value>
         <object_component_ref idref="oc-12a"/>
      </symbol>
      <symbol id="sm-f8">
         <name>TXData</name>
         <value>0x2000001c</value>
      </symbol>
      <symbol id="sm-f9">
         <name>TXByteCtr</name>
         <value>0x20000024</value>
      </symbol>
      <symbol id="sm-fa">
         <name>potVGAAddr</name>
         <value>0xa34</value>
         <object_component_ref idref="oc-c2"/>
      </symbol>
      <symbol id="sm-fb">
         <name>setCntl</name>
         <value>0x207</value>
         <object_component_ref idref="oc-3d"/>
      </symbol>
      <symbol id="sm-fc">
         <name>cntlReg</name>
         <value>0xa36</value>
         <object_component_ref idref="oc-c2"/>
      </symbol>
      <symbol id="sm-fd">
         <name>setClmp</name>
         <value>0x18b</value>
         <object_component_ref idref="oc-3d"/>
      </symbol>
      <symbol id="sm-fe">
         <name>clmpReg</name>
         <value>0xa35</value>
         <object_component_ref idref="oc-c2"/>
      </symbol>
      <symbol id="sm-ff">
         <name>eUSCIB0IsrHandler</name>
         <value>0x283</value>
         <object_component_ref idref="oc-3d"/>
      </symbol>
      <symbol id="sm-100">
         <name>initI2C</name>
         <value>0x145</value>
         <object_component_ref idref="oc-3d"/>
      </symbol>
      <symbol id="sm-101">
         <name>VDD</name>
         <value>0xa30</value>
         <object_component_ref idref="oc-c2"/>
      </symbol>
      <symbol id="sm-116">
         <name>initTimer</name>
         <value>0x825</value>
         <object_component_ref idref="oc-31"/>
      </symbol>
      <symbol id="sm-117">
         <name>TimerA0_0IsrHandler</name>
         <value>0x849</value>
         <object_component_ref idref="oc-31"/>
      </symbol>
      <symbol id="sm-140">
         <name>sendStr</name>
         <value>0x3a7</value>
         <object_component_ref idref="oc-37"/>
      </symbol>
      <symbol id="sm-141">
         <name>sendChar</name>
         <value>0x38b</value>
         <object_component_ref idref="oc-37"/>
      </symbol>
      <symbol id="sm-142">
         <name>eUSCIA0IsrHandler</name>
         <value>0x429</value>
         <object_component_ref idref="oc-37"/>
      </symbol>
      <symbol id="sm-143">
         <name>initUART</name>
         <value>0x339</value>
         <object_component_ref idref="oc-37"/>
      </symbol>
      <symbol id="sm-144">
         <name>intToStr</name>
         <value>0x3c3</value>
         <object_component_ref idref="oc-37"/>
      </symbol>
      <symbol id="sm-156">
         <name>_c_int00</name>
         <value>0x7d5</value>
         <object_component_ref idref="oc-25"/>
      </symbol>
      <symbol id="sm-157">
         <name>__stack</name>
         <value>0x2000fe00</value>
         <object_component_ref idref="oc-2a"/>
      </symbol>
      <symbol id="sm-16e">
         <name>__TI_decompress_none</name>
         <value>0xa01</value>
         <object_component_ref idref="oc-13"/>
      </symbol>
      <symbol id="sm-191">
         <name>__TI_decompress_rle24</name>
         <value>0xa27</value>
         <object_component_ref idref="oc-19"/>
      </symbol>
      <symbol id="sm-1a3">
         <name>__TI_zero_init</name>
         <value>0xa0f</value>
         <object_component_ref idref="oc-1f"/>
      </symbol>
      <symbol id="sm-1c2">
         <name>C$$EXIT</name>
         <value>0x8c1</value>
         <object_component_ref idref="oc-83"/>
      </symbol>
      <symbol id="sm-1c3">
         <name>abort</name>
         <value>0x8c5</value>
         <object_component_ref idref="oc-83"/>
      </symbol>
      <symbol id="sm-1c4">
         <name>exit</name>
         <value>0x8cd</value>
         <object_component_ref idref="oc-83"/>
      </symbol>
      <symbol id="sm-1c5">
         <name>__TI_dtors_ptr</name>
         <value>0x2000000c</value>
         <object_component_ref idref="oc-f3"/>
      </symbol>
      <symbol id="sm-1c6">
         <name>__TI_cleanup_ptr</name>
         <value>0x20000008</value>
         <object_component_ref idref="oc-f3"/>
      </symbol>
      <symbol id="sm-1dd">
         <name>__aeabi_cdrcmple</name>
         <value>0x5a5</value>
         <object_component_ref idref="oc-bd"/>
      </symbol>
      <symbol id="sm-1eb">
         <name>__aeabi_f2d</name>
         <value>0x945</value>
         <object_component_ref idref="oc-b8"/>
      </symbol>
      <symbol id="sm-206">
         <name>memcpy</name>
         <value>0x47d</value>
         <object_component_ref idref="oc-4c"/>
      </symbol>
      <symbol id="sm-207">
         <name>__aeabi_memcpy</name>
         <value>0x47d</value>
         <object_component_ref idref="oc-4c"/>
      </symbol>
      <symbol id="sm-208">
         <name>__aeabi_memcpy8</name>
         <value>0x47d</value>
         <object_component_ref idref="oc-4c"/>
      </symbol>
      <symbol id="sm-209">
         <name>__aeabi_memcpy4</name>
         <value>0x47d</value>
         <object_component_ref idref="oc-4c"/>
      </symbol>
      <symbol id="sm-218">
         <name>__aeabi_memset</name>
         <value>0x62d</value>
         <object_component_ref idref="oc-65"/>
      </symbol>
      <symbol id="sm-219">
         <name>memset</name>
         <value>0x633</value>
         <object_component_ref idref="oc-65"/>
      </symbol>
      <symbol id="sm-21a">
         <name>__aeabi_memset8</name>
         <value>0x62d</value>
         <object_component_ref idref="oc-65"/>
      </symbol>
      <symbol id="sm-21b">
         <name>__aeabi_memset4</name>
         <value>0x62d</value>
         <object_component_ref idref="oc-65"/>
      </symbol>
      <symbol id="sm-21c">
         <name>__aeabi_memclr8</name>
         <value>0x62b</value>
         <object_component_ref idref="oc-65"/>
      </symbol>
      <symbol id="sm-21d">
         <name>__aeabi_memclr4</name>
         <value>0x62b</value>
         <object_component_ref idref="oc-65"/>
      </symbol>
      <symbol id="sm-21e">
         <name>__aeabi_memclr</name>
         <value>0x62b</value>
         <object_component_ref idref="oc-65"/>
      </symbol>
      <symbol id="sm-228">
         <name>_system_pre_init</name>
         <value>0xa2d</value>
         <object_component_ref idref="oc-71"/>
      </symbol>
      <symbol id="sm-230">
         <name>main_func_sp</name>
         <value>0x20000010</value>
         <object_component_ref idref="oc-89"/>
      </symbol>
      <symbol id="sm-23e">
         <name>strcpy</name>
         <value>0x9dd</value>
         <object_component_ref idref="oc-96"/>
      </symbol>
      <symbol id="sm-257">
         <name>_nop</name>
         <value>0x9d7</value>
         <object_component_ref idref="oc-138"/>
      </symbol>
      <symbol id="sm-258">
         <name>_lock</name>
         <value>0x20000000</value>
         <object_component_ref idref="oc-f0"/>
      </symbol>
      <symbol id="sm-259">
         <name>_unlock</name>
         <value>0x20000004</value>
         <object_component_ref idref="oc-f0"/>
      </symbol>
      <symbol id="sm-25a">
         <name>_register_lock</name>
         <value>0x9cf</value>
         <object_component_ref idref="oc-138"/>
      </symbol>
      <symbol id="sm-25b">
         <name>_register_unlock</name>
         <value>0x9c9</value>
         <object_component_ref idref="oc-138"/>
      </symbol>
      <symbol id="sm-270">
         <name>_args_main</name>
         <value>0x9b1</value>
         <object_component_ref idref="oc-7d"/>
      </symbol>
      <symbol id="sm-296">
         <name>__TI_auto_init</name>
         <value>0x6a5</value>
         <object_component_ref idref="oc-77"/>
      </symbol>
      <symbol id="sm-2b0">
         <name>copy_in</name>
         <value>0x875</value>
         <object_component_ref idref="oc-e0"/>
      </symbol>
      <symbol id="sm-2b1">
         <name>__TI_static_base__</name>
         <value>0x0</value>
      </symbol>
      <symbol id="sm-2b4">
         <name>SHT$$INIT_ARRAY$$Limit</name>
         <value>0x0</value>
      </symbol>
      <symbol id="sm-2b5">
         <name>SHT$$INIT_ARRAY$$Base</name>
         <value>0x0</value>
      </symbol>
   </symbol_table>
   <title>Link successful</title>
</link_info>
