******************************************************************************
                  TI ARM Linker Unix v5.2.2                    
******************************************************************************
>> Linked Tue May 12 22:16:45 2015

OUTPUT FILE NAME:   <UltrasonicSensor.out>
ENTRY POINT SYMBOL: "_c_int00"  address: 000013ed


MEMORY CONFIGURATION

         name            origin    length      used     unused   attr    fill
----------------------  --------  ---------  --------  --------  ----  --------
  MAIN                  00000000   00040000  00001664  0003e99c  R  X
  INFO                  00200000   00004000  00000000  00004000  R  X
  SRAM_CODE             01000000   00010000  00000000  00010000  RW X
  SRAM_DATA             20000000   00010000  0000a649  000059b7  RW  


SEGMENT ALLOCATION MAP

run origin  load origin   length   init length attrs members
----------  ----------- ---------- ----------- ----- -------
00000000    00000000    00001668   00001668    r-x
  00000000    00000000    00000144   00000144    r-- .intvecs
  00000144    00000144    000014d0   000014d0    r-x .text
  00001614    00001614    00000010   00000010    r-- .const
  00001628    00001628    00000040   00000040    r-- .cinit
20000000    20000000    0000a449   00000000    rw-
  20000000    20000000    0000a410   00000000    rw- .sysmem
  2000a410    2000a410    00000020   00000000    rw- .data
  2000a430    2000a430    00000019   00000000    rw- .bss
2000fe00    2000fe00    00000200   00000000    rw-
  2000fe00    2000fe00    00000200   00000000    rw- .stack


SECTION ALLOCATION MAP

 output                                  attributes/
section   page    origin      length       input sections
--------  ----  ----------  ----------   ----------------
.intvecs   0    00000000    00000144     
                  00000000    00000144     msp432_startup_ccs.obj (.intvecs)

.text      0    00000144    000014d0     
                  00000144    00000544     i2c.obj (.text)
                  00000688    000003dc     rtsv7M4_T_le_v4SPD16_eabi.lib : memory.obj (.text)
                  00000a64    000001b6                                   : fd_add_t2.obj (.text)
                  00000c1a    00000002     --HOLE-- [fill = 0]
                  00000c1c    00000144     uart.obj (.text)
                  00000d60    00000136     rtsv7M4_T_le_v4SPD16_eabi.lib : fd_div_t2.obj (.text)
                  00000e96    00000002     --HOLE-- [fill = 0]
                  00000e98    000000e8     adc.obj (.text)
                  00000f80    000000d4     main.obj (.text)
                  00001054    0000009c     rtsv7M4_T_le_v4SPD16_eabi.lib : memcpy_t2.obj (.text)
                  000010f0    00000094     gpio.obj (.text)
                  00001184    00000090     timer.obj (.text)
                  00001214    00000086     rtsv7M4_T_le_v4SPD16_eabi.lib : fd_cmp_t2.obj (.text:__aeabi_cdrcmple)
                  0000129a    0000007a                                   : memset_t2.obj (.text)
                  00001314    0000006c                                   : autoinit.obj (.text)
                  00001380    0000006a                                   : copy_decompress_rle.obj (.text)
                  000013ea    00000002     --HOLE-- [fill = 0]
                  000013ec    00000050                                   : boot.obj (.text)
                  0000143c    0000004c                                   : cpy_tbl.obj (.text)
                  00001488    0000004a                                   : fd_tos_t2.obj (.text)
                  000014d2    00000002     --HOLE-- [fill = 0]
                  000014d4    00000044                                   : exit.obj (.text)
                  00001518    00000038                                   : fs_tod_t2.obj (.text)
                  00001550    00000034     clock.obj (.text)
                  00001584    00000020     rtsv7M4_T_le_v4SPD16_eabi.lib : u_tofd_t2.obj (.text)
                  000015a4    00000018                                   : args_main.obj (.text)
                  000015bc    00000014                                   : _lock.obj (.text)
                  000015d0    00000014                                   : strcpy.obj (.text)
                  000015e4    0000000e                                   : copy_decompress_none.obj (.text:decompress:none)
                  000015f2    0000000c                                   : copy_zero_init.obj (.text:decompress:ZI)
                  000015fe    0000000c     msp432_startup_ccs.obj (.text)
                  0000160a    00000006     rtsv7M4_T_le_v4SPD16_eabi.lib : copy_decompress_rle.obj (.text:decompress:rle24)
                  00001610    00000004                                   : pre_init.obj (.text)

.const     0    00001614    00000010     
                  00001614    00000010     i2c.obj (.const)

.cinit     0    00001628    00000040     
                  00001628    00000019     (.cinit..data.load) [load image, compression = rle]
                  00001641    00000003     --HOLE-- [fill = 0]
                  00001644    0000000c     (__TI_handler_table)
                  00001650    00000008     (.cinit..bss.load) [load image, compression = zero_init]
                  00001658    00000010     (__TI_cinit_table)

.sysmem    0    20000000    0000a410     UNINITIALIZED
                  20000000    00000008     rtsv7M4_T_le_v4SPD16_eabi.lib : memory.obj (.sysmem)
                  20000008    0000a408     --HOLE--

.data      0    2000a410    00000020     UNINITIALIZED
                  2000a410    0000000c     rtsv7M4_T_le_v4SPD16_eabi.lib : memory.obj (.data)
                  2000a41c    00000008                                   : _lock.obj (.data)
                  2000a424    00000008                                   : exit.obj (.data)
                  2000a42c    00000004                                   : stkdepth_vars.obj (.data)

.TI.persistent 
*          0    2000a410    00000000     UNINITIALIZED

.bss       0    2000a430    00000019     UNINITIALIZED
                  2000a430    00000008     (.common:str)
                  2000a438    00000004     (.common:TXData)
                  2000a43c    00000004     (.common:data)
                  2000a440    00000004     (.common:temp)
                  2000a444    00000002     (.common:Ncyc)
                  2000a446    00000002     (.common:ctr)
                  2000a448    00000001     (.common:TXByteCtr)

.TI.noinit 
*          0    2000a430    00000000     UNINITIALIZED

.stack     0    2000fe00    00000200     UNINITIALIZED
                  2000fe00    00000200     --HOLE--


LINKER GENERATED COPY TABLES

__TI_cinit_table @ 00001658 records: 2, size/record: 8, table size: 16
	.data: load addr=00001628, load size=00000019 bytes, run addr=2000a410, run size=00000020 bytes, compression=rle
	.bss: load addr=00001650, load size=00000008 bytes, run addr=2000a430, run size=00000019 bytes, compression=zero_init


LINKER GENERATED HANDLER TABLE

__TI_handler_table @ 00001644 records: 3, size/record: 4, table size: 12
	index: 0, handler: __TI_decompress_rle24
	index: 1, handler: __TI_decompress_none
	index: 2, handler: __TI_zero_init


GLOBAL SYMBOLS: SORTED ALPHABETICALLY BY Name 

address   name                    
-------   ----                    
00000f03  ADC14ISRHandler         
000014d5  C$$EXIT                 
2000a444  Ncyc                    
00001618  R                       
00001619  R1                      
0000161a  R2                      
0000161b  R3                      
UNDEFED   SHT$$INIT_ARRAY$$Base   
UNDEFED   SHT$$INIT_ARRAY$$Limit  
2000a448  TXByteCtr               
2000a438  TXData                  
000011bd  TimerA0_0IsrHandler     
00001614  VDD                     
4000480c  WDTCTL_SYM              
20010000  __STACK_END             
00000200  __STACK_SIZE            
0000a410  __SYSMEM_SIZE           
00001658  __TI_CINIT_Base         
00001668  __TI_CINIT_Limit        
00001644  __TI_Handler_Table_Base 
00001650  __TI_Handler_Table_Limit
00001315  __TI_auto_init          
2000a424  __TI_cleanup_ptr        
000015e5  __TI_decompress_none    
0000160b  __TI_decompress_rle24   
2000a428  __TI_dtors_ptr          
00000000  __TI_static_base__      
000015f3  __TI_zero_init          
00001215  __aeabi_cdrcmple        
00001489  __aeabi_d2f             
00000a6f  __aeabi_dadd            
00000d61  __aeabi_ddiv            
00000a65  __aeabi_dsub            
00001519  __aeabi_f2d             
0000129b  __aeabi_memclr          
0000129b  __aeabi_memclr4         
0000129b  __aeabi_memclr8         
00001055  __aeabi_memcpy          
00001055  __aeabi_memcpy4         
00001055  __aeabi_memcpy8         
0000129d  __aeabi_memset          
0000129d  __aeabi_memset4         
0000129d  __aeabi_memset8         
00001585  __aeabi_ui2d            
ffffffff  __binit__               
ffffffff  __c_args__              
2000fe00  __stack                 
000015a5  _args_main              
000013ed  _c_int00                
2000a41c  _lock                   
000015cb  _nop                    
000015c3  _register_lock          
000015bd  _register_unlock        
20000000  _sys_memory             
00001611  _system_pre_init        
2000a420  _unlock                 
000014d9  abort                   
ffffffff  binit                   
00001621  boostReg                
00001622  buckReg                 
00000a31  calloc                  
0000161f  clmpReg                 
00001620  cntlReg                 
0000143d  copy_in                 
2000a446  ctr                     
2000a43c  data                    
00000d0f  eUSCIA0IsrHandler       
000005bd  eUSCIB1IsrHandler       
000014e1  exit                    
0000077f  free                    
00000e99  initADC                 
00001551  initClock               
000010f1  initGPIO                
00000145  initI2C                 
00001185  initTimer               
00000c1d  initUART                
00000ca9  intToStr                
00000000  interruptVectors        
00001623  ldoReg                  
00000f85  main                    
2000a42c  main_func_sp            
00000717  malloc                  
0000094d  memalign                
00001055  memcpy                  
000012a3  memset                  
00000689  minit                   
0000161d  pot12Addr               
0000161e  pot4Addr                
0000161c  potVGAAddr              
00000841  realloc                 
00000edb  recordData              
00000c71  sendChar                
00000c8d  sendStr                 
000002fb  setBoost                
000003e5  setBuck                 
0000018b  setClmp                 
00000243  setCntl                 
000004e5  setLDO                  
2000a430  str                     
000015d1  strcpy                  
2000a440  temp                    
00001139  ultraTX                 


GLOBAL SYMBOLS: SORTED BY Symbol Address 

address   name                    
-------   ----                    
00000000  __TI_static_base__      
00000000  interruptVectors        
00000145  initI2C                 
0000018b  setClmp                 
00000200  __STACK_SIZE            
00000243  setCntl                 
000002fb  setBoost                
000003e5  setBuck                 
000004e5  setLDO                  
000005bd  eUSCIB1IsrHandler       
00000689  minit                   
00000717  malloc                  
0000077f  free                    
00000841  realloc                 
0000094d  memalign                
00000a31  calloc                  
00000a65  __aeabi_dsub            
00000a6f  __aeabi_dadd            
00000c1d  initUART                
00000c71  sendChar                
00000c8d  sendStr                 
00000ca9  intToStr                
00000d0f  eUSCIA0IsrHandler       
00000d61  __aeabi_ddiv            
00000e99  initADC                 
00000edb  recordData              
00000f03  ADC14ISRHandler         
00000f85  main                    
00001055  __aeabi_memcpy          
00001055  __aeabi_memcpy4         
00001055  __aeabi_memcpy8         
00001055  memcpy                  
000010f1  initGPIO                
00001139  ultraTX                 
00001185  initTimer               
000011bd  TimerA0_0IsrHandler     
00001215  __aeabi_cdrcmple        
0000129b  __aeabi_memclr          
0000129b  __aeabi_memclr4         
0000129b  __aeabi_memclr8         
0000129d  __aeabi_memset          
0000129d  __aeabi_memset4         
0000129d  __aeabi_memset8         
000012a3  memset                  
00001315  __TI_auto_init          
000013ed  _c_int00                
0000143d  copy_in                 
00001489  __aeabi_d2f             
000014d5  C$$EXIT                 
000014d9  abort                   
000014e1  exit                    
00001519  __aeabi_f2d             
00001551  initClock               
00001585  __aeabi_ui2d            
000015a5  _args_main              
000015bd  _register_unlock        
000015c3  _register_lock          
000015cb  _nop                    
000015d1  strcpy                  
000015e5  __TI_decompress_none    
000015f3  __TI_zero_init          
0000160b  __TI_decompress_rle24   
00001611  _system_pre_init        
00001614  VDD                     
00001618  R                       
00001619  R1                      
0000161a  R2                      
0000161b  R3                      
0000161c  potVGAAddr              
0000161d  pot12Addr               
0000161e  pot4Addr                
0000161f  clmpReg                 
00001620  cntlReg                 
00001621  boostReg                
00001622  buckReg                 
00001623  ldoReg                  
00001644  __TI_Handler_Table_Base 
00001650  __TI_Handler_Table_Limit
00001658  __TI_CINIT_Base         
00001668  __TI_CINIT_Limit        
0000a410  __SYSMEM_SIZE           
20000000  _sys_memory             
2000a41c  _lock                   
2000a420  _unlock                 
2000a424  __TI_cleanup_ptr        
2000a428  __TI_dtors_ptr          
2000a42c  main_func_sp            
2000a430  str                     
2000a438  TXData                  
2000a43c  data                    
2000a440  temp                    
2000a444  Ncyc                    
2000a446  ctr                     
2000a448  TXByteCtr               
2000fe00  __stack                 
20010000  __STACK_END             
4000480c  WDTCTL_SYM              
ffffffff  __binit__               
ffffffff  __c_args__              
ffffffff  binit                   
UNDEFED   SHT$$INIT_ARRAY$$Base   
UNDEFED   SHT$$INIT_ARRAY$$Limit  

[102 symbols]
