******************************************************************************
                  TI ARM Linker Unix v5.2.2                    
******************************************************************************
>> Linked Sun May 17 20:07:39 2015

OUTPUT FILE NAME:   <UltrasonicSensor.out>
ENTRY POINT SYMBOL: "_c_int00"  address: 00001151


MEMORY CONFIGURATION

         name            origin    length      used     unused   attr    fill
----------------------  --------  ---------  --------  --------  ----  --------
  MAIN                  00000000   00040000  000013ec  0003ec14  R  X
  INFO                  00200000   00004000  00000000  00004000  R  X
  SRAM_CODE             01000000   00010000  00000000  00010000  RW X
  SRAM_DATA             20000000   00010000  00000247  0000fdb9  RW  


SEGMENT ALLOCATION MAP

run origin  load origin   length   init length attrs members
----------  ----------- ---------- ----------- ----- -------
00000000    00000000    000013f0   000013f0    r-x
  00000000    00000000    00000144   00000144    r-- .intvecs
  00000144    00000144    00001260   00001260    r-x .text
  000013a4    000013a4    00000010   00000010    r-- .const
  000013b8    000013b8    00000038   00000038    r-- .cinit
20000000    20000000    00000048   00000000    rw-
  20000000    20000000    00000033   00000000    rw- .bss
  20000034    20000034    00000014   00000000    rw- .data
2000fe00    2000fe00    00000200   00000000    rw-
  2000fe00    2000fe00    00000200   00000000    rw- .stack


SECTION ALLOCATION MAP

 output                                  attributes/
section   page    origin      length       input sections
--------  ----  ----------  ----------   ----------------
.intvecs   0    00000000    00000144     
                  00000000    00000144     msp432_startup_ccs.obj (.intvecs)

.text      0    00000144    00001260     
                  00000144    00000600     i2c.obj (.text)
                  00000744    000001b6     rtsv7M4_T_le_v4SPD16_eabi.lib : fd_add_t2.obj (.text)
                  000008fa    00000002     --HOLE-- [fill = 0]
                  000008fc    00000198     uart.obj (.text)
                  00000a94    00000136     rtsv7M4_T_le_v4SPD16_eabi.lib : fd_div_t2.obj (.text)
                  00000bca    00000002     --HOLE-- [fill = 0]
                  00000bcc    00000108     adc.obj (.text)
                  00000cd4    000000f0     gpio.obj (.text)
                  00000dc4    000000c4     timer.obj (.text)
                  00000e88    0000009c     rtsv7M4_T_le_v4SPD16_eabi.lib : memcpy_t2.obj (.text)
                  00000f24    00000086                                   : fd_cmp_t2.obj (.text:__aeabi_cdrcmple)
                  00000faa    0000007a                                   : memset_t2.obj (.text)
                  00001024    0000006c                                   : autoinit.obj (.text)
                  00001090    0000006a                                   : copy_decompress_rle.obj (.text)
                  000010fa    00000002     --HOLE-- [fill = 0]
                  000010fc    00000054     main.obj (.text)
                  00001150    00000050     rtsv7M4_T_le_v4SPD16_eabi.lib : boot.obj (.text)
                  000011a0    0000004c                                   : cpy_tbl.obj (.text)
                  000011ec    0000004a                                   : fd_tos_t2.obj (.text)
                  00001236    00000002     --HOLE-- [fill = 0]
                  00001238    00000044                                   : exit.obj (.text)
                  0000127c    00000038                                   : fs_tod_t2.obj (.text)
                  000012b4    00000034     clock.obj (.text)
                  000012e8    0000002a     essential.obj (.text)
                  00001312    00000020     rtsv7M4_T_le_v4SPD16_eabi.lib : u_tofd_t2.obj (.text)
                  00001332    00000002     --HOLE-- [fill = 0]
                  00001334    00000018                                   : args_main.obj (.text)
                  0000134c    00000014                                   : _lock.obj (.text)
                  00001360    00000014                                   : strcpy.obj (.text)
                  00001374    0000000e                                   : copy_decompress_none.obj (.text:decompress:none)
                  00001382    0000000c                                   : copy_zero_init.obj (.text:decompress:ZI)
                  0000138e    0000000c     msp432_startup_ccs.obj (.text)
                  0000139a    00000006     rtsv7M4_T_le_v4SPD16_eabi.lib : copy_decompress_rle.obj (.text:decompress:rle24)
                  000013a0    00000004                                   : pre_init.obj (.text)

.const     0    000013a4    00000010     
                  000013a4    00000010     i2c.obj (.const)

.cinit     0    000013b8    00000038     
                  000013b8    0000000f     (.cinit..data.load) [load image, compression = rle]
                  000013c7    00000001     --HOLE-- [fill = 0]
                  000013c8    0000000c     (__TI_handler_table)
                  000013d4    00000004     --HOLE-- [fill = 0]
                  000013d8    00000008     (.cinit..bss.load) [load image, compression = zero_init]
                  000013e0    00000010     (__TI_cinit_table)

.bss       0    20000000    00000033     UNINITIALIZED
                  20000000    00000014     (.common:cmd)
                  20000014    0000000c     (.common:str)
                  20000020    00000004     (.common:TXData)
                  20000024    00000004     (.common:data)
                  20000028    00000004     (.common:temp)
                  2000002c    00000002     (.common:Ncyc)
                  2000002e    00000002     (.common:ctr)
                  20000030    00000001     (.common:TXByteCtr)
                  20000031    00000001     (.common:cmdPtr)
                  20000032    00000001     (.common:txr)

.data      0    20000034    00000014     UNINITIALIZED
                  20000034    00000008     rtsv7M4_T_le_v4SPD16_eabi.lib : _lock.obj (.data)
                  2000003c    00000008                                   : exit.obj (.data)
                  20000044    00000004                                   : stkdepth_vars.obj (.data)

.TI.noinit 
*          0    20000000    00000000     UNINITIALIZED

.TI.persistent 
*          0    20000034    00000000     UNINITIALIZED

.stack     0    2000fe00    00000200     UNINITIALIZED
                  2000fe00    00000200     --HOLE--


LINKER GENERATED COPY TABLES

__TI_cinit_table @ 000013e0 records: 2, size/record: 8, table size: 16
	.data: load addr=000013b8, load size=0000000f bytes, run addr=20000034, run size=00000014 bytes, compression=rle
	.bss: load addr=000013d8, load size=00000008 bytes, run addr=20000000, run size=00000033 bytes, compression=zero_init


LINKER GENERATED HANDLER TABLE

__TI_handler_table @ 000013c8 records: 3, size/record: 4, table size: 12
	index: 0, handler: __TI_decompress_rle24
	index: 1, handler: __TI_decompress_none
	index: 2, handler: __TI_zero_init


GLOBAL SYMBOLS: SORTED ALPHABETICALLY BY Name 

address   name                    
-------   ----                    
00000c43  ADC14ISRHandler         
00001239  C$$EXIT                 
2000002c  Ncyc                    
000013a8  R                       
000013a9  R1                      
000013aa  R2                      
000013ab  R3                      
UNDEFED   SHT$$INIT_ARRAY$$Base   
UNDEFED   SHT$$INIT_ARRAY$$Limit  
20000030  TXByteCtr               
20000020  TXData                  
00000dfb  TimerA0_0IsrHandler     
000013a4  VDD                     
4000480c  WDTCTL_SYM              
20010000  __STACK_END             
00000200  __STACK_SIZE            
000013e0  __TI_CINIT_Base         
000013f0  __TI_CINIT_Limit        
000013c8  __TI_Handler_Table_Base 
000013d4  __TI_Handler_Table_Limit
00001025  __TI_auto_init          
2000003c  __TI_cleanup_ptr        
00001375  __TI_decompress_none    
0000139b  __TI_decompress_rle24   
20000040  __TI_dtors_ptr          
00000000  __TI_static_base__      
00001383  __TI_zero_init          
00000f25  __aeabi_cdrcmple        
000011ed  __aeabi_d2f             
0000074f  __aeabi_dadd            
00000a95  __aeabi_ddiv            
00000745  __aeabi_dsub            
0000127d  __aeabi_f2d             
00000fab  __aeabi_memclr          
00000fab  __aeabi_memclr4         
00000fab  __aeabi_memclr8         
00000e89  __aeabi_memcpy          
00000e89  __aeabi_memcpy4         
00000e89  __aeabi_memcpy8         
00000fad  __aeabi_memset          
00000fad  __aeabi_memset4         
00000fad  __aeabi_memset8         
00001313  __aeabi_ui2d            
ffffffff  __binit__               
ffffffff  __c_args__              
2000fe00  __stack                 
00001335  _args_main              
00001151  _c_int00                
20000034  _lock                   
0000135b  _nop                    
00001353  _register_lock          
0000134d  _register_unlock        
000013a1  _system_pre_init        
20000038  _unlock                 
0000123d  abort                   
ffffffff  binit                   
000013b1  boostReg                
000013b2  buckReg                 
000013af  clmpReg                 
20000000  cmd                     
20000031  cmdPtr                  
000013b0  cntlReg                 
000011a1  copy_in                 
2000002e  ctr                     
20000024  data                    
000012e9  delayMillis             
00000a0b  eUSCIA0IsrHandler       
00000655  eUSCIB1IsrHandler       
000009f1  executeCmd              
00001245  exit                    
00000bcd  initADC                 
000012b5  initClock               
00000cd5  initGPIO                
00000145  initI2C                 
00000dc5  initTimer               
000008fd  initUART                
0000099b  intToStr                
00000000  interruptVectors        
000013b3  ldoReg                  
00001101  main                    
20000044  main_func_sp            
00000e89  memcpy                  
00000fb3  memset                  
000013ad  pot12Addr               
000013ae  pot4Addr                
000013ac  potVGAAddr              
00000c13  recordData              
00000963  sendChar                
0000097f  sendStr                 
0000030b  setBoost                
00000435  setBuck                 
0000018f  setClmp                 
0000024d  setCntl                 
00000559  setLDO                  
20000014  str                     
00001361  strcpy                  
20000028  temp                    
20000032  txr                     
00000d3b  ultraTX                 
00000d6b  waitTX                  


GLOBAL SYMBOLS: SORTED BY Symbol Address 

address   name                    
-------   ----                    
00000000  __TI_static_base__      
00000000  interruptVectors        
00000145  initI2C                 
0000018f  setClmp                 
00000200  __STACK_SIZE            
0000024d  setCntl                 
0000030b  setBoost                
00000435  setBuck                 
00000559  setLDO                  
00000655  eUSCIB1IsrHandler       
00000745  __aeabi_dsub            
0000074f  __aeabi_dadd            
000008fd  initUART                
00000963  sendChar                
0000097f  sendStr                 
0000099b  intToStr                
000009f1  executeCmd              
00000a0b  eUSCIA0IsrHandler       
00000a95  __aeabi_ddiv            
00000bcd  initADC                 
00000c13  recordData              
00000c43  ADC14ISRHandler         
00000cd5  initGPIO                
00000d3b  ultraTX                 
00000d6b  waitTX                  
00000dc5  initTimer               
00000dfb  TimerA0_0IsrHandler     
00000e89  __aeabi_memcpy          
00000e89  __aeabi_memcpy4         
00000e89  __aeabi_memcpy8         
00000e89  memcpy                  
00000f25  __aeabi_cdrcmple        
00000fab  __aeabi_memclr          
00000fab  __aeabi_memclr4         
00000fab  __aeabi_memclr8         
00000fad  __aeabi_memset          
00000fad  __aeabi_memset4         
00000fad  __aeabi_memset8         
00000fb3  memset                  
00001025  __TI_auto_init          
00001101  main                    
00001151  _c_int00                
000011a1  copy_in                 
000011ed  __aeabi_d2f             
00001239  C$$EXIT                 
0000123d  abort                   
00001245  exit                    
0000127d  __aeabi_f2d             
000012b5  initClock               
000012e9  delayMillis             
00001313  __aeabi_ui2d            
00001335  _args_main              
0000134d  _register_unlock        
00001353  _register_lock          
0000135b  _nop                    
00001361  strcpy                  
00001375  __TI_decompress_none    
00001383  __TI_zero_init          
0000139b  __TI_decompress_rle24   
000013a1  _system_pre_init        
000013a4  VDD                     
000013a8  R                       
000013a9  R1                      
000013aa  R2                      
000013ab  R3                      
000013ac  potVGAAddr              
000013ad  pot12Addr               
000013ae  pot4Addr                
000013af  clmpReg                 
000013b0  cntlReg                 
000013b1  boostReg                
000013b2  buckReg                 
000013b3  ldoReg                  
000013c8  __TI_Handler_Table_Base 
000013d4  __TI_Handler_Table_Limit
000013e0  __TI_CINIT_Base         
000013f0  __TI_CINIT_Limit        
20000000  cmd                     
20000014  str                     
20000020  TXData                  
20000024  data                    
20000028  temp                    
2000002c  Ncyc                    
2000002e  ctr                     
20000030  TXByteCtr               
20000031  cmdPtr                  
20000032  txr                     
20000034  _lock                   
20000038  _unlock                 
2000003c  __TI_cleanup_ptr        
20000040  __TI_dtors_ptr          
20000044  main_func_sp            
2000fe00  __stack                 
20010000  __STACK_END             
4000480c  WDTCTL_SYM              
ffffffff  __binit__               
ffffffff  __c_args__              
ffffffff  binit                   
UNDEFED   SHT$$INIT_ARRAY$$Base   
UNDEFED   SHT$$INIT_ARRAY$$Limit  

[100 symbols]
