******************************************************************************
                  TI ARM Linker Unix v5.2.2                    
******************************************************************************
>> Linked Wed Apr 22 16:35:30 2015

OUTPUT FILE NAME:   <UltrasonicSensor.out>
ENTRY POINT SYMBOL: "_c_int00"  address: 00000435


MEMORY CONFIGURATION

         name            origin    length      used     unused   attr    fill
----------------------  --------  ---------  --------  --------  ----  --------
  MAIN                  00000000   00040000  00000594  0003fa6c  R  X
  INFO                  00200000   00004000  00000000  00004000  R  X
  SRAM_CODE             01000000   00010000  00000000  00010000  RW X
  SRAM_DATA             20000000   00010000  00000214  0000fdec  RW  


SEGMENT ALLOCATION MAP

run origin  load origin   length   init length attrs members
----------  ----------- ---------- ----------- ----- -------
00000000    00000000    00000598   00000598    r-x
  00000000    00000000    00000144   00000144    r-- .intvecs
  00000144    00000144    00000430   00000430    r-x .text
  00000578    00000578    00000020   00000020    r-- .cinit
20000000    20000000    00000014   00000000    rw-
  20000000    20000000    00000014   00000000    rw- .data
2000fe00    2000fe00    00000200   00000000    rw-
  2000fe00    2000fe00    00000200   00000000    rw- .stack


SECTION ALLOCATION MAP

 output                                  attributes/
section   page    origin      length       input sections
--------  ----  ----------  ----------   ----------------
.intvecs   0    00000000    00000144     
                  00000000    00000144     msp432_startup_ccs.obj (.intvecs)

.text      0    00000144    00000430     
                  00000144    000000a0     adc.obj (.text)
                  000001e4    0000009c     rtsv7M4_T_le_v4SPD16_eabi.lib : memcpy_t2.obj (.text)
                  00000280    0000007a                                   : memset_t2.obj (.text)
                  000002fa    00000002     --HOLE-- [fill = 0]
                  000002fc    0000006c                                   : autoinit.obj (.text)
                  00000368    0000006a                                   : copy_decompress_rle.obj (.text)
                  000003d2    00000002     --HOLE-- [fill = 0]
                  000003d4    00000060     main.obj (.text)
                  00000434    00000050     rtsv7M4_T_le_v4SPD16_eabi.lib : boot.obj (.text)
                  00000484    0000004c                                   : cpy_tbl.obj (.text)
                  000004d0    00000044                                   : exit.obj (.text)
                  00000514    00000018                                   : args_main.obj (.text)
                  0000052c    00000014                                   : _lock.obj (.text)
                  00000540    00000010     adc.obj (.text:startConversion)
                  00000550    0000000e     rtsv7M4_T_le_v4SPD16_eabi.lib : copy_decompress_none.obj (.text:decompress:none)
                  0000055e    0000000c     msp432_startup_ccs.obj (.text)
                  0000056a    00000006     rtsv7M4_T_le_v4SPD16_eabi.lib : copy_decompress_rle.obj (.text:decompress:rle24)
                  00000570    00000004                                   : pre_init.obj (.text)

.cinit     0    00000578    00000020     
                  00000578    0000000f     (.cinit..data.load) [load image, compression = rle]
                  00000587    00000001     --HOLE-- [fill = 0]
                  00000588    00000008     (__TI_handler_table)
                  00000590    00000008     (__TI_cinit_table)

.data      0    20000000    00000014     UNINITIALIZED
                  20000000    00000008     rtsv7M4_T_le_v4SPD16_eabi.lib : _lock.obj (.data)
                  20000008    00000008                                   : exit.obj (.data)
                  20000010    00000004                                   : stkdepth_vars.obj (.data)

.stack     0    2000fe00    00000200     UNINITIALIZED
                  2000fe00    00000200     --HOLE--

.TI.persistent 
*          0    20000000    00000000     UNINITIALIZED


LINKER GENERATED COPY TABLES

__TI_cinit_table @ 00000590 records: 1, size/record: 8, table size: 8
	.data: load addr=00000578, load size=0000000f bytes, run addr=20000000, run size=00000014 bytes, compression=rle


LINKER GENERATED HANDLER TABLE

__TI_handler_table @ 00000588 records: 2, size/record: 4, table size: 8
	index: 0, handler: __TI_decompress_rle24
	index: 1, handler: __TI_decompress_none


GLOBAL SYMBOLS: SORTED ALPHABETICALLY BY Name 

address   name                    
-------   ----                    
00000197  ADC14ISRHandler         
000004d1  C$$EXIT                 
UNDEFED   SHT$$INIT_ARRAY$$Base   
UNDEFED   SHT$$INIT_ARRAY$$Limit  
4000480c  WDTCTL_SYM              
20010000  __STACK_END             
00000200  __STACK_SIZE            
00000590  __TI_CINIT_Base         
00000598  __TI_CINIT_Limit        
00000588  __TI_Handler_Table_Base 
00000590  __TI_Handler_Table_Limit
000002fd  __TI_auto_init          
20000008  __TI_cleanup_ptr        
00000551  __TI_decompress_none    
0000056b  __TI_decompress_rle24   
2000000c  __TI_dtors_ptr          
00000000  __TI_static_base__      
00000281  __aeabi_memclr          
00000281  __aeabi_memclr4         
00000281  __aeabi_memclr8         
000001e5  __aeabi_memcpy          
000001e5  __aeabi_memcpy4         
000001e5  __aeabi_memcpy8         
00000283  __aeabi_memset          
00000283  __aeabi_memset4         
00000283  __aeabi_memset8         
ffffffff  __binit__               
ffffffff  __c_args__              
2000fe00  __stack                 
00000515  _args_main              
00000435  _c_int00                
20000000  _lock                   
0000053b  _nop                    
00000533  _register_lock          
0000052d  _register_unlock        
00000571  _system_pre_init        
20000004  _unlock                 
000004d5  abort                   
ffffffff  binit                   
00000485  copy_in                 
000004dd  exit                    
00000145  initADC                 
00000000  interruptVectors        
000003d9  main                    
20000010  main_func_sp            
000001e5  memcpy                  
00000289  memset                  
00000541  startConversion         


GLOBAL SYMBOLS: SORTED BY Symbol Address 

address   name                    
-------   ----                    
00000000  __TI_static_base__      
00000000  interruptVectors        
00000145  initADC                 
00000197  ADC14ISRHandler         
000001e5  __aeabi_memcpy          
000001e5  __aeabi_memcpy4         
000001e5  __aeabi_memcpy8         
000001e5  memcpy                  
00000200  __STACK_SIZE            
00000281  __aeabi_memclr          
00000281  __aeabi_memclr4         
00000281  __aeabi_memclr8         
00000283  __aeabi_memset          
00000283  __aeabi_memset4         
00000283  __aeabi_memset8         
00000289  memset                  
000002fd  __TI_auto_init          
000003d9  main                    
00000435  _c_int00                
00000485  copy_in                 
000004d1  C$$EXIT                 
000004d5  abort                   
000004dd  exit                    
00000515  _args_main              
0000052d  _register_unlock        
00000533  _register_lock          
0000053b  _nop                    
00000541  startConversion         
00000551  __TI_decompress_none    
0000056b  __TI_decompress_rle24   
00000571  _system_pre_init        
00000588  __TI_Handler_Table_Base 
00000590  __TI_CINIT_Base         
00000590  __TI_Handler_Table_Limit
00000598  __TI_CINIT_Limit        
20000000  _lock                   
20000004  _unlock                 
20000008  __TI_cleanup_ptr        
2000000c  __TI_dtors_ptr          
20000010  main_func_sp            
2000fe00  __stack                 
20010000  __STACK_END             
4000480c  WDTCTL_SYM              
ffffffff  __binit__               
ffffffff  __c_args__              
ffffffff  binit                   
UNDEFED   SHT$$INIT_ARRAY$$Base   
UNDEFED   SHT$$INIT_ARRAY$$Limit  

[48 symbols]
